/home/yininghong/miniconda3/envs/behavior/lib/python3.10/site-packages/torch/backends/__init__.py:46: UserWarning: Please use the new API settings to control TF32 behavior, such as torch.backends.cudnn.conv.fp32_precision = 'tf32' or torch.backends.cuda.matmul.fp32_precision = 'ieee'. Old settings, e.g, torch.backends.cuda.matmul.allow_tf32 = True, torch.backends.cudnn.allow_tf32 = True, allowTF32CuDNN() and allowTF32CuBLAS() will be deprecated after Pytorch 2.9. Please see https://pytorch.org/docs/main/notes/cuda.html#tensorfloat-32-tf32-on-ampere-and-later-devices (Triggered internally at /pytorch/aten/src/ATen/Context.cpp:80.)
  self.setter(val)
[0m[00:00:03.853] [INFO] [omnigibson.simulator] ----- Starting OmniGibson. This will take 10-30 seconds... -----[0m
[0m[00:00:03.854] [INFO] [omnigibson.simulator] Texture cache folder found, removing...[0m
[32m[00:00:04.165] [DEBUG] [asyncio] Using selector: EpollSelector[0m
[Info] [carb] Logging to file: /home/yininghong/miniconda3/envs/behavior/lib/python3.10/site-packages/omni/logs/Kit/OmniGibson/3.7/kit_20260514_063614.log
2026-05-14 13:36:14 [0ms] [Warning] [omni.kit.app.plugin] No crash reporter present, dumps uploading isn't available.
[0.059s] [ext: omni.kit.async_engine-0.0.1] startup
[0.249s] [ext: omni.metrics.core-0.0.1] startup
[0.250s] [ext: omni.client.lib-1.0.0] startup
[0.272s] [ext: omni.blobkey-1.1.2] startup
[0.272s] [ext: omni.stats-1.0.1] startup
[0.273s] [ext: omni.datastore-0.0.0] startup
[0.278s] [ext: omni.client-1.2.2] startup
[0.283s] [ext: omni.ujitso.default-1.0.0] startup
[0.284s] [ext: omni.hsscclient-1.1.1] startup
2026-05-14 13:36:14 [274ms] [Warning] [omni.datastore] OmniHub is inaccessible
[0.479s] [ext: omni.gpu_foundation.shadercache.vulkan-1.0.0] startup
[0.481s] [ext: omni.assets.plugins-0.0.0] startup
[0.483s] [ext: omni.gpu_foundation-0.0.0] startup
[0.490s] [ext: carb.windowing.plugins-1.0.0] startup
[0.497s] [ext: omni.kit.renderer.init-0.0.0] startup

|---------------------------------------------------------------------------------------------|
| Driver Version: 580.126.09    | Graphics API: Vulkan
|=============================================================================================|
| GPU | Name                             | Active | LDA | GPU Memory | Vendor-ID | LUID       |
|     |                                  |        |     |            | Device-ID | UUID       |
|     |                                  |        |     |            | Bus-ID    |            |
|---------------------------------------------------------------------------------------------|
| 0   | NVIDIA GeForce RTX 3080 Ti       | Yes: 0 |     | 12534   MB | 10de      | 0          |
|     |                                  |        |     |            | 2208      | 96736115.. |
|     |                                  |        |     |            | 2a        |            |
|=============================================================================================|
| OS: 24.04.3 LTS (Noble Numbat) ubuntu, Version: 24.04.3, Kernel: 6.17.0-23-generic
| XServer Vendor: The X.Org Foundation, XServer Version: 12101011 (1.21.1.11)
| Processor: AMD Ryzen 5 5600X3D 6-Core Processor
| Cores: 6 | Logical Cores: 12
|---------------------------------------------------------------------------------------------|
| Total Memory (MB): 15914 | Free Memory: 11135
| Total Page/Swap (MB): 4095 | Free Page/Swap: 2112
|---------------------------------------------------------------------------------------------|
[1.525s] [ext: omni.kit.pipapi-0.0.0] startup
[1.526s] [ext: omni.kit.pip_archive-0.0.0] startup
[1.527s] [ext: omni.kit.telemetry-0.5.1] startup
[1.567s] [ext: omni.materialx.libs-1.0.6] startup
[1.576s] [ext: omni.services.pip_archive-0.13.6] startup
[1.577s] [ext: omni.kit.loop-isaac-1.2.1] startup
[1.578s] [ext: omni.kit.test-1.1.2] startup
[1.607s] [ext: omni.usd.config-1.0.5] startup
[1.610s] [ext: omni.gpucompute.plugins-0.0.0] startup
[1.611s] [ext: omni.usd.libs-1.0.1] startup
[1.722s] [ext: omni.mdl-55.0.1] startup
[1.746s] [ext: omni.iray.libs-0.0.0] startup
[1.751s] [ext: omni.mdl.neuraylib-0.2.10] startup
[1.753s] [ext: omni.kit.usd.mdl-1.0.7] startup
[1.842s] [ext: omni.appwindow-1.1.9] startup
[2.509s] [ext: omni.kit.renderer.core-1.0.2] startup
[3.717s] [ext: omni.kit.renderer.capture-0.0.0] startup
[3.720s] [ext: omni.kit.renderer.imgui-1.0.2] startup
[3.787s] [ext: omni.ui-2.26.5] startup
[3.797s] [ext: omni.kit.mainwindow-1.0.3] startup
[3.798s] [ext: carb.audio-0.1.0] startup
[3.806s] [ext: omni.uiaudio-1.0.0] startup
[3.807s] [ext: omni.kit.uiapp-0.0.0] startup
[3.807s] [ext: omni.usd.schema.metrics.assembler-106.5.0] startup
[3.819s] [ext: omni.usd.schema.physx-106.5.7] startup
[3.850s] [ext: omni.usd.schema.audio-0.0.0] startup
[3.853s] [ext: omni.usd.schema.geospatial-0.0.0] startup
[3.857s] [ext: omni.usd.schema.semantics-0.0.0] startup
[3.860s] [ext: omni.usd.schema.forcefield-106.5.7] startup
[3.868s] [ext: omni.usd.schema.omnigraph-1.0.0] startup
[3.87[32m[00:00:08.005] [DEBUG] [AutoNode] Defining data type 'any' as 'Any'[0m
[32m[00:00:08.005] [DEBUG] [AutoNode] Defining data type 'bool' as 'Bool' and array 'BoolArray[0m
[32m[00:00:08.005] [DEBUG] [AutoNode] Defining data type 'bundle' as 'Bundle'[0m
[32m[00:00:08.005] [DEBUG] [AutoNode] Defining data type 'colord[3]' as 'Color3d' and array 'Color3dArray[0m
[32m[00:00:08.005] [DEBUG] [AutoNode] Defining data type 'colorf[3]' as 'Color3f' and array 'Color3fArray[0m
[32m[00:00:08.005] [DEBUG] [AutoNode] Defining data type 'colorh[3]' as 'Color3h' and array 'Color3hArray[0m
[32m[00:00:08.005] [DEBUG] [AutoNode] Defining data type 'colord[4]' as 'Color4d' and array 'Color4dArray[0m
[32m[00:00:08.005] [DEBUG] [AutoNode] Defining data type 'colorf[4]' as 'Color4f' and array 'Color4fArray[0m
[32m[00:00:08.005] [DEBUG] [AutoNode] Defining data type 'colorh[4]' as 'Color4h' and array 'Color4hArray[0m
[32m[00:00:08.005] [DEBUG] [AutoNode] Defining data type 'double' as 'Double' and array 'DoubleArray[0m
[32m[00:00:08.005] [DEBUG] [AutoNode] Defining data type 'double[2]' as 'Double2' and array 'Double2Array[0m
[32m[00:00:08.005] [DEBUG] [AutoNode] Defining data type 'double[3]' as 'Double3' and array 'Double3Array[0m
[32m[00:00:08.005] [DEBUG] [AutoNode] Defining data type 'double[4]' as 'Double4' and array 'Double4Array[0m
[32m[00:00:08.005] [DEBUG] [AutoNode] Defining data type 'execution' as 'Execution'[0m
[32m[00:00:08.005] [DEBUG] [AutoNode] Defining data type 'float' as 'Float' and array 'FloatArray[0m
[32m[00:00:08.005] [DEBUG] [AutoNode] Defining data type 'float[2]' as 'Float2' and array 'Float2Array[0m
[32m[00:00:08.005] [DEBUG] [AutoNode] Defining data type 'float[3]' as 'Float3' and array 'Float3Array[0m
[32m[00:00:08.005] [DEBUG] [AutoNode] Defining data type 'float[4]' as 'Float4' and array 'Float4Array[0m
[32m[00:00:08.005] [DEBUG] [AutoNode] Defining data type 'frame[4]' as 'Frame' and array 'FrameArray[0m
[32m[00:00:08.005] [DEBUG] [AutoNode] Defining data type 'half' as 'Half' and array 'HalfArray[0m
[32m[00:00:08.005] [DEBUG] [AutoNode] Defining data type 'half[2]' as 'Half2' and array 'Half2Array[0m
[32m[00:00:08.005] [DEBUG] [AutoNode] Defining data type 'half[3]' as 'Half3' and array 'Half3Array[0m
[32m[00:00:08.005] [DEBUG] [AutoNode] Defining data type 'half[4]' as 'Half4' and array 'Half4Array[0m
[32m[00:00:08.005] [DEBUG] [AutoNode] Defining data type 'int' as 'Int' and array 'IntArray[0m
[32m[00:00:08.005] [DEBUG] [AutoNode] Defining data type 'int[2]' as 'Int2' and array 'Int2Array[0m
[32m[00:00:08.005] [DEBUG] [AutoNode] Defining data type 'int[3]' as 'Int3' and array 'Int3Array[0m
[32m[00:00:08.005] [DEBUG] [AutoNode] Defining data type 'int[4]' as 'Int4' and array 'Int4Array[0m
[32m[00:00:08.005] [DEBUG] [AutoNode] Defining data type 'int64' as 'Int64' and array 'Int64Array[0m
[32m[00:00:08.005] [DEBUG] [AutoNode] Defining data type 'matrixd[2]' as 'Matrix2d' and array 'Matrix2dArray[0m
[32m[00:00:08.006] [DEBUG] [AutoNode] Defining data type 'matrixd[3]' as 'Matrix3d' and array 'Matrix3dArray[0m
[32m[00:00:08.006] [DEBUG] [AutoNode] Defining data type 'matrixd[4]' as 'Matrix4d' and array 'Matrix4dArray[0m
[32m[00:00:08.006] [DEBUG] [AutoNode] Defining data type 'normald[3]' as 'Normal3d' and array 'Normal3dArray[0m
[32m[00:00:08.006] [DEBUG] [AutoNode] Defining data type 'normalf[3]' as 'Normal3f' and array 'Normal3fArray[0m
[32m[00:00:08.006] [DEBUG] [AutoNode] Defining data type 'normalh[3]' as 'Normal3h' and array 'Normal3hArray[0m
[32m[00:00:08.006] [DEBUG] [AutoNode] Defining data type 'objectId' as 'ObjectId' and array 'ObjectIdArray[0m
[32m[00:00:08.006] [DEBUG] [AutoNode] Defining data type 'path' as 'Path'[0m
[32m[00:00:08.006] [DEBUG] [AutoNode] Defining data type 'pointd[3]' as 'Point3d' and array 'Point3dArray[0m
[32m[00:00:08.006] [DEBUG] [AutoNode] Defining data type 'pointf[3]' as 'Point3f' and array 'Point3fArray[0m
[32m[00:00:08.006] [DEBUG] [AutoNode] Defining data type 'pointh[3]' as 'Point3h' and array 'Point3hArray[0m
[32m[00:00:08.006] [DEBUG] [AutoNode] Defining data type 'quatd[4]' as 'Quatd' and array 'QuatdArray[0m
[32m[00:00:08.006] [DEBUG] [AutoNode] Defining data type 'quatf[4]' as 'Quatf' and array 'QuatfArray[0m
[32m[00:00:08.006] [DEBUG] [AutoNode] Defining data type 'quath[4]' as 'Quath' and array 'QuathArray[0m
[32m[00:00:08.006] [DEBUG] [AutoNode] Defining data type 'string' as 'String'[0m
[32m[00:00:08.006] [DEBUG] [AutoNode] Defining data type 'target' as 'Target'[0m
[32m[00:00:08.006] [DEBUG] [AutoNode] Defining data type 'texcoordd[2]' as 'TexCoord2d' and array 'TexCoord2dArray[0m
[32m[00:00:08.006] [DEBUG] [AutoNode] Defining data type 'texcoordf[2]' as 'TexCoord2f' and array 'TexCoord2fArray[0m
[32m[00:00:08.006] [DEBUG] [AutoNode] Defining data type 'texcoordh[2]' as 'TexCoord2h' and array 'TexCoord2hArray[0m
[32m[00:00:08.006] [DEBUG] [AutoNode] Defining data type 'texcoordd[3]' as 'TexCoord3d' and array 'TexCoord3dArray[0m
[32m[00:00:08.006] [DEBUG] [AutoNode] Defining data type 'texcoordf[3]' as 'TexCoord3f' and array 'TexCoord3fArray[0m
[32m[00:00:08.006] [DEBUG] [AutoNode] Defining data type 'texcoordh[3]' as 'TexCoord3h' and array 'TexCoord3hArray[0m
[32m[00:00:08.006] [DEBUG] [AutoNode] Defining data type 'timecode' as 'Timecode' and array 'TimecodeArray[0m
[32m[00:00:08.006] [DEBUG] [AutoNode] Defining data type 'token' as 'Token' and array 'TokenArray[0m
[32m[00:00:08.006] [DEBUG] [AutoNode] Defining data type 'uchar' as 'UChar' and array 'UCharArray[0m
[32m[00:00:08.006] [DEBUG] [AutoNode] Defining data type 'uint' as 'UInt' and array 'UIntArray[0m
[32m[00:00:08.006] [DEBUG] [AutoNode] Defining data type 'uint64' as 'UInt64' and array 'UInt64Array[0m
[32m[00:00:08.006] [DEBUG] [AutoNode] Defining data type 'vectord[3]' as 'Vector3d' and array 'Vector3dArray[0m
[32m[00:00:08.006] [DEBUG] [AutoNode] Defining data type 'vectorf[3]' as 'Vector3f' and array 'Vector3fArray[0m
[32m[00:00:08.006] [DEBUG] [AutoNode] Defining data type 'vectorh[3]' as 'Vector3h' and array 'Vector3hArray[0m
7s] [ext: isaacsim.robot.schema-3.1.2] startup
[3.885s] [ext: omni.usd.schema.omniscripting-1.0.0] startup
[3.891s] [ext: omni.usd.schema.isaac-3.0.2] startup
[3.891s] [ext: omni.usd.schema.anim-0.0.0] startup
[3.917s] [ext: omni.usd.schema.flow-107.0.0] startup
[3.917s] [ext: omni.graph.exec-0.9.4] startup
[3.918s] [ext: omni.kit.usd_undo-0.1.8] startup
[3.918s] [ext: omni.kit.actions.core-1.0.0] startup
[3.920s] [ext: omni.kit.exec.core-0.13.4] startup
[3.923s] [ext: omni.usd_resolver-1.0.0] startup
[3.927s] [ext: omni.kit.commands-1.4.9] startup
[3.931s] [ext: omni.activity.core-1.0.1] startup
[3.932s] [ext: omni.usd.core-1.4.2] startup
[3.937s] [ext: omni.resourcemonitor-107.0.0] startup
[3.939s] [ext: omni.kit.window.popup_dialog-2.0.24] startup
[3.942s] [ext: omni.timeline-1.0.11] startup
[3.944s] [ext: omni.kit.widget.nucleus_connector-1.1.10] startup
[3.946s] [ext: usdrt.scenegraph-7.5.1] startup
[3.982s] [ext: omni.kit.audiodeviceenum-1.0.1] startup
[3.984s] [ext: omni.hydra.usdrt_delegate-7.5.1] startup
[3.998s] [ext: omni.hydra.scene_delegate-0.3.3] startup
[4.005s] [ext: omni.usd-1.12.4] startup
[4.042s] [ext: omni.inspect-1.0.1] startup
[4.043s] [ext: omni.kit.notification_manager-1.0.9] startup
[4.044s] [ext: omni.graph.core-2.181.8] startup
[4.048s] [ext: isaacsim.core.deprecation_manager-0.2.2] startup
[4.048s] [ext: omni.kit.asset_converter-2.8.3] startup
[4.060s] [ext: omni.kit.widget.path_field-2.0.11] startup
[4.061s] [ext: omni.kit.helper.file_utils-0.1.9] startup
[4.062s] [ext: omni.kit.menu.core-1.1.2] startup
[4.063s] [ext: omni.kit.widget.browser_bar-2.0.10] startup
[4.063s] [ext: omni.kit.widget.filebrowser-2.10.52] startup
[4.067s] [ext: omni.kit.widget.context_menu-1.2.4] startup
[4.068s] [ext: omni.kit.clipboard-1.0.5] startup
[4.069s] [ext: omni.kit.widget.options_menu-1.1.6] startup
[4.072s] [ext: omni.graph.tools-1.79.1] startup
[4.092s] [ext: omni.ui.scene-1.11.2] startup
[4.096s] [ext: omni.kit.widget.options_button-1.0.3] startup
[4.097s] [ext: omni.kit.property.adapter.core-1.0.2] startup
[4.099s] [ext: omni.graph-1.140.2] startup
[4.134s] [ext: omni.kit.window.filepicker-2.11.7] startup
[4.141s] [ext: omni.kit.property.adapter.usd-1.0.2] startup
[4.143s] [ext: omni.kit.property.adapter.fabric-1.0.3] startup
[4.144s] [ext: omni.kit.widget.text_editor-1.0.2] startup
[4.146s] [ext: omni.kit.hotkeys.core-1.3.10] startup
[4.150s] [ext: omni.kit.window.content_browser_registry-0.0.6] startup
[4.150s] [ext: omni.kit.widget.filter-1.1.4] startup
[4.152s] [ext: omni.kit.widget.searchfield-1.1.8] startup
[4.154s] [ext: omni.kit.widget.highlight_label-1.0.3] startup
[4.155s] [ext: omni.ujitso.processor.texture-1.0.0] startup
[4.156s] [ext: omni.index.libs-380600.1777.0] startup
[4.156s] [ext: omni.volume-0.5.0] startup
[4.162s] [ext: omni.ujitso.client-0.0.0] startup
[4.162s] [ext: omni.index-1.0.1] startup
[4.164s] [ext: omni.hydra.rtx.shadercache.vulkan-1.0.0] startup
[4.165s] [ext: omni.kit.usd.layers-2.2.0] startup
[4.172s] [ext: omni.hydra.rtx-1.0.0] startup
2026-05-14 13:36:18 [4,173ms] [Warning] [omni.log] Source: omni.hydra was already registered.
[4.207s] [ext: omni.kit.context_menu-1.8.3] startup
[4.209s] [ext: omni.kit.viewport.scene_camera_model-1.0.5] startup
[4.216s] [ext: omni.kit.hydra_texture-1.4.0] startup
[4.221s] [ext: omni.kit.window.file_importer-1.1.14] startup
[4.224s] [ext: omni.kit.menu.utils-1.7.7] startup
[4.229s] [ext: omni.kit.viewport.legacy_gizmos-1.0.16] startup
[4.232s] [ext: omni.kit.raycast.query-1.0.5] startup
[4.241s] [ext: omni.kit.material.library-1.5.15] startup
[4.245s] [ext: omni.kit.widget.viewport-107.0.7] startup
[4.249s] [ext: omni.kit.window.file_exporter-1.0.31] startup
[4.250s] [ext: omni.kit.stage_template.core-1.1.22] startup
[4.252s] [ext: omni.kit.window.drop_support-1.0.4] startup
[4.252s] [ext: omni.kit.viewport.registry-104.0.6] startup
[4.253s] [ext: omni.hydra.engine.stats-1.0.3] startup
[4.258s] [ext: omni.kit.window.file-1.3.57] startup
[4.261s] [ext: omni.kit.viewport.window-107.0.8] startup
[4.278s] [ext: omni.kit.window.content_browser-2.10.3] startup
[4.291s] [ext: omni.kit.window.property-1.11.5] startup
[4.294s] [ext: omni.kit.widget.stage-2.11.6] startup
[4.303s] [ext: omni.kit.viewport.utility-1.0.18] startup
[4.304s] [ext: omni.kit.manipulator.viewport-107.0.1] startup
[4.306s] [ext: omni.kit.property.usd-4.2.16] startup
[4.314s] [ext: omni.kit.xr.telemetry-106.5.13] startup
[4.315s] [ext: omni.kit.window.extensions-1.4.25] startup
[4.321s] [ext: omni.graph.visualization.nodes-2.1.1] startup
[4.325s] [ext: omni.kit.widget.stage_icons-1.0.6] startup
[4.328s] [ext: omni.kit.widget.zoombar-1.0.5] startup
[4.329s] [ext: omni.kit.widget.searchable_combobox-1.0.6] startup
[4.332s] [ext: omni.kit.window.stage-2.5.11] startup
[4.340s] [ext: omni.kit.browser.core-2.3.11] startup
[4.346s] [ext: omni.kit.widget.settings-1.2.2] startup
[4.348s] [ext: omni.kit.menu.stage-1.2.5] startup
[4.349s] [ext: omni.kit.browser.folder.core-1.10.1] startup
[4.353s] [ext: omni.kit.widget.prompt-1.0.7] startup
[4.355s] [ext: omni.kit.window.preferences-1.7.0] startup
[4.360s] [ext: omni.kit.xr.configurations-106.5.13] startup
[4.361s] [ext: omni.convexdecomposition-106.5.7] startup
[4.369s] [ext: omni.kit.usd.collect-2.2.22] startup
[4.371s] [ext: omni.rtx.window.settings-0.6.17] startup
[4.374s] [ext: omni.kit.manipulator.camera-106.0.3] startup
[4.378s] [ext: omni.kit.xr.core-106.5.13] startup
[4.416s] [ext: omni.kvdb-106.5.7] startup
[4.420s] [ext: omni.services.facilities.base-1.0.4] startup
[4.421s] [ext: omni.usdphysics-106.5.7] startup
[4.427s] [ext: omni.physx.foundation-106.5.7] startup
[4.428s] [ext: omni.localcache-106.5.7] startup
[4.430s] [ext: omni.services.core-1.9.0] startup
[4.715s] [ext: omni.physx.cooking-106.5.7] startup
[4.727s] [ext: omni.kit.tool.collect-2.2.16] startup
[4.729s] [ext: omni.kit.xr.ui.window.viewport-106.5.13] startup
[4.735s] [ext: omni.services.transport.server.base-1.1.1] startup
[4.737s] [ext: omni.physx-106.5.7] startup
[4.756s] [ext: isaacsim.examples.browser-0.1.8] startup
[4.759s] [ext: omni.graph.action_core-1.1.7] startup
[4.763s] [ext: omni.ui_query-1.1.7] startup
[4.764s] [ext: omni.services.transport.server.zeroconf-1.0.9] startup
[4.777s] [ext: omni.graph.action_nodes-1.40.1] startup
[4.783s] [ext: omni.kit.ui_test-1.3.3] startup
[4.787s] [ext: omni.kit.xr.advertise-106.5.13] startup
[4.789s] [ext: omni.graph.action-1.120.0] startup
[4.793s] [ext: omni.kit.xr.ui.window.profile-106.5.13] startup
[4.971s] [ext: omni.kit.xr.system.cloudxr-106.5.13] startup
[4.974s] [ext: omni.kit.tool.asset_importer-2.12.2] startup
[4.979s] [ext: isaacsim.gui.components-1.0.9] startup
[4.982s] [ext: omni.kit.xr.profile.common-106.5.13] startup
[4.987s] [ext: isaacsim.asset.importer.urdf-2.3.10] startup
[5.061s] [ext: omni.graph.image.core-0.6.0] startup
[5.065s] [ext: isaacsim.core.version-2.0.2] startup
[5.070s] [ext: omni.graph.image.nodes-1.3.0] startup
[5.072s] [ext: isaacsim.storage.native-1.0.6] startup
[5.073s] [ext: omni.kit.data2ui.core-1.0.27] startup
[5.077s] [ext: omni.graph.nodes-1.162.1] startup
[5.088s] [ext: omni.physx.stageupdate-106.5.7] startup
[5.091s] [ext: omni.kit.numpy.common-0.1.2] startup
[5.093s] [ext: omni.kit.data2ui.usd-1.0.27] startup
[5.101s] [ext: omni.warp.core-1.5.0] startup
[5.104s] [ext: omni.isaac.dynamic_control-1.3.15] startup
2026-05-14 13:36:19 [5,098ms] [Warning] [omni.isaac.dynamic_control] omni.isaac.dynamic_control is deprecated as of Isaac Sim 4.5. No action is needed from end-users.
[5.110s] [ext: omni.no_code_ui.bundle-1.0.27] startup
[5.112s] [ext: omni.kit.xr.scene_view.core-106.5.13] startup
[5.125s] [ext: isaacsim.core.utils-2.2.8] startup
[5.129s] [ext: omni.kit.xr.scene_view.utils-106.5.13] startup
[5.832s] [ext: omni.kit.xr.system.steamvr-106.5.13] startup
[5.834s] [ext: isaacsim.asset.browser-1.3.4] startup
[5.838s] [ext: omni.kit.xr.ui.stage-106.5.13] startup
[5.847s] [ext: omni.kit.xr.system.openxr-106.5.13] startup
[5.854s] [ext: omni.isaac.asset_browser-1.0.2] startup
2026-05-14 13:36:20 [5,844ms] [Warning] [omni.isaac.asset_browser] omni.isaac.asset_browser has been deprecated in favor of isaacsim.asset.browser. Please update your code accordingly.
[5.856s] [ext: omni.kit.xr.profile.vr-106.5.13] startup
[5.859s] [ext: omni.physics.tensors-106.5.7] startup
[5.870s] [ext: omni.graph.ui_nodes-1.40.1] startup
[5.878s] [ext: omni.physx.tensors-106.5.7] startup
[5.887s] [ext: omni.kit.primitive.mesh-1.0.17] startup
[5.892s] [ext: isaacsim.core.simulation_manager-0.3.3] startup
[6.050s] [ext: omni.kit.stage_templates-1.2.6] startup
[6.055s] [ext: isaacsim.core.prims-0.3.7] startup
[6.072s] [ext: omni.kit.widget.graph-1.12.17] startup
[6.078s] [ext: isaacsim.core.api-4.2.16] startup
[6.089s] [ext: omni.kit.graph.delegate.default-1.2.2] startup
[6.091s] [ext: omni.graph.scriptnode-1.40.1] startup
[6.092s] [ext: omni.kit.graph.editor.core-1.5.3] startup
[6.097s] [ext: isaacsim.core.cloner-1.3.4] startup
[6.099s] [ext: omni.kit.graph.usd.commands-1.3.1] startup
[6.103s] [ext: omni.isaac.assets_check-0.3.9] startup
2026-05-14 13:36:20 [6,093ms] [Warning] [omni.isaac.assets_check] omni.isaac.assets_check has been deprecated in favor of isaacsim.asset.browser. Please update your code accordingly.
[6.105s] [ext: omni.kit.widget.material_preview-1.0.16] startup
[6.107s] [ext: omni.kit.viewport.menubar.core-107.1.2] startup
[6.120s] [ext: omni.isaac.cloner-1.0.2] startup
2026-05-14 13:36:20 [6,109ms] [Warning] [omni.isaac.cloner] omni.isaac.cloner has been deprecated in favor of isaacsim.core.cloner. Please update your code accordingly.
[6.121s] [ext: isaacsim.core.throttling-2.0.2] startup
[6.122s] [ext: omni.flowusd-106.5.2] startup
2026-05-14 13:36:20 [6,117ms] [Warning] [omni.stageupdate.plugin] Deprecated: direct use of IStageUpdate callbacks is deprecated. Use IStageUpdate::getStageUpdate instead.
[6.131s] [ext: omni.kit.window.material_graph-1.8.19] startup
[6.140s] [ext: omni.syntheticdata-0.6.10] startup
[6.154s] [ext: omni.warp-1.5.0] startup
[6.162s] [ext: isaacsim.simulation_app-2.4.2] startup
[6.164s] [ext: isaacsim.robot_motion.lula-4.0.4] startup
[6.179s] [ext: omni.replicator.core-1.11.35] startup
2026-05-14 13:36:20 [6,300ms] [Warning] [omni.replicator.core.scripts.extension] No material configuration file, adding configuration to material settings directly.
[6.315s] [ext: omni.isaac.kit-2.0.3] startup
2026-05-14 13:36:20 [6,307ms] [Warning] [omni.isaac.kit] omni.isaac.kit has been deprecated in favor of isaacsim.simulation_app. Please update your code accordingly.
[6.319s] [ext: omni.isaac.lula-4.0.2] startup
2026-05-14 13:36:20 [6,308ms] [Warning] [omni.isaac.lula] omni.isaac.lula has been deprecated in favor of isaacsim.robot_motion.lula. Please update your code accordingly.
[6.320s] [ext: isaacsim.core.nodes-2.1.4] startup
[6.334s] [ext: isaacsim.robot_motion.motion_generation-8.0.6] startup
[6.361s] [ext: isaacsim.robot.surface_gripper-2.0.6] startup
[6.368s] [ext: omni.kit.selection-0.1.5] startup
[6.376s] [ext: isaacsim.robot_motion.lula_test_widget-1.0.5] startup
[6.387s] [ext: isaacsim.robot.manipulators-3.0.4] startup
[6.403s] [ext: isaacsim.gui.menu-2.0.9] startup
[6.439s] [ext: omni.isaac.lula_test_widget-1.0.2] startup
2026-05-14 13:36:20 [6,431ms] [Warning] [omni.isaac.lula_test_widget] omni.isaac.lula_test_widget has been deprecated in favor of isaacsim.robot_motion.lula_test_widget. Please update your code accordingly.
[6.443s] [ext: omni.isaac.manipulators-3.0.3] startup
2026-05-14 13:36:20 [6,434ms] [Warning] [omni.isaac.manipulators] omni.isaac.manipulators has been deprecated in favor of isaacsim.robot.manipulators. Please update your code accordingly.
2026-05-14 13:36:20 [6,434ms] [Warning] [omni.isaac.manipulators.controllers] omni.isaac.manipulators has been deprecated in favor of isaacsim.robot.manipulators. Please update your code accordingly.
2026-05-14 13:36:20 [6,434ms] [Warning] [omni.isaac.manipulators.controllers.pick_place_controller] omni.isaac.manipulators has been deprecated in favor of isaacsim.robot.manipulators. Please update your code accordingly.
2026-05-14 13:36:20 [6,439ms] [Warning] [omni.isaac.manipulators.controllers.stacking_controller] omni.isaac.manipulators has been deprecated in favor of isaacsim.robot.manipulators. Please update your code accordingly.
2026-05-14 13:36:20 [6,439ms] [Warning] [omni.isaac.manipulators.grippers] omni.isaac.manipulators has been deprecated in favor of isaacsim.robot.manipulators. Please update your code accordingly.
2026-05-14 13:36:20 [6,440ms] [Warning] [omni.isaac.manipulators.grippers.gripper] omni.isaac.manipulators has been deprecated in favor of isaacsim.robot.manipulators. Please update your code accordingly.
2026-05-14 13:36:20 [6,440ms] [Warning] [omni.isaac.manipulators.grippers.parallel_gripper] omni.isaac.manipulators has been deprecated in favor of isaacsim.robot.manipulators. Please update your code accordingly.
2026-05-14 13:36:20 [6,441ms] [Warning] [omni.isaac.manipulators.grippers.surface_gripper] omni.isaac.manipulators has been deprecated in favor of isaacsim.robot.manipulators. Please update your code accordingly.
2026-05-14 13:36:20 [6,441ms] [Warning] [omni.isaac.manipulators.manipulators] omni.isaac.manipulators has been deprecated in favor of isaacsim.robot.manipulators. Please update your code accordingly.
2026-05-14 13:36:20 [6,442ms] [Warning] [omni.isaac.manipulators.manipulators.single_manipulator] omni.isaac.manipulators has been deprecated in favor of isaacsim.robot.manipulators. Please update your code accordingly.
[6.454s] [ext: omni.isaac.menu-1.0.2] startup
2026-05-14 13:36:20 [6,443ms] [Warning] [omni.isaac.menu] omni.isaac.menu has been deprecated in favor of isaacsim.gui.menu. Please update your code accordingly.
[6.457s] [ext: isaacsim.util.debug_draw-2.0.2] startup
[6.469s] [ext: omni.isaac.motion_generation-8.0.2] startup
2026-05-14 13:36:20 [6,458ms] [Warning] [omni.isaac.motion_generation] omni.isaac.motion_generation has been deprecated in favor of isaacsim.robot_motion.motion_generation. Please update your code accordingly.
2026-05-14 13:36:20 [6,459ms] [Warning] [omni.isaac.motion_generation.articulation_kinematics_solver] omni.isaac.motion_generation has been deprecated in favor of isaacsim.robot_motion.motion_generation. Please update your code accordingly.
2026-05-14 13:36:20 [6,460ms] [Warning] [omni.isaac.motion_generation.articulation_motion_policy] omni.isaac.motion_generation has been deprecated in favor of isaacsim.robot_motion.motion_generation. Please update your code accordingly.
2026-05-14 13:36:20 [6,460ms] [Warning] [omni.isaac.motion_generation.articulation_trajectory] omni.isaac.motion_generation has been deprecated in favor of isaacsim.robot_motion.motion_generation. Please update your code accordingly.
2026-05-14 13:36:20 [6,461ms] [Warning] [omni.isaac.motion_generation.kinematics_interface] omni.isaac.motion_generation has been deprecated in favor of isaacsim.robot_motion.motion_generation. Please update your code accordingly.
2026-05-14 13:36:20 [6,462ms] [Warning] [omni.isaac.motion_generation.lula] omni.isaac.motion_generation has been deprecated in favor of isaacsim.robot_motion.motion_generation. Please update your code accordingly.
2026-05-14 13:36:20 [6,462ms] [Warning] [omni.isaac.motion_generation.lula.kinematics] omni.isaac.motion_generation has been deprecated in favor of isaacsim.robot_motion.motion_generation. Please update your code accordingly.
2026-05-14 13:36:20 [6,462ms] [Warning] [omni.isaac.motion_generation.lula.motion_policies] omni.isaac.motion_generation has been deprecated in favor of isaacsim.robot_motion.motion_generation. Please update your code accordingly.
2026-05-14 13:36:20 [6,463ms] [Warning] [omni.isaac.motion_generation.lula.path_planners] omni.isaac.motion_generation has been deprecated in favor of isaacsim.robot_motion.motion_generation. Please update your code accordingly.
2026-05-14 13:36:20 [6,464ms] [Warning] [omni.isaac.motion_generation.lula.trajectory_generator] omni.isaac.motion_generation has been deprecated in favor of isaacsim.robot_motion.motion_generation. Please update your code accordingly.
2026-05-14 13:36:20 [6,464ms] [Warning] [omni.isaac.motion_generation.motion_policy_controller] omni.isaac.motion_generation has been deprecated in favor of isaacsim.robot_motion.motion_generation. Please update your code accordingly.
2026-05-14 13:36:20 [6,464ms] [Warning] [omni.isaac.motion_generation.motion_policy_interface] omni.isaac.motion_generation has been deprecated in favor of isaacsim.robot_motion.motion_generation. Please update your code accordingly.
2026-05-14 13:36:20 [6,465ms] [Warning] [omni.isaac.motion_generation.path_planner_visualizer] omni.isaac.motion_generation has been deprecated in favor of isaacsim.robot_motion.motion_generation. Please update your code accordingly.
2026-05-14 13:36:20 [6,465ms] [Warning] [omni.isaac.motion_generation.path_planning_interface] omni.isaac.motion_generation has been deprecated in favor of isaacsim.robot_motion.motion_generation. Please update your code accordingly.
2026-05-14 13:36:20 [6,467ms] [Warning] [omni.isaac.motion_generation.trajectory] omni.isaac.motion_generation has been deprecated in favor of isaacsim.robot_motion.motion_generation. Please update your code accordingly.
2026-05-14 13:36:20 [6,467ms] [Warning] [omni.isaac.motion_generation.world_interface] omni.isaac.motion_generation has been deprecated in favor of isaacsim.robot_motion.motion_generation. Please update your code accordingly.
[6.480s] [ext: isaacsim.sensors.physics-0.3.5] startup
[6.493s] [ext: omni.sensors.nv.common-2.5.0-coreapi] startup
[6.520s] [ext: isaacsim.sensors.physx-2.2.4] startup
[6.532s] [ext: omni.isaac.nucleus-1.0.3] startup
2026-05-14 13:36:20 [6,521ms] [Warning] [omni.isaac.nucleus] omni.isaac.nucleus has been deprecated in favor of isaacsim.storage.native. Please update your code accordingly.
2026-05-14 13:36:20 [6,522ms] [Warning] [omni.isaac.nucleus.nucleus] omni.isaac.nucleus.nucleus has been deprecated in favor of isaacsim.storage.native. Please update your code accordingly.
[6.534s] [ext: isaacsim.robot.policy.examples-4.0.3] startup
[6.540s] [ext: omni.sensors.nv.materials-1.4.0-coreapi] startup
[6.546s] [ext: omni.isaac.range_sensor-4.0.2] startup
[6.555s] [ext: isaacsim.sensors.camera-0.2.9] startup
[6.567s] [ext: omni.isaac.quadruped-3.0.2] startup
2026-05-14 13:36:20 [6,557ms] [Warning] [omni.isaac.quadruped] omni.isaac.quadruped has been deprecated in favor of isaacsim.robot.policy.examples. Please update your code accordingly.
[6.569s] [ext: omni.sensors.nv.ids-1.4.0-coreapi] startup
[6.579s] [ext: omni.kit.menu.create-1.0.17] startup
[6.583s] [ext: omni.sensors.nv.wpm-2.4.0-coreapi] startup
[6.590s] [ext: omni.kit.manipulator.transform-106.0.1] startup
[6.596s] [ext: omni.kit.widget.toolbar-1.7.3] startup
[6.603s] [ext: omni.sensors.nv.radar-2.6.1-coreapi] startup
[6.614s] [ext: omni.sensors.tiled-0.0.6] startup
[6.617s] [ext: omni.sensors.nv.lidar-2.6.3-coreapi] startup
[6.627s] [ext: omni.kit.manipulator.tool.snap-1.5.12] startup
[6.630s] [ext: omni.kit.manipulator.selector-1.1.1] startup
[6.632s] [ext: isaacsim.sensors.rtx-13.6.3] startup
[6.640s] [ext: omni.isaac.core-4.0.3] startup
2026-05-14 13:36:21 [6,630ms] [Warning] [omni.isaac.core.physics_context.physics_context] omni.isaac.core.physics_context.physics_context has been deprecated in favor of isaacsim.core.api.physics_context.physics_context. Please update your code accordingly.
2026-05-14 13:36:21 [6,631ms] [Warning] [omni.isaac.core.simulation_context.simulation_context] omni.isaac.core.simulation_context.simulation_context has been deprecated in favor of isaacsim.core.api.simulation_context.simulation_context. Please update your code accordingly.
2026-05-14 13:36:21 [6,632ms] [Warning] [omni.isaac.core.world.world] omni.isaac.core.world.world has been deprecated in favor of isaacsim.core.api.world.world. Please update your code accordingly.
2026-05-14 13:36:21 [6,632ms] [Warning] [omni.isaac.core] omni.isaac.core has been deprecated in favor of isaacsim.core.api. Please update your code accordingly.
[6.643s] [ext: omni.kit.scripting-106.5.2] startup
[6.656s] [ext: omni.kit.viewport.manipulator.transform-107.0.4] startup
[6.658s] [ext: omni.isaac.sensor-13.0.3] startup
2026-05-14 13:36:21 [6,648ms] [Warning] [omni.isaac.sensor] omni.isaac.sensor has been deprecated in favor of isaacsim.sensors.camera, isaacsim.sensors.physics, isaacsim.sensors.physx, and isaacsim.sensors.rtx. Please update your code accordingly.
2026-05-14 13:36:21 [6,648ms] [Warning] [omni.isaac.sensor.camera] omni.isaac.sensor.camera has been deprecated in favor of isaacsim.sensors.camera.camera. Please update your code accordingly.
2026-05-14 13:36:21 [6,648ms] [Warning] [omni.isaac.sensor.camera_view] omni.isaac.sensor.camera_view has been deprecated in favor of isaacsim.sensors.camera.camera_view. Please update your code accordingly.
2026-05-14 13:36:21 [6,648ms] [Warning] [omni.isaac.sensor.commands] omni.isaac.sensor.commands has been deprecated in favor of isaacsim.sensors.physics.commands, isaacsim.sensors.physx.commands, and isaacsim.sensors.rtx.commands. Please update your code accordingly.
2026-05-14 13:36:21 [6,648ms] [Warning] [omni.isaac.sensor.contact_sensor] omni.isaac.sensor.contact_sensor has been deprecated in favor of isaacsim.sensors.physics.contact_sensor. Please update your code accordingly.
2026-05-14 13:36:21 [6,648ms] [Warning] [omni.isaac.sensor.imu_sensor] omni.isaac.sensor.imu_sensor has been deprecated in favor of isaacsim.sensors.physics.imu_sensor. Please update your code accordingly.
2026-05-14 13:36:21 [6,648ms] [Warning] [omni.isaac.sensor.lidar_rtx] omni.isaac.sensor.lidar_rtx has been deprecated in favor of isaacsim.sensors.rtx.lidar_rtx. Please update your code accordingly.
2026-05-14 13:36:21 [6,649ms] [Warning] [omni.isaac.sensor.rotating_lidar_physX] omni.isaac.sensor.imu_sensor has been deprecated in favor of isaacsim.sensors.physix.rotating_lidar_physX. Please update your code accordingly.
2026-05-14 13:36:21 [6,649ms] [Warning] [omni.isaac.sensor.scripts.samples.contact_sensor] omni.isaac.sensor.scripts.samples.contact_sensor has been deprecated in favor of isaacsim.sensors.physics.scripts.samples.contact_sensor. Please update your code accordingly.
2026-05-14 13:36:21 [6,649ms] [Warning] [omni.isaac.sensor.scripts.samples.imu_sensor] omni.isaac.sensor.scripts.samples.imu_sensor has been deprecated in favor of isaacsim.sensors.physics.scripts.samples.imu_sensor. Please update your code accordingly.
2026-05-14 13:36:21 [6,649ms] [Warning] [omni.isaac.sensor.scripts.samples.lightbeam_sensor] omni.isaac.sensor.scripts.samples.lightbeam_sensor has been deprecated in favor of isaacsim.sensors.physx.scripts.samples.lightbeam_sensor. Please update your code accordingly.
[6.661s] [ext: omni.isaac.surface_gripper-2.0.2] startup
2026-05-14 13:36:21 [6,652ms] [Warning] [omni.isaac.surface_gripper] omni.isaac.surface_gripper has been deprecated in favor of isaacsim.robot.surface_gripper. Please update your code accordingly.
[6.663s] [ext: omni.isaac.core_nodes-2.0.2] startup
2026-05-14 13:36:21 [6,658ms] [Warning] [omni.isaac.core_nodes] omni.isaac.core_nodes has been deprecated in favor of isaacsim.core.nodes. Please update your code accordingly.
[6.670s] [ext: isaacsim.replicator.behavior-1.0.8] startup
[6.672s] [ext: omni.kit.manipulator.prim.core-107.0.7] startup
[6.679s] [ext: omni.fabric.commands-1.1.5] startup
[6.683s] [ext: omni.kit.viewport.actions-107.0.0] startup
[6.688s] [ext: omni.kit.manipulator.prim.usd-107.0.3] startup
[6.689s] [ext: omni.kit.manipulator.prim.fabric-107.0.4] startup
[6.691s] [ext: isaacsim.app.about-2.0.7] startup
[6.693s] [ext: omni.kit.manipulator.selection-106.0.1] startup
[6.694s] [ext: omni.kit.viewport.menubar.display-107.0.3] startup
[6.696s] [ext: omni.kit.widget.layers-1.8.2] startup
[6.707s] [ext: omni.kit.manipulator.prim-107.0.0] startup
[6.708s] [ext: omni.debugdraw-0.1.3] startup
[6.714s] [ext: omni.isaac.window.about-2.0.2] startup
2026-05-14 13:36:21 [6,703ms] [Warning] [omni.isaac.window.about] omni.isaac.window.about has been deprecated in favor of isaacsim.app.about. Please update your code accordingly.
2026-05-14 13:36:21 [6,703ms] [Warning] [omni.isaac.window.about.about] omni.isaac.window.about.about has been deprecated in favor of isaacsim.app.about.about. Please update your code accordingly.
[6.715s] [ext: omni.kit.property.audio-1.0.16] startup
[6.717s] [ext: omni.physx.commands-106.5.7] startup
[6.720s] [ext: omni.usdphysics.ui-106.5.7] startup
[6.751s] [ext: omni.kit.property.camera-1.0.9] startup
[6.753s] [ext: omni.kit.property.geometry-1.3.3] startup
[6.756s] [ext: omni.kit.property.light-1.0.11] startup
[6.757s] [ext: omni.hydra.scene_api-0.1.2] startup
[6.765s] [ext: omni.physx.ui-106.5.7] startup
[6.796s] [ext: omni.kit.property.material-1.10.17] startup
[6.801s] [ext: omni.kit.property.render-1.1.3] startup
[6.803s] [ext: isaacsim.robot.manipulators.examples-1.0.3] startup
[6.804s] [ext: omni.kit.property.transform-1.5.10] startup
[6.809s] [ext: omni.physx.demos-106.5.7] startup
[6.825s] [ext: omni.kit.property.physx-106.5.7] startup
[6.869s] [ext: isaacsim.gui.property-1.0.4] startup
[6.872s] [ext: omni.isaac.franka-1.0.2] startup
2026-05-14 13:36:21 [6,862ms] [Warning] [omni.isaac.franka] omni.isaac.franka has been deprecated in favor of isaacsim.robot.manipulators.examples.franka. Please update your code accordingly.
2026-05-14 13:36:21 [6,862ms] [Warning] [omni.isaac.franka.franka] omni.isaac.franka has been deprecated in favor of isaacsim.robot.manipulators.examples.franka. Please update your code accordingly.
2026-05-14 13:36:21 [6,862ms] [Warning] [omni.isaac.franka.kinematics_solver] omni.isaac.franka has been deprecated in favor of isaacsim.robot.manipulators.examples.franka. Please update your code accordingly.
[6.874s] [ext: omni.kit.property.bundle-1.3.2] startup
[6.877s] [ext: omni.physx.vehicle-106.5.7] startup
[6.898s] [ext: omni.kit.property.isaac-1.0.2] startup
2026-05-14 13:36:21 [6,888ms] [Warning] [omni.kit.property.isaac] omni.kit.property.isaac has been deprecated in favor of isaacsim.gui.property. Please update your code accordingly.
2026-05-14 13:36:21 [6,889ms] [Warning] [omni.kit.property.isaac.widgets] omni.kit.property.isaac.widgets has been deprecated in favor of isaacsim.gui.property.widgets. Please update your code accordingly.
[6.900s] [ext: omni.kit.viewport.menubar.camera-107.0.2] startup
[6.905s] [ext: omni.kit.viewport.menubar.lighting-106.0.2] startup
[6.908s] [ext: omni.kit.viewport.menubar.render-107.0.8] startup
[6.911s] [ext: isaacsim.replicator.domain_randomization-1.0.2] startup
[6.913s] [ext: omni.physx.camera-106.5.7] startup
[6.931s] [ext: omni.kit.window.toolbar-1.6.2] startup
[6.938s] [ext: omni.physx.cct-106.5.7] startup
[6.952s] [ext: isaacsim.cortex.framework-1.0.2] startup
[6.955s] [ext: omni.isaac.universal_robots-1.0.2] startup
2026-05-14 13:36:21 [6,943ms] [Warning] [omni.isaac.universal_robots] omni.isaac.universal_robots has been deprecated in favor of isaacsim.robot.manipulators.examples.universal_robots. Please update your code accordingly.
2026-05-14 13:36:21 [6,945ms] [Warning] [omni.isaac.universal_robots.kinematics_solver] omni.isaac.franka has been deprecated in favor of isaacsim.robot.manipulators.examples.universal_robots. Please update your code accordingly.
2026-05-14 13:36:21 [6,946ms] [Warning] [omni.isaac.universal_robots.ur10] omni.isaac.franka has been deprecated in favor of isaacsim.robot.manipulators.examples.universal_robots. Please update your code accordingly.
[6.958s] [ext: isaacsim.replicator.writers-1.0.1] startup
[6.981s] [ext: omni.physx.graph-106.5.7] startup
[7.007s] [ext: omni.physx.supportui-106.5.7] startup
[7.031s] [ext: omni.isaac.utils-2.0.2] startup
[7.033s] [ext: omni.isaac.cortex-1.0.2] startup
2026-05-14 13:36:21 [7,022ms] [Warning] [omni.isaac.cortex] omni.isaac.cortex has been deprecated in favor of isaacsim.cortex.framework. Please update your code accordingly.
[7.034s] [ext: omni.physx.telemetry-106.5.7] startup
[7.037s] [ext: isaacsim.replicator.examples-1.1.2] startup
[7.039s] [ext: omni.kit.viewport.menubar.settings-107.0.3] startup
[7.049s] [ext: omni.kit.window.console-0.2.14] startup
[7.064s] [ext: omni.usd.metrics.assembler-106.5.0] startup
[7.078s] [ext: omni.kit.window.status_bar-0.1.7] startup
[7.083s] [ext: omni.physx.bundle-106.5.7] startup
[7.084s] [ext: omni.replicator.isaac-2.0.3] startup
2026-05-14 13:36:21 [7,073ms] [Warning] [omni.replicator.isaac] omni.replicator.isaac has been deprecated in favor of isaacsim.replicator.domain_randomization, isaacsim.replicator.examples, isaacsim.replicator.writers. Please update your code accordingly.
[7.084s] [ext: omni.replicator.replicator_yaml-2.0.10] startup
[7.089s] [ext: omni.rtx.settings.core-0.6.3] startup
[7.094s] [ext: omni.usd.metrics.assembler.ui-106.5.0] startup
[7.101s] [ext: isaacsim.robot.wheeled_robots-4.0.3] startup
[7.107s] [ext: isaacsim.cortex.behaviors-2.0.3] startup
[7.109s] [ext: omni.isaac.version-2.0.2] startup
2026-05-14 13:36:21 [7,100ms] [Warning] [omni.isaac.version] omni.isaac.version has been deprecated in favor of isaacsim.core.version. Please update your code accordingly.
[7.112s] [ext: semantics.schema.editor-0.3.10] startup
[7.118s] [ext: omni.kit.ui.actions-1.0.2] startup
[7.120s] [ext: semantics.schema.property-1.0.5] startup
[7.122s] [ext: omni.isaac.wheeled_robots-3.0.3] startup
2026-05-14 13:36:21 [7,112ms] [Warning] [omni.isaac.wheeled_robots] omni.isaac.wheeled_robots has been deprecated in favor of isaacsim.robot.wheeled_robots. Please update your code accordingly.
2026-05-14 13:36:21 [7,112ms] [Warning] [omni.isaac.wheeled_robots.controllers] omni.isaac.wheeled_robots has been deprecated in favor of isaacsim.robot.wheeled_robots. Please update your code accordingly.
2026-05-14 13:36:21 [7,112ms] [Warning] [omni.isaac.wheeled_robots.controllers.ackermann_controller] omni.isaac.wheeled_robots has been deprecated in favor of isaacsim.robot.wheeled_robots. Please update your code accordingly.
2026-05-14 13:36:21 [7,113ms] [Warning] [omni.isaac.wheeled_robots.controllers.differential_controller] omni.isaac.wheeled_robots has been deprecated in favor of isaacsim.robot.wheeled_robots. Please update your code accordingly.
2026-05-14 13:36:21 [7,113ms] [Warning] [omni.isaac.wheeled_robots.controllers.holonomic_controller] omni.isaac.wheeled_robots has been deprecated in favor of isaacsim.robot.wheeled_robots. Please update your code accordingly.
2026-05-14 13:36:21 [7,114ms] [Warning] [omni.isaac.wheeled_robots.controllers.quintic_path_planner] omni.isaac.wheeled_robots has been deprecated in favor of isaacsim.robot.wheeled_robots. Please update your code accordingly.
2026-05-14 13:36:21 [7,114ms] [Warning] [omni.isaac.wheeled_robots.controllers.stanley_control] omni.isaac.wheeled_robots has been deprecated in favor of isaacsim.robot.wheeled_robots. Please update your code accordingly.
2026-05-14 13:36:21 [7,115ms] [Warning] [omni.isaac.wheeled_robots.controllers.wheel_base_pose_controller] omni.isaac.wheeled_robots has been deprecated in favor of isaacsim.robot.wheeled_robots. Please update your code accordingly.
2026-05-14 13:36:21 [7,115ms] [Warning] [omni.isaac.wheeled_robots.impl] omni.isaac.wheeled_robots has been deprecated in favor of isaacsim.robot.wheeled_robots. Please update your code accordingly.
2026-05-14 13:36:21 [7,116ms] [Warning] [omni.isaac.wheeled_robots.robots] omni.isaac.wheeled_robots has been deprecated in favor of isaacsim.robot.wheeled_robots. Please update your code accordingly.
2026-05-14 13:36:21 [7,116ms] [Warning] [omni.isaac.wheeled_robots.robots.holonomic_robot_usd_setup] omni.isaac.wheeled_robots has been deprecated in favor of isaacsim.robot.wheeled_robots. Please update your code accordingly.
2026-05-14 13:36:21 [7,117ms] [Warning] [omni.isaac.wheeled_robots.robots.wheeled_robot] omni.isaac.wheeled_robots has been deprecated in favor of isaacsim.robot.wheeled_robots. Please update your code accordingly.
[7.129s] [ext: omni.isaac.cortex.sample_behaviors-2.0.2] startup
2026-05-14 13:36:21 [7,120ms] [Warning] [omni.isaac.cortex.sample_behaviors] omni.isaac.cortex.sample_behaviors has been deprecated in favor of isaacsim.cortex.behaviors. Please update your code accordingly.
[7.132s] [ext: omni.anim.curve.core-1.2.0] startup
[7.148s] [ext: isaacsim.asset.importer.mjcf-2.3.3] startup
[7.158s] [ext: omni.kit.menu.common-1.1.9] startup
[7.161s] [ext: isaacsim.exp.base-4.5.0] startup
[7.162s] [ext: omnigibson_4_5_0-1.5.0] startup
[7.163s] Simulation App Starting
[7.551s] app ready
2026-05-14 13:36:21 [7,559ms] [Warning] [rtx.scenedb.plugin] SceneDbContext : TLAS limit buffer size 7508933632
2026-05-14 13:36:21 [7,559ms] [Warning] [rtx.scenedb.plugin] SceneDbContext : TLAS limit : valid false, within: false
2026-05-14 13:36:21 [7,559ms] [Warning] [rtx.scenedb.plugin] SceneDbContext : TLAS limit : decrement: 167690, decrement size: 7433845248
2026-05-14 13:36:21 [7,559ms] [Warning] [rtx.scenedb.plugin] SceneDbContext : New limit 9574251 (slope: 447, intercept: 13179904)
2026-05-14 13:36:21 [7,559ms] [Warning] [rtx.scenedb.plugin] SceneDbContext : TLAS limit buffer size 4287216384
2026-05-14 13:36:21 [7,559ms] [Warning] [rtx.scenedb.plugin] SceneDbContext : TLAS limit : valid true, within: true
[0m[00:00:19.255] [INFO] [omnigibson.simulator] ---------- Welcome to OmniGibson! ----------[0m
2026-05-14 13:36:22 [7,683ms] [Warning] [omni.usd-abi.plugin] No setting was found for '/rtx-defaults-transient/meshlights/forceDisable'
2026-05-14 13:36:22 [7,733ms] [Warning] [omni.usd-abi.plugin] No setting was found for '/rtx-defaults/post/dlss/execMode'
[11.100s] Simulation App Startup Complete
2026-05-14 13:36:29 [15,143ms] [Warning] [omni.syntheticdata.plugin] OgnSdPostRenderVarToHost : rendervar copy from texture directly to host buffer is counter-performant. Please use copy from texture to device buffer first.
2026-05-14 13:36:29 [15,192ms] [Warning] [omni.fabric.plugin] removePath called on non-existent path /Render/OmniverseKit/HydraTextures/Replicator/PostRender/SDGPipeline/Replicator_GpuInteropEntry 

2026-05-14 13:36:34 [20,183ms] [Warning] [carb.imaging.plugin] Could not find suitable channels to load in EXR File. The first four channels will be loaded.
2026-05-14 13:37:05 [50,982ms] [Warning] [omni.syntheticdata.plugin] SdRenderVarPtr missing valid input renderVar LdrColorSDhost
2026-05-14 13:37:06 [51,613ms] [Error] [omni.kit.app._impl] [py stderr]: /home/yininghong/miniconda3/envs/behavior/lib/python3.10/site-packages/torch/functional.py:505: UserWarning: torch.meshgrid: in an upcoming release, it will be required to pass the indexing argument. (Triggered internally at /pytorch/aten/src/ATen/native/TensorShape.cpp:4317.)
  return _VF.meshgrid(tensors, **kwargs)  # type: ignore[attr-defined]
[0m[00:01:01.226] [INFO] [omnigibson.simulator] Imported scene 0.[0m
Starting kit application with the following args:  ['/home/yininghong/miniconda3/envs/behavior/lib/python3.10/site-packages/isaacsim/exts/isaacsim.simulation_app/isaacsim/simulation_app/simulation_app.py', '/home/yininghong/miniconda3/envs/behavior/lib/python3.10/site-packages/isaacsim/apps/omnigibson_4_5_0.kit', '--/app/tokens/exe-path=/home/yininghong/miniconda3/envs/behavior/lib/python3.10/site-packages/omni', '--/persistent/app/viewport/displayOptions=3094', '--/rtx/materialDb/syncLoads=True', '--/rtx/hydra/materialSyncLoads=True', '--/omni.kit.plugin/syncUsdLoads=True', '--/app/renderer/resolution/width=1280', '--/app/renderer/resolution/height=720', '--/app/window/width=1440', '--/app/window/height=900', '--/renderer/multiGpu/enabled=False', '--/app/fastShutdown=True', '--/app/installSignalHandlers=0', '--ext-folder', '/home/yininghong/miniconda3/envs/behavior/lib/python3.10/site-packages/isaacsim/exts', '--ext-folder', '/home/yininghong/miniconda3/envs/behavior/lib/python3.10/site-packages/isaacsim/apps', '--/physics/cudaDevice=0', '--portable']
Passing the following args to the base kit application:  ['--scene', 'hall_arch_wood', '--room', 'bathroom_0', '--floor', 'floors_sqkllg_0', '--seed', '788552322', '--small-item-category', 'box_of_sanitary_napkins', '--small-item-model', 'ykpeja', '--cloth-category', 'microfiber_cloth', '--cloth-model', 'zpllxb', '--scene-warmup-steps', '20', '--item-add-steps', '12', '--item-settle-steps', '30', '--post-item-freeze-steps', '4', '--cloth-add-steps', '16', '--cloth-settle-steps', '40', '--capture-render-steps', '4', '--output', 'outputs/example_for_each_task/videos/deformable/deformable_cover_small_item_cloth_hall_arch_wood_bathroom_0_q002.mp4', '--frames', '300', '--fps', '30']
Warp 1.5.0 initialized:
   CUDA Toolkit 11.8, Driver 13.0
   Devices:
     "cpu"      : "x86_64"
     "cuda:0"   : "NVIDIA GeForce RTX 3080 Ti" (12 GiB, sm_86, mempool enabled)
   Kernel cache:
     /home/yininghong/.cache/warp/1.5.0

                   ____________
                  /          / \
                 /          / /__
                /          / /  /\
               /__________/ /__/  \
               \   _____  \ \__\  /
                \  \  / \  \ \_/ /
                 \  \/___\  \   /
                  \__________\_/  
       ___                  _  ____ _ _                     
      / _ \ _ __ ___  _ __ (_)/ ___(_) |__  ___  ___  _ __  
     | | | | '_ ` _ \| '_ \| | |  _| | '_ \/ __|/ _ \| '_ \ 
     | |_| | | | | | | | | | | |_| | | |_) \__ \ (_) | | | |
      \___/|_| |_| |_|_| |_|_|\____|_|_.__/|___/\___/|_| |_|

[camera] horizontal FOV set to 70.0 deg (aperture=20.995 mm, focal_length=14.992 mm)
[33m[00:01:20.802] [WARNING] [omnigibson.objects.object_base] An object's articulation root API was changed while simulation is playing. This may cause issues.[0m
[33m[00:01:22.240] [WARNING] [omnigibson.objects.object_base] An object's articulation root API was changed while simulation is playing. This may cause issues.[0m
{
  "scene": "hall_arch_wood",
  "room": "bathroom_0",
  "resolved_room": "bathroom_0",
  "floor_name": "floors_sqkllg_0",
  "seed": 788552322,
  "small_item": {
    "category": "box_of_sanitary_napkins",
    "model": "ykpeja",
    "placement_xy": [
      12.75,
      -19.45
    ]
  },
  "cloth": {
    "category": "microfiber_cloth",
    "model": "zpllxb",
    "group": "manual_default",
    "configuration_used": "settled",
    "drop_position": [
      12.75,
      -19.45,
      0.2092
    ]
  },
  "camera_pose": {
    "position": [
      12.7572,
      -19.9681,
      0.3401
    ],
    "quaternion_xyzw": [
      0.509089,
      0.0,
      0.0,
      0.860714
    ],
    "target_xyz": [
      12.7572,
      -19.4679,
      0.0652
    ],
    "distance_to_item_m": 0.5002,
    "height_offset_m": 0.2749,
    "cloth_footprint_xy_m": 0.1654
  },
  "runtime_steps": {
    "scene_warmup_steps": 20,
    "item_add_steps": 12,
    "item_settle_steps": 30,
    "post_item_freeze_steps": 4,
    "cloth_add_steps": 16,
    "cloth_settle_steps": 40,
    "capture_render_steps": 4
  },
  "room_object_count": 47,
  "blocker_count": 20,
  "video": {
    "output": "outputs/example_for_each_task/videos/deformable/deformable_cover_small_item_cloth_hall_arch_wood_bathroom_0_q002.mp4",
    "fps": 30.0,
    "frames": 300,
    "start_position": [
      12.757232189178467,
      -19.968064600626626,
      0.3400605738752832
    ],
    "end_position": [
      12.25707644780477,
      -19.46790885925293,
      0.06516962335444987
    ],
    "target_xyz": [
      12.757232189178467,
      -19.46790885925293,
      0.06516962335444987
    ]
  }
}
[deformable_test] Orbit video saved to outputs/example_for_each_task/videos/deformable/deformable_cover_small_item_cloth_hall_arch_wood_bathroom_0_q002.mp4
