/home/yininghong/miniconda3/envs/behavior/lib/python3.10/site-packages/torch/backends/__init__.py:46: UserWarning: Please use the new API settings to control TF32 behavior, such as torch.backends.cudnn.conv.fp32_precision = 'tf32' or torch.backends.cuda.matmul.fp32_precision = 'ieee'. Old settings, e.g, torch.backends.cuda.matmul.allow_tf32 = True, torch.backends.cudnn.allow_tf32 = True, allowTF32CuDNN() and allowTF32CuBLAS() will be deprecated after Pytorch 2.9. Please see https://pytorch.org/docs/main/notes/cuda.html#tensorfloat-32-tf32-on-ampere-and-later-devices (Triggered internally at /pytorch/aten/src/ATen/Context.cpp:80.)
  self.setter(val)
[record_scene_video] args interactive=False frames=300 motion=unobserved-phases output=outputs/example_for_each_task/videos/unobserved_changes/unobserved_changes_change_identification_office_large_corridor_1_q001_phase1.mp4
[record_scene_video] loading scene=office_large room=corridor_1 full_scene=True
[0m[00:00:03.810] [INFO] [omnigibson.simulator] ----- Starting OmniGibson. This will take 10-30 seconds... -----[0m
[0m[00:00:03.810] [INFO] [omnigibson.simulator] Texture cache folder found, removing...[0m
[32m[00:00:04.301] [DEBUG] [asyncio] Using selector: EpollSelector[0m
[Info] [carb] Logging to file: /home/yininghong/miniconda3/envs/behavior/lib/python3.10/site-packages/omni/logs/Kit/OmniGibson/3.7/kit_20260514_100849.log
2026-05-14 17:08:49 [0ms] [Warning] [omni.kit.app.plugin] No crash reporter present, dumps uploading isn't available.
[0.063s] [ext: omni.kit.async_engine-0.0.1] startup
[0.323s] [ext: omni.metrics.core-0.0.1] startup
[0.323s] [ext: omni.client.lib-1.0.0] startup
[0.345s] [ext: omni.blobkey-1.1.2] startup
[0.346s] [ext: omni.stats-1.0.1] startup
[0.347s] [ext: omni.datastore-0.0.0] startup
[0.352s] [ext: omni.client-1.2.2] startup
[0.357s] [ext: omni.ujitso.default-1.0.0] startup
[0.359s] [ext: omni.hsscclient-1.1.1] startup
2026-05-14 17:08:49 [349ms] [Warning] [omni.datastore] OmniHub is inaccessible
[0.579s] [ext: omni.gpu_foundation.shadercache.vulkan-1.0.0] startup
[0.581s] [ext: omni.assets.plugins-0.0.0] startup
[0.583s] [ext: omni.gpu_foundation-0.0.0] startup
[0.590s] [ext: carb.windowing.plugins-1.0.0] startup
[0.598s] [ext: omni.kit.renderer.init-0.0.0] startup

|---------------------------------------------------------------------------------------------|
| Driver Version: 580.126.09    | Graphics API: Vulkan
|=============================================================================================|
| GPU | Name                             | Active | LDA | GPU Memory | Vendor-ID | LUID       |
|     |                                  |        |     |            | Device-ID | UUID       |
|     |                                  |        |     |            | Bus-ID    |            |
|---------------------------------------------------------------------------------------------|
| 0   | NVIDIA GeForce RTX 3080 Ti       | Yes: 0 |     | 12534   MB | 10de      | 0          |
|     |                                  |        |     |            | 2208      | 96736115.. |
|     |                                  |        |     |            | 2a        |            |
|=============================================================================================|
| OS: 24.04.3 LTS (Noble Numbat) ubuntu, Version: 24.04.3, Kernel: 6.17.0-23-generic
| XServer Vendor: The X.Org Foundation, XServer Version: 12101011 (1.21.1.11)
| Processor: AMD Ryzen 5 5600X3D 6-Core Processor
| Cores: 6 | Logical Cores: 12
|---------------------------------------------------------------------------------------------|
| Total Memory (MB): 15914 | Free Memory: 11125
| Total Page/Swap (MB): 4095 | Free Page/Swap: 3152
|---------------------------------------------------------------------------------------------|
[1.544s] [ext: omni.kit.pipapi-0.0.0] startup
[1.546s] [ext: omni.kit.pip_archive-0.0.0] startup
[1.546s] [ext: omni.kit.telemetry-0.5.1] startup
[1.590s] [ext: omni.materialx.libs-1.0.6] startup
[1.600s] [ext: omni.services.pip_archive-0.13.6] startup
[1.601s] [ext: omni.kit.loop-isaac-1.2.1] startup
[1.602s] [ext: omni.kit.test-1.1.2] startup
[1.639s] [ext: omni.usd.config-1.0.5] startup
[1.644s] [ext: omni.gpucompute.plugins-0.0.0] startup
[1.645s] [ext: omni.usd.libs-1.0.1] startup
[1.765s] [ext: omni.mdl-55.0.1] startup
[1.790s] [ext: omni.iray.libs-0.0.0] startup
[1.796s] [ext: omni.mdl.neuraylib-0.2.10] startup
[1.798s] [ext: omni.kit.usd.mdl-1.0.7] startup
[1.903s] [ext: omni.appwindow-1.1.9] startup
[2.723s] [ext: omni.kit.renderer.core-1.0.2] startup
[3.746s] [ext: omni.kit.renderer.capture-0.0.0] startup
[3.749s] [ext: omni.kit.renderer.imgui-1.0.2] startup
[3.873s] [ext: omni.ui-2.26.5] startup
[3.883s] [ext: omni.kit.mainwindow-1.0.3] startup
[3.884s] [ext: carb.audio-0.1.0] startup
[3.891s] [ext: omni.uiaudio-1.0.0] startup
[3.892s] [ext: omni.kit.uiapp-0.0.0] startup
[3.892s] [ext: omni.usd.schema.metrics.assembler-106.5.0] startup
[3.906s] [ext: omni.usd.schema.physx-106.5.7] startup
[3.939s] [ext: omni.usd.schema.audio-0.0.0] startup
[3.944s] [ext: omni.usd.schema.geospatial-0.0.0] startup
[3.948s] [ext: omni.usd.schema.semantics-0.0.0] startup
[3.952s] [ext: omni.usd.schema.forcefield-106.5.7] startup
[3.958s] [ext: omni.usd.schema.omnigraph-1.0.0] startup
[3.96[32m[00:00:08.190] [DEBUG] [AutoNode] Defining data type 'any' as 'Any'[0m
[32m[00:00:08.190] [DEBUG] [AutoNode] Defining data type 'bool' as 'Bool' and array 'BoolArray[0m
[32m[00:00:08.190] [DEBUG] [AutoNode] Defining data type 'bundle' as 'Bundle'[0m
[32m[00:00:08.190] [DEBUG] [AutoNode] Defining data type 'colord[3]' as 'Color3d' and array 'Color3dArray[0m
[32m[00:00:08.190] [DEBUG] [AutoNode] Defining data type 'colorf[3]' as 'Color3f' and array 'Color3fArray[0m
[32m[00:00:08.190] [DEBUG] [AutoNode] Defining data type 'colorh[3]' as 'Color3h' and array 'Color3hArray[0m
[32m[00:00:08.190] [DEBUG] [AutoNode] Defining data type 'colord[4]' as 'Color4d' and array 'Color4dArray[0m
[32m[00:00:08.190] [DEBUG] [AutoNode] Defining data type 'colorf[4]' as 'Color4f' and array 'Color4fArray[0m
[32m[00:00:08.190] [DEBUG] [AutoNode] Defining data type 'colorh[4]' as 'Color4h' and array 'Color4hArray[0m
[32m[00:00:08.190] [DEBUG] [AutoNode] Defining data type 'double' as 'Double' and array 'DoubleArray[0m
[32m[00:00:08.190] [DEBUG] [AutoNode] Defining data type 'double[2]' as 'Double2' and array 'Double2Array[0m
[32m[00:00:08.190] [DEBUG] [AutoNode] Defining data type 'double[3]' as 'Double3' and array 'Double3Array[0m
[32m[00:00:08.190] [DEBUG] [AutoNode] Defining data type 'double[4]' as 'Double4' and array 'Double4Array[0m
[32m[00:00:08.190] [DEBUG] [AutoNode] Defining data type 'execution' as 'Execution'[0m
[32m[00:00:08.190] [DEBUG] [AutoNode] Defining data type 'float' as 'Float' and array 'FloatArray[0m
[32m[00:00:08.190] [DEBUG] [AutoNode] Defining data type 'float[2]' as 'Float2' and array 'Float2Array[0m
[32m[00:00:08.190] [DEBUG] [AutoNode] Defining data type 'float[3]' as 'Float3' and array 'Float3Array[0m
[32m[00:00:08.190] [DEBUG] [AutoNode] Defining data type 'float[4]' as 'Float4' and array 'Float4Array[0m
[32m[00:00:08.190] [DEBUG] [AutoNode] Defining data type 'frame[4]' as 'Frame' and array 'FrameArray[0m
[32m[00:00:08.190] [DEBUG] [AutoNode] Defining data type 'half' as 'Half' and array 'HalfArray[0m
[32m[00:00:08.190] [DEBUG] [AutoNode] Defining data type 'half[2]' as 'Half2' and array 'Half2Array[0m
[32m[00:00:08.191] [DEBUG] [AutoNode] Defining data type 'half[3]' as 'Half3' and array 'Half3Array[0m
[32m[00:00:08.191] [DEBUG] [AutoNode] Defining data type 'half[4]' as 'Half4' and array 'Half4Array[0m
[32m[00:00:08.191] [DEBUG] [AutoNode] Defining data type 'int' as 'Int' and array 'IntArray[0m
[32m[00:00:08.191] [DEBUG] [AutoNode] Defining data type 'int[2]' as 'Int2' and array 'Int2Array[0m
[32m[00:00:08.191] [DEBUG] [AutoNode] Defining data type 'int[3]' as 'Int3' and array 'Int3Array[0m
[32m[00:00:08.191] [DEBUG] [AutoNode] Defining data type 'int[4]' as 'Int4' and array 'Int4Array[0m
[32m[00:00:08.191] [DEBUG] [AutoNode] Defining data type 'int64' as 'Int64' and array 'Int64Array[0m
[32m[00:00:08.191] [DEBUG] [AutoNode] Defining data type 'matrixd[2]' as 'Matrix2d' and array 'Matrix2dArray[0m
[32m[00:00:08.191] [DEBUG] [AutoNode] Defining data type 'matrixd[3]' as 'Matrix3d' and array 'Matrix3dArray[0m
[32m[00:00:08.191] [DEBUG] [AutoNode] Defining data type 'matrixd[4]' as 'Matrix4d' and array 'Matrix4dArray[0m
[32m[00:00:08.191] [DEBUG] [AutoNode] Defining data type 'normald[3]' as 'Normal3d' and array 'Normal3dArray[0m
[32m[00:00:08.191] [DEBUG] [AutoNode] Defining data type 'normalf[3]' as 'Normal3f' and array 'Normal3fArray[0m
[32m[00:00:08.191] [DEBUG] [AutoNode] Defining data type 'normalh[3]' as 'Normal3h' and array 'Normal3hArray[0m
[32m[00:00:08.191] [DEBUG] [AutoNode] Defining data type 'objectId' as 'ObjectId' and array 'ObjectIdArray[0m
[32m[00:00:08.191] [DEBUG] [AutoNode] Defining data type 'path' as 'Path'[0m
[32m[00:00:08.191] [DEBUG] [AutoNode] Defining data type 'pointd[3]' as 'Point3d' and array 'Point3dArray[0m
[32m[00:00:08.191] [DEBUG] [AutoNode] Defining data type 'pointf[3]' as 'Point3f' and array 'Point3fArray[0m
[32m[00:00:08.191] [DEBUG] [AutoNode] Defining data type 'pointh[3]' as 'Point3h' and array 'Point3hArray[0m
[32m[00:00:08.191] [DEBUG] [AutoNode] Defining data type 'quatd[4]' as 'Quatd' and array 'QuatdArray[0m
[32m[00:00:08.191] [DEBUG] [AutoNode] Defining data type 'quatf[4]' as 'Quatf' and array 'QuatfArray[0m
[32m[00:00:08.191] [DEBUG] [AutoNode] Defining data type 'quath[4]' as 'Quath' and array 'QuathArray[0m
[32m[00:00:08.191] [DEBUG] [AutoNode] Defining data type 'string' as 'String'[0m
[32m[00:00:08.191] [DEBUG] [AutoNode] Defining data type 'target' as 'Target'[0m
[32m[00:00:08.191] [DEBUG] [AutoNode] Defining data type 'texcoordd[2]' as 'TexCoord2d' and array 'TexCoord2dArray[0m
[32m[00:00:08.191] [DEBUG] [AutoNode] Defining data type 'texcoordf[2]' as 'TexCoord2f' and array 'TexCoord2fArray[0m
[32m[00:00:08.191] [DEBUG] [AutoNode] Defining data type 'texcoordh[2]' as 'TexCoord2h' and array 'TexCoord2hArray[0m
[32m[00:00:08.191] [DEBUG] [AutoNode] Defining data type 'texcoordd[3]' as 'TexCoord3d' and array 'TexCoord3dArray[0m
[32m[00:00:08.191] [DEBUG] [AutoNode] Defining data type 'texcoordf[3]' as 'TexCoord3f' and array 'TexCoord3fArray[0m
[32m[00:00:08.191] [DEBUG] [AutoNode] Defining data type 'texcoordh[3]' as 'TexCoord3h' and array 'TexCoord3hArray[0m
[32m[00:00:08.191] [DEBUG] [AutoNode] Defining data type 'timecode' as 'Timecode' and array 'TimecodeArray[0m
[32m[00:00:08.192] [DEBUG] [AutoNode] Defining data type 'token' as 'Token' and array 'TokenArray[0m
[32m[00:00:08.192] [DEBUG] [AutoNode] Defining data type 'uchar' as 'UChar' and array 'UCharArray[0m
[32m[00:00:08.192] [DEBUG] [AutoNode] Defining data type 'uint' as 'UInt' and array 'UIntArray[0m
[32m[00:00:08.192] [DEBUG] [AutoNode] Defining data type 'uint64' as 'UInt64' and array 'UInt64Array[0m
[32m[00:00:08.192] [DEBUG] [AutoNode] Defining data type 'vectord[3]' as 'Vector3d' and array 'Vector3dArray[0m
[32m[00:00:08.192] [DEBUG] [AutoNode] Defining data type 'vectorf[3]' as 'Vector3f' and array 'Vector3fArray[0m
[32m[00:00:08.192] [DEBUG] [AutoNode] Defining data type 'vectorh[3]' as 'Vector3h' and array 'Vector3hArray[0m
9s] [ext: isaacsim.robot.schema-3.1.2] startup
[3.978s] [ext: omni.usd.schema.omniscripting-1.0.0] startup
[3.984s] [ext: omni.usd.schema.isaac-3.0.2] startup
[3.984s] [ext: omni.usd.schema.anim-0.0.0] startup
[4.012s] [ext: omni.usd.schema.flow-107.0.0] startup
[4.012s] [ext: omni.graph.exec-0.9.4] startup
[4.013s] [ext: omni.kit.usd_undo-0.1.8] startup
[4.014s] [ext: omni.kit.actions.core-1.0.0] startup
[4.016s] [ext: omni.kit.exec.core-0.13.4] startup
[4.019s] [ext: omni.usd_resolver-1.0.0] startup
[4.024s] [ext: omni.kit.commands-1.4.9] startup
[4.029s] [ext: omni.activity.core-1.0.1] startup
[4.030s] [ext: omni.usd.core-1.4.2] startup
[4.034s] [ext: omni.resourcemonitor-107.0.0] startup
[4.037s] [ext: omni.kit.window.popup_dialog-2.0.24] startup
[4.041s] [ext: omni.timeline-1.0.11] startup
[4.043s] [ext: omni.kit.widget.nucleus_connector-1.1.10] startup
[4.045s] [ext: usdrt.scenegraph-7.5.1] startup
[4.084s] [ext: omni.kit.audiodeviceenum-1.0.1] startup
[4.085s] [ext: omni.hydra.usdrt_delegate-7.5.1] startup
[4.100s] [ext: omni.hydra.scene_delegate-0.3.3] startup
[4.108s] [ext: omni.usd-1.12.4] startup
[4.151s] [ext: omni.inspect-1.0.1] startup
[4.152s] [ext: omni.kit.notification_manager-1.0.9] startup
[4.154s] [ext: omni.graph.core-2.181.8] startup
[4.157s] [ext: isaacsim.core.deprecation_manager-0.2.2] startup
[4.158s] [ext: omni.kit.asset_converter-2.8.3] startup
[4.173s] [ext: omni.kit.widget.path_field-2.0.11] startup
[4.174s] [ext: omni.kit.helper.file_utils-0.1.9] startup
[4.176s] [ext: omni.kit.menu.core-1.1.2] startup
[4.177s] [ext: omni.kit.widget.browser_bar-2.0.10] startup
[4.178s] [ext: omni.kit.widget.filebrowser-2.10.52] startup
[4.183s] [ext: omni.kit.widget.context_menu-1.2.4] startup
[4.184s] [ext: omni.kit.clipboard-1.0.5] startup
[4.185s] [ext: omni.kit.widget.options_menu-1.1.6] startup
[4.188s] [ext: omni.graph.tools-1.79.1] startup
[4.216s] [ext: omni.ui.scene-1.11.2] startup
[4.220s] [ext: omni.kit.widget.options_button-1.0.3] startup
[4.221s] [ext: omni.kit.property.adapter.core-1.0.2] startup
[4.223s] [ext: omni.graph-1.140.2] startup
[4.266s] [ext: omni.kit.window.filepicker-2.11.7] startup
[4.276s] [ext: omni.kit.property.adapter.usd-1.0.2] startup
[4.278s] [ext: omni.kit.property.adapter.fabric-1.0.3] startup
[4.280s] [ext: omni.kit.widget.text_editor-1.0.2] startup
[4.282s] [ext: omni.kit.hotkeys.core-1.3.10] startup
[4.286s] [ext: omni.kit.window.content_browser_registry-0.0.6] startup
[4.287s] [ext: omni.kit.widget.filter-1.1.4] startup
[4.289s] [ext: omni.kit.widget.searchfield-1.1.8] startup
[4.291s] [ext: omni.kit.widget.highlight_label-1.0.3] startup
[4.292s] [ext: omni.ujitso.processor.texture-1.0.0] startup
[4.294s] [ext: omni.index.libs-380600.1777.0] startup
[4.294s] [ext: omni.volume-0.5.0] startup
[4.300s] [ext: omni.ujitso.client-0.0.0] startup
[4.301s] [ext: omni.index-1.0.1] startup
[4.302s] [ext: omni.hydra.rtx.shadercache.vulkan-1.0.0] startup
[4.303s] [ext: omni.kit.usd.layers-2.2.0] startup
[4.313s] [ext: omni.hydra.rtx-1.0.0] startup
2026-05-14 17:08:53 [4,314ms] [Warning] [omni.log] Source: omni.hydra was already registered.
[4.349s] [ext: omni.kit.context_menu-1.8.3] startup
[4.352s] [ext: omni.kit.viewport.scene_camera_model-1.0.5] startup
[4.360s] [ext: omni.kit.hydra_texture-1.4.0] startup
[4.365s] [ext: omni.kit.window.file_importer-1.1.14] startup
[4.368s] [ext: omni.kit.menu.utils-1.7.7] startup
[4.374s] [ext: omni.kit.viewport.legacy_gizmos-1.0.16] startup
[4.378s] [ext: omni.kit.raycast.query-1.0.5] startup
[4.386s] [ext: omni.kit.material.library-1.5.15] startup
[4.392s] [ext: omni.kit.widget.viewport-107.0.7] startup
[4.397s] [ext: omni.kit.window.file_exporter-1.0.31] startup
[4.398s] [ext: omni.kit.stage_template.core-1.1.22] startup
[4.400s] [ext: omni.kit.window.drop_support-1.0.4] startup
[4.401s] [ext: omni.kit.viewport.registry-104.0.6] startup
[4.402s] [ext: omni.hydra.engine.stats-1.0.3] startup
[4.406s] [ext: omni.kit.window.file-1.3.57] startup
[4.410s] [ext: omni.kit.viewport.window-107.0.8] startup
[4.429s] [ext: omni.kit.window.content_browser-2.10.3] startup
[4.443s] [ext: omni.kit.window.property-1.11.5] startup
[4.446s] [ext: omni.kit.widget.stage-2.11.6] startup
[4.459s] [ext: omni.kit.viewport.utility-1.0.18] startup
[4.460s] [ext: omni.kit.manipulator.viewport-107.0.1] startup
[4.462s] [ext: omni.kit.property.usd-4.2.16] startup
[4.472s] [ext: omni.kit.xr.telemetry-106.5.13] startup
[4.475s] [ext: omni.kit.window.extensions-1.4.25] startup
[4.482s] [ext: omni.graph.visualization.nodes-2.1.1] startup
[4.487s] [ext: omni.kit.widget.stage_icons-1.0.6] startup
[4.490s] [ext: omni.kit.widget.zoombar-1.0.5] startup
[4.492s] [ext: omni.kit.widget.searchable_combobox-1.0.6] startup
[4.495s] [ext: omni.kit.window.stage-2.5.11] startup
[4.503s] [ext: omni.kit.browser.core-2.3.11] startup
[4.510s] [ext: omni.kit.widget.settings-1.2.2] startup
[4.512s] [ext: omni.kit.menu.stage-1.2.5] startup
[4.514s] [ext: omni.kit.browser.folder.core-1.10.1] startup
[4.520s] [ext: omni.kit.widget.prompt-1.0.7] startup
[4.522s] [ext: omni.kit.window.preferences-1.7.0] startup
[4.529s] [ext: omni.kit.xr.configurations-106.5.13] startup
[4.529s] [ext: omni.convexdecomposition-106.5.7] startup
[4.538s] [ext: omni.kit.usd.collect-2.2.22] startup
[4.540s] [ext: omni.rtx.window.settings-0.6.17] startup
[4.544s] [ext: omni.kit.manipulator.camera-106.0.3] startup
[4.550s] [ext: omni.kit.xr.core-106.5.13] startup
[4.594s] [ext: omni.kvdb-106.5.7] startup
[4.598s] [ext: omni.services.facilities.base-1.0.4] startup
[4.599s] [ext: omni.usdphysics-106.5.7] startup
[4.605s] [ext: omni.physx.foundation-106.5.7] startup
[4.607s] [ext: omni.localcache-106.5.7] startup
[4.609s] [ext: omni.services.core-1.9.0] startup
[4.916s] [ext: omni.physx.cooking-106.5.7] startup
[4.930s] [ext: omni.kit.tool.collect-2.2.16] startup
[4.933s] [ext: omni.kit.xr.ui.window.viewport-106.5.13] startup
[4.941s] [ext: omni.services.transport.server.base-1.1.1] startup
[4.943s] [ext: omni.physx-106.5.7] startup
[4.960s] [ext: isaacsim.examples.browser-0.1.8] startup
[4.963s] [ext: omni.graph.action_core-1.1.7] startup
[4.968s] [ext: omni.ui_query-1.1.7] startup
[4.969s] [ext: omni.services.transport.server.zeroconf-1.0.9] startup
[4.984s] [ext: omni.graph.action_nodes-1.40.1] startup
[4.991s] [ext: omni.kit.ui_test-1.3.3] startup
[4.995s] [ext: omni.kit.xr.advertise-106.5.13] startup
[4.999s] [ext: omni.graph.action-1.120.0] startup
[5.001s] [ext: omni.kit.xr.ui.window.profile-106.5.13] startup
[5.186s] [ext: omni.kit.xr.system.cloudxr-106.5.13] startup
[5.190s] [ext: omni.kit.tool.asset_importer-2.12.2] startup
[5.196s] [ext: isaacsim.gui.components-1.0.9] startup
[5.200s] [ext: omni.kit.xr.profile.common-106.5.13] startup
[5.205s] [ext: isaacsim.asset.importer.urdf-2.3.10] startup
[5.286s] [ext: omni.graph.image.core-0.6.0] startup
[5.288s] [ext: isaacsim.core.version-2.0.2] startup
[5.291s] [ext: omni.graph.image.nodes-1.3.0] startup
[5.294s] [ext: isaacsim.storage.native-1.0.6] startup
[5.298s] [ext: omni.kit.data2ui.core-1.0.27] startup
[5.302s] [ext: omni.graph.nodes-1.162.1] startup
[5.315s] [ext: omni.physx.stageupdate-106.5.7] startup
[5.318s] [ext: omni.kit.numpy.common-0.1.2] startup
[5.320s] [ext: omni.kit.data2ui.usd-1.0.27] startup
[5.330s] [ext: omni.warp.core-1.5.0] startup
[5.333s] [ext: omni.isaac.dynamic_control-1.3.15] startup
2026-05-14 17:08:54 [5,328ms] [Warning] [omni.isaac.dynamic_control] omni.isaac.dynamic_control is deprecated as of Isaac Sim 4.5. No action is needed from end-users.
[5.340s] [ext: omni.no_code_ui.bundle-1.0.27] startup
[5.341s] [ext: omni.kit.xr.scene_view.core-106.5.13] startup
[5.354s] [ext: isaacsim.core.utils-2.2.8] startup
[5.359s] [ext: omni.kit.xr.scene_view.utils-106.5.13] startup
[6.081s] [ext: omni.kit.xr.system.steamvr-106.5.13] startup
[6.084s] [ext: isaacsim.asset.browser-1.3.4] startup
[6.088s] [ext: omni.kit.xr.ui.stage-106.5.13] startup
[6.100s] [ext: omni.kit.xr.system.openxr-106.5.13] startup
[6.107s] [ext: omni.isaac.asset_browser-1.0.2] startup
2026-05-14 17:08:55 [6,097ms] [Warning] [omni.isaac.asset_browser] omni.isaac.asset_browser has been deprecated in favor of isaacsim.asset.browser. Please update your code accordingly.
[6.109s] [ext: omni.kit.xr.profile.vr-106.5.13] startup
[6.113s] [ext: omni.physics.tensors-106.5.7] startup
[6.124s] [ext: omni.graph.ui_nodes-1.40.1] startup
[6.132s] [ext: omni.physx.tensors-106.5.7] startup
[6.141s] [ext: omni.kit.primitive.mesh-1.0.17] startup
[6.146s] [ext: isaacsim.core.simulation_manager-0.3.3] startup
[6.309s] [ext: omni.kit.stage_templates-1.2.6] startup
[6.314s] [ext: isaacsim.core.prims-0.3.7] startup
[6.333s] [ext: omni.kit.widget.graph-1.12.17] startup
[6.340s] [ext: isaacsim.core.api-4.2.16] startup
[6.354s] [ext: omni.kit.graph.delegate.default-1.2.2] startup
[6.356s] [ext: omni.graph.scriptnode-1.40.1] startup
[6.357s] [ext: omni.kit.graph.editor.core-1.5.3] startup
[6.363s] [ext: isaacsim.core.cloner-1.3.4] startup
[6.367s] [ext: omni.kit.graph.usd.commands-1.3.1] startup
[6.368s] [ext: omni.isaac.assets_check-0.3.9] startup
2026-05-14 17:08:55 [6,358ms] [Warning] [omni.isaac.assets_check] omni.isaac.assets_check has been deprecated in favor of isaacsim.asset.browser. Please update your code accordingly.
[6.369s] [ext: omni.kit.widget.material_preview-1.0.16] startup
[6.372s] [ext: omni.kit.viewport.menubar.core-107.1.2] startup
[6.387s] [ext: omni.isaac.cloner-1.0.2] startup
2026-05-14 17:08:55 [6,377ms] [Warning] [omni.isaac.cloner] omni.isaac.cloner has been deprecated in favor of isaacsim.core.cloner. Please update your code accordingly.
[6.389s] [ext: isaacsim.core.throttling-2.0.2] startup
[6.390s] [ext: omni.flowusd-106.5.2] startup
2026-05-14 17:08:55 [6,386ms] [Warning] [omni.stageupdate.plugin] Deprecated: direct use of IStageUpdate callbacks is deprecated. Use IStageUpdate::getStageUpdate instead.
[6.400s] [ext: omni.kit.window.material_graph-1.8.19] startup
[6.413s] [ext: omni.syntheticdata-0.6.10] startup
[6.429s] [ext: omni.warp-1.5.0] startup
[6.442s] [ext: isaacsim.simulation_app-2.4.2] startup
[6.443s] [ext: isaacsim.robot_motion.lula-4.0.4] startup
[6.453s] [ext: omni.replicator.core-1.11.35] startup
2026-05-14 17:08:55 [6,595ms] [Warning] [omni.replicator.core.scripts.extension] No material configuration file, adding configuration to material settings directly.
[6.609s] [ext: omni.isaac.kit-2.0.3] startup
2026-05-14 17:08:55 [6,600ms] [Warning] [omni.isaac.kit] omni.isaac.kit has been deprecated in favor of isaacsim.simulation_app. Please update your code accordingly.
[6.612s] [ext: omni.isaac.lula-4.0.2] startup
2026-05-14 17:08:55 [6,602ms] [Warning] [omni.isaac.lula] omni.isaac.lula has been deprecated in favor of isaacsim.robot_motion.lula. Please update your code accordingly.
[6.613s] [ext: isaacsim.core.nodes-2.1.4] startup
[6.623s] [ext: isaacsim.robot_motion.motion_generation-8.0.6] startup
[6.658s] [ext: isaacsim.robot.surface_gripper-2.0.6] startup
[6.668s] [ext: omni.kit.selection-0.1.5] startup
[6.673s] [ext: isaacsim.robot_motion.lula_test_widget-1.0.5] startup
[6.685s] [ext: isaacsim.robot.manipulators-3.0.4] startup
[6.703s] [ext: isaacsim.gui.menu-2.0.9] startup
[6.730s] [ext: omni.isaac.lula_test_widget-1.0.2] startup
2026-05-14 17:08:55 [6,725ms] [Warning] [omni.isaac.lula_test_widget] omni.isaac.lula_test_widget has been deprecated in favor of isaacsim.robot_motion.lula_test_widget. Please update your code accordingly.
[6.736s] [ext: omni.isaac.manipulators-3.0.3] startup
2026-05-14 17:08:55 [6,728ms] [Warning] [omni.isaac.manipulators] omni.isaac.manipulators has been deprecated in favor of isaacsim.robot.manipulators. Please update your code accordingly.
2026-05-14 17:08:55 [6,729ms] [Warning] [omni.isaac.manipulators.controllers] omni.isaac.manipulators has been deprecated in favor of isaacsim.robot.manipulators. Please update your code accordingly.
2026-05-14 17:08:55 [6,729ms] [Warning] [omni.isaac.manipulators.controllers.pick_place_controller] omni.isaac.manipulators has been deprecated in favor of isaacsim.robot.manipulators. Please update your code accordingly.
2026-05-14 17:08:55 [6,731ms] [Warning] [omni.isaac.manipulators.controllers.stacking_controller] omni.isaac.manipulators has been deprecated in favor of isaacsim.robot.manipulators. Please update your code accordingly.
2026-05-14 17:08:55 [6,732ms] [Warning] [omni.isaac.manipulators.grippers] omni.isaac.manipulators has been deprecated in favor of isaacsim.robot.manipulators. Please update your code accordingly.
2026-05-14 17:08:55 [6,732ms] [Warning] [omni.isaac.manipulators.grippers.gripper] omni.isaac.manipulators has been deprecated in favor of isaacsim.robot.manipulators. Please update your code accordingly.
2026-05-14 17:08:55 [6,732ms] [Warning] [omni.isaac.manipulators.grippers.parallel_gripper] omni.isaac.manipulators has been deprecated in favor of isaacsim.robot.manipulators. Please update your code accordingly.
2026-05-14 17:08:55 [6,732ms] [Warning] [omni.isaac.manipulators.grippers.surface_gripper] omni.isaac.manipulators has been deprecated in favor of isaacsim.robot.manipulators. Please update your code accordingly.
2026-05-14 17:08:55 [6,733ms] [Warning] [omni.isaac.manipulators.manipulators] omni.isaac.manipulators has been deprecated in favor of isaacsim.robot.manipulators. Please update your code accordingly.
2026-05-14 17:08:55 [6,733ms] [Warning] [omni.isaac.manipulators.manipulators.single_manipulator] omni.isaac.manipulators has been deprecated in favor of isaacsim.robot.manipulators. Please update your code accordingly.
[6.745s] [ext: omni.isaac.menu-1.0.2] startup
2026-05-14 17:08:55 [6,736ms] [Warning] [omni.isaac.menu] omni.isaac.menu has been deprecated in favor of isaacsim.gui.menu. Please update your code accordingly.
[6.747s] [ext: isaacsim.util.debug_draw-2.0.2] startup
[6.757s] [ext: omni.isaac.motion_generation-8.0.2] startup
2026-05-14 17:08:56 [6,747ms] [Warning] [omni.isaac.motion_generation] omni.isaac.motion_generation has been deprecated in favor of isaacsim.robot_motion.motion_generation. Please update your code accordingly.
2026-05-14 17:08:56 [6,751ms] [Warning] [omni.isaac.motion_generation.articulation_kinematics_solver] omni.isaac.motion_generation has been deprecated in favor of isaacsim.robot_motion.motion_generation. Please update your code accordingly.
2026-05-14 17:08:56 [6,752ms] [Warning] [omni.isaac.motion_generation.articulation_motion_policy] omni.isaac.motion_generation has been deprecated in favor of isaacsim.robot_motion.motion_generation. Please update your code accordingly.
2026-05-14 17:08:56 [6,752ms] [Warning] [omni.isaac.motion_generation.articulation_trajectory] omni.isaac.motion_generation has been deprecated in favor of isaacsim.robot_motion.motion_generation. Please update your code accordingly.
2026-05-14 17:08:56 [6,753ms] [Warning] [omni.isaac.motion_generation.kinematics_interface] omni.isaac.motion_generation has been deprecated in favor of isaacsim.robot_motion.motion_generation. Please update your code accordingly.
2026-05-14 17:08:56 [6,753ms] [Warning] [omni.isaac.motion_generation.lula] omni.isaac.motion_generation has been deprecated in favor of isaacsim.robot_motion.motion_generation. Please update your code accordingly.
2026-05-14 17:08:56 [6,753ms] [Warning] [omni.isaac.motion_generation.lula.kinematics] omni.isaac.motion_generation has been deprecated in favor of isaacsim.robot_motion.motion_generation. Please update your code accordingly.
2026-05-14 17:08:56 [6,754ms] [Warning] [omni.isaac.motion_generation.lula.motion_policies] omni.isaac.motion_generation has been deprecated in favor of isaacsim.robot_motion.motion_generation. Please update your code accordingly.
2026-05-14 17:08:56 [6,754ms] [Warning] [omni.isaac.motion_generation.lula.path_planners] omni.isaac.motion_generation has been deprecated in favor of isaacsim.robot_motion.motion_generation. Please update your code accordingly.
2026-05-14 17:08:56 [6,754ms] [Warning] [omni.isaac.motion_generation.lula.trajectory_generator] omni.isaac.motion_generation has been deprecated in favor of isaacsim.robot_motion.motion_generation. Please update your code accordingly.
2026-05-14 17:08:56 [6,755ms] [Warning] [omni.isaac.motion_generation.motion_policy_controller] omni.isaac.motion_generation has been deprecated in favor of isaacsim.robot_motion.motion_generation. Please update your code accordingly.
2026-05-14 17:08:56 [6,755ms] [Warning] [omni.isaac.motion_generation.motion_policy_interface] omni.isaac.motion_generation has been deprecated in favor of isaacsim.robot_motion.motion_generation. Please update your code accordingly.
2026-05-14 17:08:56 [6,756ms] [Warning] [omni.isaac.motion_generation.path_planner_visualizer] omni.isaac.motion_generation has been deprecated in favor of isaacsim.robot_motion.motion_generation. Please update your code accordingly.
2026-05-14 17:08:56 [6,756ms] [Warning] [omni.isaac.motion_generation.path_planning_interface] omni.isaac.motion_generation has been deprecated in favor of isaacsim.robot_motion.motion_generation. Please update your code accordingly.
2026-05-14 17:08:56 [6,756ms] [Warning] [omni.isaac.motion_generation.trajectory] omni.isaac.motion_generation has been deprecated in favor of isaacsim.robot_motion.motion_generation. Please update your code accordingly.
2026-05-14 17:08:56 [6,757ms] [Warning] [omni.isaac.motion_generation.world_interface] omni.isaac.motion_generation has been deprecated in favor of isaacsim.robot_motion.motion_generation. Please update your code accordingly.
[6.768s] [ext: isaacsim.sensors.physics-0.3.5] startup
[6.777s] [ext: omni.sensors.nv.common-2.5.0-coreapi] startup
[6.800s] [ext: isaacsim.sensors.physx-2.2.4] startup
[6.815s] [ext: omni.isaac.nucleus-1.0.3] startup
2026-05-14 17:08:56 [6,805ms] [Warning] [omni.isaac.nucleus] omni.isaac.nucleus has been deprecated in favor of isaacsim.storage.native. Please update your code accordingly.
2026-05-14 17:08:56 [6,806ms] [Warning] [omni.isaac.nucleus.nucleus] omni.isaac.nucleus.nucleus has been deprecated in favor of isaacsim.storage.native. Please update your code accordingly.
[6.817s] [ext: isaacsim.robot.policy.examples-4.0.3] startup
[6.826s] [ext: omni.sensors.nv.materials-1.4.0-coreapi] startup
[6.835s] [ext: omni.isaac.range_sensor-4.0.2] startup
[6.839s] [ext: isaacsim.sensors.camera-0.2.9] startup
[6.847s] [ext: omni.isaac.quadruped-3.0.2] startup
2026-05-14 17:08:56 [6,838ms] [Warning] [omni.isaac.quadruped] omni.isaac.quadruped has been deprecated in favor of isaacsim.robot.policy.examples. Please update your code accordingly.
[6.849s] [ext: omni.sensors.nv.ids-1.4.0-coreapi] startup
[6.857s] [ext: omni.kit.menu.create-1.0.17] startup
[6.859s] [ext: omni.sensors.nv.wpm-2.4.0-coreapi] startup
[6.863s] [ext: omni.kit.manipulator.transform-106.0.1] startup
[6.867s] [ext: omni.kit.widget.toolbar-1.7.3] startup
[6.875s] [ext: omni.sensors.nv.radar-2.6.1-coreapi] startup
[6.885s] [ext: omni.sensors.tiled-0.0.6] startup
[6.889s] [ext: omni.sensors.nv.lidar-2.6.3-coreapi] startup
[6.899s] [ext: omni.kit.manipulator.tool.snap-1.5.12] startup
[6.903s] [ext: omni.kit.manipulator.selector-1.1.1] startup
[6.906s] [ext: isaacsim.sensors.rtx-13.6.3] startup
[6.914s] [ext: omni.isaac.core-4.0.3] startup
2026-05-14 17:08:56 [6,906ms] [Warning] [omni.isaac.core.physics_context.physics_context] omni.isaac.core.physics_context.physics_context has been deprecated in favor of isaacsim.core.api.physics_context.physics_context. Please update your code accordingly.
2026-05-14 17:08:56 [6,906ms] [Warning] [omni.isaac.core.simulation_context.simulation_context] omni.isaac.core.simulation_context.simulation_context has been deprecated in favor of isaacsim.core.api.simulation_context.simulation_context. Please update your code accordingly.
2026-05-14 17:08:56 [6,907ms] [Warning] [omni.isaac.core.world.world] omni.isaac.core.world.world has been deprecated in favor of isaacsim.core.api.world.world. Please update your code accordingly.
2026-05-14 17:08:56 [6,907ms] [Warning] [omni.isaac.core] omni.isaac.core has been deprecated in favor of isaacsim.core.api. Please update your code accordingly.
[6.919s] [ext: omni.kit.scripting-106.5.2] startup
[6.930s] [ext: omni.kit.viewport.manipulator.transform-107.0.4] startup
[6.933s] [ext: omni.isaac.sensor-13.0.3] startup
2026-05-14 17:08:56 [6,923ms] [Warning] [omni.isaac.sensor] omni.isaac.sensor has been deprecated in favor of isaacsim.sensors.camera, isaacsim.sensors.physics, isaacsim.sensors.physx, and isaacsim.sensors.rtx. Please update your code accordingly.
2026-05-14 17:08:56 [6,923ms] [Warning] [omni.isaac.sensor.camera] omni.isaac.sensor.camera has been deprecated in favor of isaacsim.sensors.camera.camera. Please update your code accordingly.
2026-05-14 17:08:56 [6,923ms] [Warning] [omni.isaac.sensor.camera_view] omni.isaac.sensor.camera_view has been deprecated in favor of isaacsim.sensors.camera.camera_view. Please update your code accordingly.
2026-05-14 17:08:56 [6,923ms] [Warning] [omni.isaac.sensor.commands] omni.isaac.sensor.commands has been deprecated in favor of isaacsim.sensors.physics.commands, isaacsim.sensors.physx.commands, and isaacsim.sensors.rtx.commands. Please update your code accordingly.
2026-05-14 17:08:56 [6,923ms] [Warning] [omni.isaac.sensor.contact_sensor] omni.isaac.sensor.contact_sensor has been deprecated in favor of isaacsim.sensors.physics.contact_sensor. Please update your code accordingly.
2026-05-14 17:08:56 [6,924ms] [Warning] [omni.isaac.sensor.imu_sensor] omni.isaac.sensor.imu_sensor has been deprecated in favor of isaacsim.sensors.physics.imu_sensor. Please update your code accordingly.
2026-05-14 17:08:56 [6,924ms] [Warning] [omni.isaac.sensor.lidar_rtx] omni.isaac.sensor.lidar_rtx has been deprecated in favor of isaacsim.sensors.rtx.lidar_rtx. Please update your code accordingly.
2026-05-14 17:08:56 [6,924ms] [Warning] [omni.isaac.sensor.rotating_lidar_physX] omni.isaac.sensor.imu_sensor has been deprecated in favor of isaacsim.sensors.physix.rotating_lidar_physX. Please update your code accordingly.
2026-05-14 17:08:56 [6,924ms] [Warning] [omni.isaac.sensor.scripts.samples.contact_sensor] omni.isaac.sensor.scripts.samples.contact_sensor has been deprecated in favor of isaacsim.sensors.physics.scripts.samples.contact_sensor. Please update your code accordingly.
2026-05-14 17:08:56 [6,925ms] [Warning] [omni.isaac.sensor.scripts.samples.imu_sensor] omni.isaac.sensor.scripts.samples.imu_sensor has been deprecated in favor of isaacsim.sensors.physics.scripts.samples.imu_sensor. Please update your code accordingly.
2026-05-14 17:08:56 [6,925ms] [Warning] [omni.isaac.sensor.scripts.samples.lightbeam_sensor] omni.isaac.sensor.scripts.samples.lightbeam_sensor has been deprecated in favor of isaacsim.sensors.physx.scripts.samples.lightbeam_sensor. Please update your code accordingly.
[6.936s] [ext: omni.isaac.surface_gripper-2.0.2] startup
2026-05-14 17:08:56 [6,927ms] [Warning] [omni.isaac.surface_gripper] omni.isaac.surface_gripper has been deprecated in favor of isaacsim.robot.surface_gripper. Please update your code accordingly.
[6.938s] [ext: omni.isaac.core_nodes-2.0.2] startup
2026-05-14 17:08:56 [6,934ms] [Warning] [omni.isaac.core_nodes] omni.isaac.core_nodes has been deprecated in favor of isaacsim.core.nodes. Please update your code accordingly.
[6.946s] [ext: isaacsim.replicator.behavior-1.0.8] startup
[6.948s] [ext: omni.kit.manipulator.prim.core-107.0.7] startup
[6.955s] [ext: omni.fabric.commands-1.1.5] startup
[6.959s] [ext: omni.kit.viewport.actions-107.0.0] startup
[6.963s] [ext: omni.kit.manipulator.prim.usd-107.0.3] startup
[6.965s] [ext: omni.kit.manipulator.prim.fabric-107.0.4] startup
[6.967s] [ext: isaacsim.app.about-2.0.7] startup
[6.969s] [ext: omni.kit.manipulator.selection-106.0.1] startup
[6.971s] [ext: omni.kit.viewport.menubar.display-107.0.3] startup
[6.973s] [ext: omni.kit.widget.layers-1.8.2] startup
[6.986s] [ext: omni.kit.manipulator.prim-107.0.0] startup
[6.987s] [ext: omni.debugdraw-0.1.3] startup
[6.993s] [ext: omni.isaac.window.about-2.0.2] startup
2026-05-14 17:08:56 [6,982ms] [Warning] [omni.isaac.window.about] omni.isaac.window.about has been deprecated in favor of isaacsim.app.about. Please update your code accordingly.
2026-05-14 17:08:56 [6,983ms] [Warning] [omni.isaac.window.about.about] omni.isaac.window.about.about has been deprecated in favor of isaacsim.app.about.about. Please update your code accordingly.
[6.994s] [ext: omni.kit.property.audio-1.0.16] startup
[6.996s] [ext: omni.physx.commands-106.5.7] startup
[6.999s] [ext: omni.usdphysics.ui-106.5.7] startup
[7.032s] [ext: omni.kit.property.camera-1.0.9] startup
[7.034s] [ext: omni.kit.property.geometry-1.3.3] startup
[7.038s] [ext: omni.kit.property.light-1.0.11] startup
[7.040s] [ext: omni.hydra.scene_api-0.1.2] startup
[7.048s] [ext: omni.physx.ui-106.5.7] startup
[7.082s] [ext: omni.kit.property.material-1.10.17] startup
[7.090s] [ext: omni.kit.property.render-1.1.3] startup
[7.092s] [ext: isaacsim.robot.manipulators.examples-1.0.3] startup
[7.093s] [ext: omni.kit.property.transform-1.5.10] startup
[7.098s] [ext: omni.physx.demos-106.5.7] startup
[7.119s] [ext: omni.kit.property.physx-106.5.7] startup
[7.161s] [ext: isaacsim.gui.property-1.0.4] startup
[7.164s] [ext: omni.isaac.franka-1.0.2] startup
2026-05-14 17:08:56 [7,154ms] [Warning] [omni.isaac.franka] omni.isaac.franka has been deprecated in favor of isaacsim.robot.manipulators.examples.franka. Please update your code accordingly.
2026-05-14 17:08:56 [7,154ms] [Warning] [omni.isaac.franka.franka] omni.isaac.franka has been deprecated in favor of isaacsim.robot.manipulators.examples.franka. Please update your code accordingly.
2026-05-14 17:08:56 [7,155ms] [Warning] [omni.isaac.franka.kinematics_solver] omni.isaac.franka has been deprecated in favor of isaacsim.robot.manipulators.examples.franka. Please update your code accordingly.
[7.166s] [ext: omni.kit.property.bundle-1.3.2] startup
[7.169s] [ext: omni.physx.vehicle-106.5.7] startup
[7.193s] [ext: omni.kit.property.isaac-1.0.2] startup
2026-05-14 17:08:56 [7,184ms] [Warning] [omni.kit.property.isaac] omni.kit.property.isaac has been deprecated in favor of isaacsim.gui.property. Please update your code accordingly.
2026-05-14 17:08:56 [7,184ms] [Warning] [omni.kit.property.isaac.widgets] omni.kit.property.isaac.widgets has been deprecated in favor of isaacsim.gui.property.widgets. Please update your code accordingly.
[7.195s] [ext: omni.kit.viewport.menubar.camera-107.0.2] startup
[7.202s] [ext: omni.kit.viewport.menubar.lighting-106.0.2] startup
[7.205s] [ext: omni.kit.viewport.menubar.render-107.0.8] startup
[7.208s] [ext: isaacsim.replicator.domain_randomization-1.0.2] startup
[7.212s] [ext: omni.physx.camera-106.5.7] startup
[7.228s] [ext: omni.kit.window.toolbar-1.6.2] startup
[7.235s] [ext: omni.physx.cct-106.5.7] startup
[7.249s] [ext: isaacsim.cortex.framework-1.0.2] startup
[7.251s] [ext: omni.isaac.universal_robots-1.0.2] startup
2026-05-14 17:08:56 [7,243ms] [Warning] [omni.isaac.universal_robots] omni.isaac.universal_robots has been deprecated in favor of isaacsim.robot.manipulators.examples.universal_robots. Please update your code accordingly.
2026-05-14 17:08:56 [7,243ms] [Warning] [omni.isaac.universal_robots.kinematics_solver] omni.isaac.franka has been deprecated in favor of isaacsim.robot.manipulators.examples.universal_robots. Please update your code accordingly.
2026-05-14 17:08:56 [7,246ms] [Warning] [omni.isaac.universal_robots.ur10] omni.isaac.franka has been deprecated in favor of isaacsim.robot.manipulators.examples.universal_robots. Please update your code accordingly.
[7.257s] [ext: isaacsim.replicator.writers-1.0.1] startup
[7.282s] [ext: omni.physx.graph-106.5.7] startup
[7.307s] [ext: omni.physx.supportui-106.5.7] startup
[7.334s] [ext: omni.isaac.utils-2.0.2] startup
[7.336s] [ext: omni.isaac.cortex-1.0.2] startup
2026-05-14 17:08:56 [7,326ms] [Warning] [omni.isaac.cortex] omni.isaac.cortex has been deprecated in favor of isaacsim.cortex.framework. Please update your code accordingly.
[7.338s] [ext: omni.physx.telemetry-106.5.7] startup
[7.341s] [ext: isaacsim.replicator.examples-1.1.2] startup
[7.343s] [ext: omni.kit.viewport.menubar.settings-107.0.3] startup
[7.357s] [ext: omni.kit.window.console-0.2.14] startup
[7.371s] [ext: omni.usd.metrics.assembler-106.5.0] startup
[7.384s] [ext: omni.kit.window.status_bar-0.1.7] startup
[7.389s] [ext: omni.physx.bundle-106.5.7] startup
[7.390s] [ext: omni.replicator.isaac-2.0.3] startup
2026-05-14 17:08:56 [7,379ms] [Warning] [omni.replicator.isaac] omni.replicator.isaac has been deprecated in favor of isaacsim.replicator.domain_randomization, isaacsim.replicator.examples, isaacsim.replicator.writers. Please update your code accordingly.
[7.390s] [ext: omni.replicator.replicator_yaml-2.0.10] startup
[7.395s] [ext: omni.rtx.settings.core-0.6.3] startup
[7.402s] [ext: omni.usd.metrics.assembler.ui-106.5.0] startup
[7.408s] [ext: isaacsim.robot.wheeled_robots-4.0.3] startup
[7.415s] [ext: isaacsim.cortex.behaviors-2.0.3] startup
[7.417s] [ext: omni.isaac.version-2.0.2] startup
2026-05-14 17:08:56 [7,408ms] [Warning] [omni.isaac.version] omni.isaac.version has been deprecated in favor of isaacsim.core.version. Please update your code accordingly.
[7.419s] [ext: semantics.schema.editor-0.3.10] startup
[7.426s] [ext: omni.kit.ui.actions-1.0.2] startup
[7.428s] [ext: semantics.schema.property-1.0.5] startup
[7.431s] [ext: omni.isaac.wheeled_robots-3.0.3] startup
2026-05-14 17:08:56 [7,422ms] [Warning] [omni.isaac.wheeled_robots] omni.isaac.wheeled_robots has been deprecated in favor of isaacsim.robot.wheeled_robots. Please update your code accordingly.
2026-05-14 17:08:56 [7,423ms] [Warning] [omni.isaac.wheeled_robots.controllers] omni.isaac.wheeled_robots has been deprecated in favor of isaacsim.robot.wheeled_robots. Please update your code accordingly.
2026-05-14 17:08:56 [7,424ms] [Warning] [omni.isaac.wheeled_robots.controllers.ackermann_controller] omni.isaac.wheeled_robots has been deprecated in favor of isaacsim.robot.wheeled_robots. Please update your code accordingly.
2026-05-14 17:08:56 [7,424ms] [Warning] [omni.isaac.wheeled_robots.controllers.differential_controller] omni.isaac.wheeled_robots has been deprecated in favor of isaacsim.robot.wheeled_robots. Please update your code accordingly.
2026-05-14 17:08:56 [7,425ms] [Warning] [omni.isaac.wheeled_robots.controllers.holonomic_controller] omni.isaac.wheeled_robots has been deprecated in favor of isaacsim.robot.wheeled_robots. Please update your code accordingly.
2026-05-14 17:08:56 [7,426ms] [Warning] [omni.isaac.wheeled_robots.controllers.quintic_path_planner] omni.isaac.wheeled_robots has been deprecated in favor of isaacsim.robot.wheeled_robots. Please update your code accordingly.
2026-05-14 17:08:56 [7,426ms] [Warning] [omni.isaac.wheeled_robots.controllers.stanley_control] omni.isaac.wheeled_robots has been deprecated in favor of isaacsim.robot.wheeled_robots. Please update your code accordingly.
2026-05-14 17:08:56 [7,426ms] [Warning] [omni.isaac.wheeled_robots.controllers.wheel_base_pose_controller] omni.isaac.wheeled_robots has been deprecated in favor of isaacsim.robot.wheeled_robots. Please update your code accordingly.
2026-05-14 17:08:56 [7,427ms] [Warning] [omni.isaac.wheeled_robots.impl] omni.isaac.wheeled_robots has been deprecated in favor of isaacsim.robot.wheeled_robots. Please update your code accordingly.
2026-05-14 17:08:56 [7,427ms] [Warning] [omni.isaac.wheeled_robots.robots] omni.isaac.wheeled_robots has been deprecated in favor of isaacsim.robot.wheeled_robots. Please update your code accordingly.
2026-05-14 17:08:56 [7,428ms] [Warning] [omni.isaac.wheeled_robots.robots.holonomic_robot_usd_setup] omni.isaac.wheeled_robots has been deprecated in favor of isaacsim.robot.wheeled_robots. Please update your code accordingly.
2026-05-14 17:08:56 [7,428ms] [Warning] [omni.isaac.wheeled_robots.robots.wheeled_robot] omni.isaac.wheeled_robots has been deprecated in favor of isaacsim.robot.wheeled_robots. Please update your code accordingly.
[7.439s] [ext: omni.isaac.cortex.sample_behaviors-2.0.2] startup
2026-05-14 17:08:56 [7,430ms] [Warning] [omni.isaac.cortex.sample_behaviors] omni.isaac.cortex.sample_behaviors has been deprecated in favor of isaacsim.cortex.behaviors. Please update your code accordingly.
[7.442s] [ext: omni.anim.curve.core-1.2.0] startup
[7.460s] [ext: isaacsim.asset.importer.mjcf-2.3.3] startup
[7.469s] [ext: omni.kit.menu.common-1.1.9] startup
[7.472s] [ext: isaacsim.exp.base-4.5.0] startup
[7.473s] [ext: omnigibson_4_5_0-1.5.0] startup
[7.474s] Simulation App Starting
[7.823s] app ready
2026-05-14 17:08:57 [7,841ms] [Warning] [rtx.scenedb.plugin] SceneDbContext : TLAS limit buffer size 7508933632
2026-05-14 17:08:57 [7,841ms] [Warning] [rtx.scenedb.plugin] SceneDbContext : TLAS limit : valid false, within: false
2026-05-14 17:08:57 [7,841ms] [Warning] [rtx.scenedb.plugin] SceneDbContext : TLAS limit : decrement: 167690, decrement size: 7433845248
2026-05-14 17:08:57 [7,841ms] [Warning] [rtx.scenedb.plugin] SceneDbContext : New limit 9574251 (slope: 447, intercept: 13179904)
2026-05-14 17:08:57 [7,841ms] [Warning] [rtx.scenedb.plugin] SceneDbContext : TLAS limit buffer size 4287216384
2026-05-14 17:08:57 [7,841ms] [Warning] [rtx.scenedb.plugin] SceneDbContext : TLAS limit : valid true, within: true
[0m[00:00:19.018] [INFO] [omnigibson.simulator] ---------- Welcome to OmniGibson! ----------[0m
[0m[00:09:32.224] [INFO] [omnigibson.simulator] Imported scene 0.[0m
Starting kit application with the following args:  ['/home/yininghong/miniconda3/envs/behavior/lib/python3.10/site-packages/isaacsim/exts/isaacsim.simulation_app/isaacsim/simulation_app/simulation_app.py', '/home/yininghong/miniconda3/envs/behavior/lib/python3.10/site-packages/isaacsim/apps/omnigibson_4_5_0.kit', '--/app/tokens/exe-path=/home/yininghong/miniconda3/envs/behavior/lib/python3.10/site-packages/omni', '--/persistent/app/viewport/displayOptions=3094', '--/rtx/materialDb/syncLoads=True', '--/rtx/hydra/materialSyncLoads=True', '--/omni.kit.plugin/syncUsdLoads=True', '--/app/renderer/resolution/width=1280', '--/app/renderer/resolution/height=720', '--/app/window/width=1440', '--/app/window/height=900', '--/renderer/multiGpu/enabled=False', '--/app/fastShutdown=True', '--/app/installSignalHandlers=0', '--ext-folder', '/home/yininghong/miniconda3/envs/behavior/lib/python3.10/site-packages/isaacsim/exts', '--ext-folder', '/home/yininghong/miniconda3/envs/behavior/lib/python3.10/site-packages/isaacsim/apps', '--/physics/cudaDevice=0', '--portable']
Passing the following args to the base kit application:  ['--task', 'unobserved_changes', '--metadata', 'json-tmp/unobserved_changes/change_identification/office_large/corridor_1/q_001.json', '--output', 'outputs/example_for_each_task/videos/unobserved_changes/unobserved_changes_change_identification_office_large_corridor_1_q001_phase1.mp4', '--motion', 'task-demo', '--unobserved-phase', 'phase1', '--keep-doors-closed', '--frames', '300', '--fps', '30']
Warp 1.5.0 initialized:
   CUDA Toolkit 11.8, Driver 13.0
   Devices:
     "cpu"      : "x86_64"
     "cuda:0"   : "NVIDIA GeForce RTX 3080 Ti" (12 GiB, sm_86, mempool enabled)
   Kernel cache:
     /home/yininghong/.cache/warp/1.5.0

                   ____________
                  /          / \
                 /          / /__
                /          / /  /\
               /__________/ /__/  \
               \   _____  \ \__\  /
                \  \  / \  \ \_/ /
                 \  \/___\  \   /
                  \__________\_/  
       ___                  _  ____ _ _                     
      / _ \ _ __ ___  _ __ (_)/ ___(_) |__  ___  ___  _ __  
     | | | | '_ ` _ \| '_ \| | |  _| | '_ \/ __|/ _ \| '_ \ 
     | |_| | | | | | | | | | | |_| | | |_) \__ \ (_) | | | |
      \___/|_| |_| |_|_| |_|_|\____|_|_.__/|___/\___/|_| |_|

[record_scene_video] environment loaded
[record_scene_video] kept doorlike objects in dataset/default state
[record_scene_video] settled 30 steps
[record_scene_video] running task setup for task=unobserved_changes
[33m[00:09:49.690] [WARNING] [omnigibson.objects.object_base] An object's articulation root API was changed while simulation is playing. This may cause issues.[0m
[33m[00:09:59.292] [WARNING] [omnigibson.objects.object_base] An object's articulation root API was changed while simulation is playing. This may cause issues.[0m
[33m[00:10:10.032] [WARNING] [omnigibson.objects.object_base] An object's articulation root API was changed while simulation is playing. This may cause issues.[0m
[33m[00:10:21.487] [WARNING] [omnigibson.objects.object_base] An object's articulation root API was changed while simulation is playing. This may cause issues.[0m
[record_scene_video] kept task doorlike objects in dataset/default state
[record_scene_video] task setup complete
[33m[00:10:32.256] [WARNING] [omnigibson.objects.object_base] An object's articulation root API was changed while simulation is playing. This may cause issues.[0m
[record_scene_video] unobserved phase switched to phase1_content
[record_scene_video] unobserved-phases boxes=1 targets=1
[record_scene_video] setting initial viewer camera
[record_scene_video] capturing first frame
[record_scene_video] first frame captured shape=(720, 1280, 3)
2026-05-14 17:08:57 [7,970ms] [Warning] [omni.usd-abi.plugin] No setting was found for '/rtx-defaults-transient/meshlights/forceDisable'
2026-05-14 17:08:57 [8,019ms] [Warning] [omni.usd-abi.plugin] No setting was found for '/rtx-defaults/post/dlss/execMode'
[11.326s] Simulation App Startup Complete
2026-05-14 17:09:04 [14,861ms] [Warning] [omni.syntheticdata.plugin] OgnSdPostRenderVarToHost : rendervar copy from texture directly to host buffer is counter-performant. Please use copy from texture to device buffer first.
2026-05-14 17:09:04 [14,898ms] [Warning] [omni.fabric.plugin] removePath called on non-existent path /Render/OmniverseKit/HydraTextures/Replicator/PostRender/SDGPipeline/Replicator_GpuInteropEntry 

2026-05-14 17:09:35 [46,654ms] [Warning] [carb.imaging.plugin] Could not find suitable channels to load in EXR File. The first four channels will be loaded.
2026-05-14 17:17:45 [536,307ms] [Warning] [omni.syntheticdata.plugin] SdRenderVarPtr missing valid input renderVar LdrColorSDhost
2026-05-14 17:18:34 [585,700ms] [Warning] [omnigibson.objects.object_base] An object's articulation root API was changed while simulation is playing. This may cause issues.
2026-05-14 17:18:44 [595,302ms] [Warning] [omnigibson.objects.object_base] An object's articulation root API was changed while simulation is playing. This may cause issues.
2026-05-14 17:18:47 [598,393ms] [Warning] [omni.physx.tensors.plugin] prim '/World/scene_0/render_unobserved_content_phase1_content_0_pencil_case/base_link/collisions/cqxkgl__base_link__collision__0' was deleted while being used by a shape in a tensor view class. The physics.tensors simulationView was invalidated.
2026-05-14 17:18:55 [606,042ms] [Warning] [omnigibson.objects.object_base] An object's articulation root API was changed while simulation is playing. This may cause issues.
2026-05-14 17:18:58 [609,468ms] [Warning] [omni.physx.tensors.plugin] prim '/World/scene_0/render_unobserved_content_phase2_content_0_pencil_case/base_link/collisions/cqxkgl__base_link__collision__0' was deleted while being used by a shape in a tensor view class. The physics.tensors simulationView was invalidated.
2026-05-14 17:19:06 [617,497ms] [Warning] [omnigibson.objects.object_base] An object's articulation root API was changed while simulation is playing. This may cause issues.
2026-05-14 17:19:09 [620,474ms] [Warning] [omni.physx.tensors.plugin] prim '/World/scene_0/render_unobserved_content_phase2_content_0_pencil_case/base_link/collisions/cqxkgl__base_link__collision__0' was deleted while being used by a shape in a tensor view class. The physics.tensors simulationView was invalidated.
2026-05-14 17:19:17 [628,266ms] [Warning] [omnigibson.objects.object_base] An object's articulation root API was changed while simulation is playing. This may cause issues.
2026-05-14 17:19:53 [664,084ms] [Warning] [carb] Plugin interface for a client: omni.hydratexture.plugin was already released.
[665.003s] Simulation App Shutting Down
