/home/yininghong/miniconda3/envs/behavior/lib/python3.10/site-packages/torch/backends/__init__.py:46: UserWarning: Please use the new API settings to control TF32 behavior, such as torch.backends.cudnn.conv.fp32_precision = 'tf32' or torch.backends.cuda.matmul.fp32_precision = 'ieee'. Old settings, e.g, torch.backends.cuda.matmul.allow_tf32 = True, torch.backends.cudnn.allow_tf32 = True, allowTF32CuDNN() and allowTF32CuBLAS() will be deprecated after Pytorch 2.9. Please see https://pytorch.org/docs/main/notes/cuda.html#tensorfloat-32-tf32-on-ampere-and-later-devices (Triggered internally at /pytorch/aten/src/ATen/Context.cpp:80.)
  self.setter(val)
[record_scene_video] args interactive=False frames=240 motion=unobserved-phases output=outputs/qualitative_task_demo/videos/unobserved_changes_phase2_box_grocery_store_cafe_q000.tmp.mp4
[record_scene_video] loading scene=grocery_store_cafe room=dining_room_0 full_scene=True
[0m[00:00:03.824] [INFO] [omnigibson.simulator] ----- Starting OmniGibson. This will take 10-30 seconds... -----[0m
[0m[00:00:03.824] [INFO] [omnigibson.simulator] Texture cache folder found, removing...[0m
[32m[00:00:04.287] [DEBUG] [asyncio] Using selector: EpollSelector[0m
[Info] [carb] Logging to file: /home/yininghong/miniconda3/envs/behavior/lib/python3.10/site-packages/omni/logs/Kit/OmniGibson/3.7/kit_20260513_000705.log
2026-05-13 07:07:05 [0ms] [Warning] [omni.kit.app.plugin] No crash reporter present, dumps uploading isn't available.
[0.060s] [ext: omni.kit.async_engine-0.0.1] startup
[0.318s] [ext: omni.metrics.core-0.0.1] startup
[0.319s] [ext: omni.client.lib-1.0.0] startup
[0.341s] [ext: omni.blobkey-1.1.2] startup
[0.341s] [ext: omni.stats-1.0.1] startup
[0.342s] [ext: omni.datastore-0.0.0] startup
[0.347s] [ext: omni.client-1.2.2] startup
[0.352s] [ext: omni.ujitso.default-1.0.0] startup
[0.354s] [ext: omni.hsscclient-1.1.1] startup
2026-05-13 07:07:05 [343ms] [Warning] [omni.datastore] OmniHub is inaccessible
[0.566s] [ext: omni.gpu_foundation.shadercache.vulkan-1.0.0] startup
[0.569s] [ext: omni.assets.plugins-0.0.0] startup
[0.571s] [ext: omni.gpu_foundation-0.0.0] startup
[0.578s] [ext: carb.windowing.plugins-1.0.0] startup
[0.586s] [ext: omni.kit.renderer.init-0.0.0] startup

|---------------------------------------------------------------------------------------------|
| Driver Version: 580.126.09    | Graphics API: Vulkan
|=============================================================================================|
| GPU | Name                             | Active | LDA | GPU Memory | Vendor-ID | LUID       |
|     |                                  |        |     |            | Device-ID | UUID       |
|     |                                  |        |     |            | Bus-ID    |            |
|---------------------------------------------------------------------------------------------|
| 0   | NVIDIA GeForce RTX 3080 Ti       | Yes: 0 |     | 12534   MB | 10de      | 0          |
|     |                                  |        |     |            | 2208      | 96736115.. |
|     |                                  |        |     |            | 2a        |            |
|=============================================================================================|
| OS: 24.04.3 LTS (Noble Numbat) ubuntu, Version: 24.04.3, Kernel: 6.17.0-23-generic
| XServer Vendor: The X.Org Foundation, XServer Version: 12101011 (1.21.1.11)
| Processor: AMD Ryzen 5 5600X3D 6-Core Processor
| Cores: 6 | Logical Cores: 12
|---------------------------------------------------------------------------------------------|
| Total Memory (MB): 15914 | Free Memory: 11071
| Total Page/Swap (MB): 4095 | Free Page/Swap: 2753
|---------------------------------------------------------------------------------------------|
[1.627s] [ext: omni.kit.pipapi-0.0.0] startup
[1.629s] [ext: omni.kit.pip_archive-0.0.0] startup
[1.629s] [ext: omni.kit.telemetry-0.5.1] startup
[1.670s] [ext: omni.materialx.libs-1.0.6] startup
[1.680s] [ext: omni.services.pip_archive-0.13.6] startup
[1.681s] [ext: omni.kit.loop-isaac-1.2.1] startup
[1.682s] [ext: omni.kit.test-1.1.2] startup
[1.716s] [ext: omni.usd.config-1.0.5] startup
[1.720s] [ext: omni.gpucompute.plugins-0.0.0] startup
[1.720s] [ext: omni.usd.libs-1.0.1] startup
[1.832s] [ext: omni.mdl-55.0.1] startup
[1.851s] [ext: omni.iray.libs-0.0.0] startup
[1.856s] [ext: omni.mdl.neuraylib-0.2.10] startup
[1.858s] [ext: omni.kit.usd.mdl-1.0.7] startup
[1.955s] [ext: omni.appwindow-1.1.9] startup
[3.084s] [ext: omni.kit.renderer.core-1.0.2] startup
[3.821s] [ext: omni.kit.renderer.capture-0.0.0] startup
[3.825s] [ext: omni.kit.renderer.imgui-1.0.2] startup
[3.949s] [ext: omni.ui-2.26.5] startup
[3.961s] [ext: omni.kit.mainwindow-1.0.3] startup
[3.962s] [ext: carb.audio-0.1.0] startup
[3.971s] [ext: omni.uiaudio-1.0.0] startup
[3.972s] [ext: omni.kit.uiapp-0.0.0] startup
[3.972s] [ext: omni.usd.schema.metrics.assembler-106.5.0] startup
[3.990s] [ext: omni.usd.schema.physx-106.5.7] startup
[4.022s] [ext: omni.usd.schema.audio-0.0.0] startup
[4.026s] [ext: omni.usd.schema.geospatial-0.0.0] startup
[4.030s] [ext: omni.usd.schema.semantics-0.0.0] startup
[4.034s] [ext: omni.usd.schema.forcefield-106.5.7] startup
[4.041s] [ext: omni.usd.schema.omnigraph-1.0.0] startup
[4.05[32m[00:00:08.256] [DEBUG] [AutoNode] Defining data type 'any' as 'Any'[0m
[32m[00:00:08.256] [DEBUG] [AutoNode] Defining data type 'bool' as 'Bool' and array 'BoolArray[0m
[32m[00:00:08.256] [DEBUG] [AutoNode] Defining data type 'bundle' as 'Bundle'[0m
[32m[00:00:08.256] [DEBUG] [AutoNode] Defining data type 'colord[3]' as 'Color3d' and array 'Color3dArray[0m
[32m[00:00:08.256] [DEBUG] [AutoNode] Defining data type 'colorf[3]' as 'Color3f' and array 'Color3fArray[0m
[32m[00:00:08.256] [DEBUG] [AutoNode] Defining data type 'colorh[3]' as 'Color3h' and array 'Color3hArray[0m
[32m[00:00:08.256] [DEBUG] [AutoNode] Defining data type 'colord[4]' as 'Color4d' and array 'Color4dArray[0m
[32m[00:00:08.256] [DEBUG] [AutoNode] Defining data type 'colorf[4]' as 'Color4f' and array 'Color4fArray[0m
[32m[00:00:08.256] [DEBUG] [AutoNode] Defining data type 'colorh[4]' as 'Color4h' and array 'Color4hArray[0m
[32m[00:00:08.256] [DEBUG] [AutoNode] Defining data type 'double' as 'Double' and array 'DoubleArray[0m
[32m[00:00:08.256] [DEBUG] [AutoNode] Defining data type 'double[2]' as 'Double2' and array 'Double2Array[0m
[32m[00:00:08.256] [DEBUG] [AutoNode] Defining data type 'double[3]' as 'Double3' and array 'Double3Array[0m
[32m[00:00:08.256] [DEBUG] [AutoNode] Defining data type 'double[4]' as 'Double4' and array 'Double4Array[0m
[32m[00:00:08.256] [DEBUG] [AutoNode] Defining data type 'execution' as 'Execution'[0m
[32m[00:00:08.256] [DEBUG] [AutoNode] Defining data type 'float' as 'Float' and array 'FloatArray[0m
[32m[00:00:08.256] [DEBUG] [AutoNode] Defining data type 'float[2]' as 'Float2' and array 'Float2Array[0m
[32m[00:00:08.256] [DEBUG] [AutoNode] Defining data type 'float[3]' as 'Float3' and array 'Float3Array[0m
[32m[00:00:08.256] [DEBUG] [AutoNode] Defining data type 'float[4]' as 'Float4' and array 'Float4Array[0m
[32m[00:00:08.257] [DEBUG] [AutoNode] Defining data type 'frame[4]' as 'Frame' and array 'FrameArray[0m
[32m[00:00:08.257] [DEBUG] [AutoNode] Defining data type 'half' as 'Half' and array 'HalfArray[0m
[32m[00:00:08.257] [DEBUG] [AutoNode] Defining data type 'half[2]' as 'Half2' and array 'Half2Array[0m
[32m[00:00:08.257] [DEBUG] [AutoNode] Defining data type 'half[3]' as 'Half3' and array 'Half3Array[0m
[32m[00:00:08.257] [DEBUG] [AutoNode] Defining data type 'half[4]' as 'Half4' and array 'Half4Array[0m
[32m[00:00:08.257] [DEBUG] [AutoNode] Defining data type 'int' as 'Int' and array 'IntArray[0m
[32m[00:00:08.257] [DEBUG] [AutoNode] Defining data type 'int[2]' as 'Int2' and array 'Int2Array[0m
[32m[00:00:08.257] [DEBUG] [AutoNode] Defining data type 'int[3]' as 'Int3' and array 'Int3Array[0m
[32m[00:00:08.257] [DEBUG] [AutoNode] Defining data type 'int[4]' as 'Int4' and array 'Int4Array[0m
[32m[00:00:08.257] [DEBUG] [AutoNode] Defining data type 'int64' as 'Int64' and array 'Int64Array[0m
[32m[00:00:08.257] [DEBUG] [AutoNode] Defining data type 'matrixd[2]' as 'Matrix2d' and array 'Matrix2dArray[0m
[32m[00:00:08.257] [DEBUG] [AutoNode] Defining data type 'matrixd[3]' as 'Matrix3d' and array 'Matrix3dArray[0m
[32m[00:00:08.257] [DEBUG] [AutoNode] Defining data type 'matrixd[4]' as 'Matrix4d' and array 'Matrix4dArray[0m
[32m[00:00:08.257] [DEBUG] [AutoNode] Defining data type 'normald[3]' as 'Normal3d' and array 'Normal3dArray[0m
[32m[00:00:08.257] [DEBUG] [AutoNode] Defining data type 'normalf[3]' as 'Normal3f' and array 'Normal3fArray[0m
[32m[00:00:08.257] [DEBUG] [AutoNode] Defining data type 'normalh[3]' as 'Normal3h' and array 'Normal3hArray[0m
[32m[00:00:08.257] [DEBUG] [AutoNode] Defining data type 'objectId' as 'ObjectId' and array 'ObjectIdArray[0m
[32m[00:00:08.257] [DEBUG] [AutoNode] Defining data type 'path' as 'Path'[0m
[32m[00:00:08.257] [DEBUG] [AutoNode] Defining data type 'pointd[3]' as 'Point3d' and array 'Point3dArray[0m
[32m[00:00:08.258] [DEBUG] [AutoNode] Defining data type 'pointf[3]' as 'Point3f' and array 'Point3fArray[0m
[32m[00:00:08.258] [DEBUG] [AutoNode] Defining data type 'pointh[3]' as 'Point3h' and array 'Point3hArray[0m
[32m[00:00:08.258] [DEBUG] [AutoNode] Defining data type 'quatd[4]' as 'Quatd' and array 'QuatdArray[0m
[32m[00:00:08.258] [DEBUG] [AutoNode] Defining data type 'quatf[4]' as 'Quatf' and array 'QuatfArray[0m
[32m[00:00:08.258] [DEBUG] [AutoNode] Defining data type 'quath[4]' as 'Quath' and array 'QuathArray[0m
[32m[00:00:08.258] [DEBUG] [AutoNode] Defining data type 'string' as 'String'[0m
[32m[00:00:08.258] [DEBUG] [AutoNode] Defining data type 'target' as 'Target'[0m
[32m[00:00:08.258] [DEBUG] [AutoNode] Defining data type 'texcoordd[2]' as 'TexCoord2d' and array 'TexCoord2dArray[0m
[32m[00:00:08.258] [DEBUG] [AutoNode] Defining data type 'texcoordf[2]' as 'TexCoord2f' and array 'TexCoord2fArray[0m
[32m[00:00:08.258] [DEBUG] [AutoNode] Defining data type 'texcoordh[2]' as 'TexCoord2h' and array 'TexCoord2hArray[0m
[32m[00:00:08.258] [DEBUG] [AutoNode] Defining data type 'texcoordd[3]' as 'TexCoord3d' and array 'TexCoord3dArray[0m
[32m[00:00:08.258] [DEBUG] [AutoNode] Defining data type 'texcoordf[3]' as 'TexCoord3f' and array 'TexCoord3fArray[0m
[32m[00:00:08.258] [DEBUG] [AutoNode] Defining data type 'texcoordh[3]' as 'TexCoord3h' and array 'TexCoord3hArray[0m
[32m[00:00:08.258] [DEBUG] [AutoNode] Defining data type 'timecode' as 'Timecode' and array 'TimecodeArray[0m
[32m[00:00:08.258] [DEBUG] [AutoNode] Defining data type 'token' as 'Token' and array 'TokenArray[0m
[32m[00:00:08.258] [DEBUG] [AutoNode] Defining data type 'uchar' as 'UChar' and array 'UCharArray[0m
[32m[00:00:08.258] [DEBUG] [AutoNode] Defining data type 'uint' as 'UInt' and array 'UIntArray[0m
[32m[00:00:08.258] [DEBUG] [AutoNode] Defining data type 'uint64' as 'UInt64' and array 'UInt64Array[0m
[32m[00:00:08.258] [DEBUG] [AutoNode] Defining data type 'vectord[3]' as 'Vector3d' and array 'Vector3dArray[0m
[32m[00:00:08.258] [DEBUG] [AutoNode] Defining data type 'vectorf[3]' as 'Vector3f' and array 'Vector3fArray[0m
[32m[00:00:08.259] [DEBUG] [AutoNode] Defining data type 'vectorh[3]' as 'Vector3h' and array 'Vector3hArray[0m
0s] [ext: isaacsim.robot.schema-3.1.2] startup
[4.060s] [ext: omni.usd.schema.omniscripting-1.0.0] startup
[4.067s] [ext: omni.usd.schema.isaac-3.0.2] startup
[4.067s] [ext: omni.usd.schema.anim-0.0.0] startup
[4.092s] [ext: omni.usd.schema.flow-107.0.0] startup
[4.093s] [ext: omni.graph.exec-0.9.4] startup
[4.093s] [ext: omni.kit.usd_undo-0.1.8] startup
[4.094s] [ext: omni.kit.actions.core-1.0.0] startup
[4.097s] [ext: omni.kit.exec.core-0.13.4] startup
[4.100s] [ext: omni.usd_resolver-1.0.0] startup
[4.105s] [ext: omni.kit.commands-1.4.9] startup
[4.110s] [ext: omni.activity.core-1.0.1] startup
[4.112s] [ext: omni.usd.core-1.4.2] startup
[4.116s] [ext: omni.resourcemonitor-107.0.0] startup
[4.119s] [ext: omni.kit.window.popup_dialog-2.0.24] startup
[4.122s] [ext: omni.timeline-1.0.11] startup
[4.124s] [ext: omni.kit.widget.nucleus_connector-1.1.10] startup
[4.126s] [ext: usdrt.scenegraph-7.5.1] startup
[4.163s] [ext: omni.kit.audiodeviceenum-1.0.1] startup
[4.164s] [ext: omni.hydra.usdrt_delegate-7.5.1] startup
[4.180s] [ext: omni.hydra.scene_delegate-0.3.3] startup
[4.187s] [ext: omni.usd-1.12.4] startup
[4.227s] [ext: omni.inspect-1.0.1] startup
[4.229s] [ext: omni.kit.notification_manager-1.0.9] startup
[4.230s] [ext: omni.graph.core-2.181.8] startup
[4.234s] [ext: isaacsim.core.deprecation_manager-0.2.2] startup
[4.235s] [ext: omni.kit.asset_converter-2.8.3] startup
[4.249s] [ext: omni.kit.widget.path_field-2.0.11] startup
[4.250s] [ext: omni.kit.helper.file_utils-0.1.9] startup
[4.252s] [ext: omni.kit.menu.core-1.1.2] startup
[4.253s] [ext: omni.kit.widget.browser_bar-2.0.10] startup
[4.254s] [ext: omni.kit.widget.filebrowser-2.10.52] startup
[4.259s] [ext: omni.kit.widget.context_menu-1.2.4] startup
[4.260s] [ext: omni.kit.clipboard-1.0.5] startup
[4.261s] [ext: omni.kit.widget.options_menu-1.1.6] startup
[4.265s] [ext: omni.graph.tools-1.79.1] startup
[4.293s] [ext: omni.ui.scene-1.11.2] startup
[4.297s] [ext: omni.kit.widget.options_button-1.0.3] startup
[4.298s] [ext: omni.kit.property.adapter.core-1.0.2] startup
[4.301s] [ext: omni.graph-1.140.2] startup
[4.342s] [ext: omni.kit.window.filepicker-2.11.7] startup
[4.355s] [ext: omni.kit.property.adapter.usd-1.0.2] startup
[4.357s] [ext: omni.kit.property.adapter.fabric-1.0.3] startup
[4.359s] [ext: omni.kit.widget.text_editor-1.0.2] startup
[4.361s] [ext: omni.kit.hotkeys.core-1.3.10] startup
[4.366s] [ext: omni.kit.window.content_browser_registry-0.0.6] startup
[4.367s] [ext: omni.kit.widget.filter-1.1.4] startup
[4.369s] [ext: omni.kit.widget.searchfield-1.1.8] startup
[4.371s] [ext: omni.kit.widget.highlight_label-1.0.3] startup
[4.372s] [ext: omni.ujitso.processor.texture-1.0.0] startup
[4.374s] [ext: omni.index.libs-380600.1777.0] startup
[4.374s] [ext: omni.volume-0.5.0] startup
[4.380s] [ext: omni.ujitso.client-0.0.0] startup
[4.381s] [ext: omni.index-1.0.1] startup
[4.382s] [ext: omni.hydra.rtx.shadercache.vulkan-1.0.0] startup
[4.383s] [ext: omni.kit.usd.layers-2.2.0] startup
[4.392s] [ext: omni.hydra.rtx-1.0.0] startup
2026-05-13 07:07:09 [4,393ms] [Warning] [omni.log] Source: omni.hydra was already registered.
[4.427s] [ext: omni.kit.context_menu-1.8.3] startup
[4.429s] [ext: omni.kit.viewport.scene_camera_model-1.0.5] startup
[4.437s] [ext: omni.kit.hydra_texture-1.4.0] startup
[4.442s] [ext: omni.kit.window.file_importer-1.1.14] startup
[4.444s] [ext: omni.kit.menu.utils-1.7.7] startup
[4.450s] [ext: omni.kit.viewport.legacy_gizmos-1.0.16] startup
[4.454s] [ext: omni.kit.raycast.query-1.0.5] startup
[4.462s] [ext: omni.kit.material.library-1.5.15] startup
[4.467s] [ext: omni.kit.widget.viewport-107.0.7] startup
[4.472s] [ext: omni.kit.window.file_exporter-1.0.31] startup
[4.474s] [ext: omni.kit.stage_template.core-1.1.22] startup
[4.475s] [ext: omni.kit.window.drop_support-1.0.4] startup
[4.476s] [ext: omni.kit.viewport.registry-104.0.6] startup
[4.477s] [ext: omni.hydra.engine.stats-1.0.3] startup
[4.481s] [ext: omni.kit.window.file-1.3.57] startup
[4.485s] [ext: omni.kit.viewport.window-107.0.8] startup
[4.504s] [ext: omni.kit.window.content_browser-2.10.3] startup
[4.518s] [ext: omni.kit.window.property-1.11.5] startup
[4.521s] [ext: omni.kit.widget.stage-2.11.6] startup
[4.533s] [ext: omni.kit.viewport.utility-1.0.18] startup
[4.534s] [ext: omni.kit.manipulator.viewport-107.0.1] startup
[4.536s] [ext: omni.kit.property.usd-4.2.16] startup
[4.548s] [ext: omni.kit.xr.telemetry-106.5.13] startup
[4.551s] [ext: omni.kit.window.extensions-1.4.25] startup
[4.558s] [ext: omni.graph.visualization.nodes-2.1.1] startup
[4.563s] [ext: omni.kit.widget.stage_icons-1.0.6] startup
[4.566s] [ext: omni.kit.widget.zoombar-1.0.5] startup
[4.570s] [ext: omni.kit.widget.searchable_combobox-1.0.6] startup
[4.573s] [ext: omni.kit.window.stage-2.5.11] startup
[4.582s] [ext: omni.kit.browser.core-2.3.11] startup
[4.589s] [ext: omni.kit.widget.settings-1.2.2] startup
[4.592s] [ext: omni.kit.menu.stage-1.2.5] startup
[4.594s] [ext: omni.kit.browser.folder.core-1.10.1] startup
[4.600s] [ext: omni.kit.widget.prompt-1.0.7] startup
[4.602s] [ext: omni.kit.window.preferences-1.7.0] startup
[4.609s] [ext: omni.kit.xr.configurations-106.5.13] startup
[4.609s] [ext: omni.convexdecomposition-106.5.7] startup
[4.617s] [ext: omni.kit.usd.collect-2.2.22] startup
[4.620s] [ext: omni.rtx.window.settings-0.6.17] startup
[4.624s] [ext: omni.kit.manipulator.camera-106.0.3] startup
[4.630s] [ext: omni.kit.xr.core-106.5.13] startup
[4.675s] [ext: omni.kvdb-106.5.7] startup
[4.680s] [ext: omni.services.facilities.base-1.0.4] startup
[4.681s] [ext: omni.usdphysics-106.5.7] startup
[4.687s] [ext: omni.physx.foundation-106.5.7] startup
[4.688s] [ext: omni.localcache-106.5.7] startup
[4.690s] [ext: omni.services.core-1.9.0] startup
[5.011s] [ext: omni.physx.cooking-106.5.7] startup
[5.025s] [ext: omni.kit.tool.collect-2.2.16] startup
[5.028s] [ext: omni.kit.xr.ui.window.viewport-106.5.13] startup
[5.037s] [ext: omni.services.transport.server.base-1.1.1] startup
[5.040s] [ext: omni.physx-106.5.7] startup
[5.058s] [ext: isaacsim.examples.browser-0.1.8] startup
[5.061s] [ext: omni.graph.action_core-1.1.7] startup
[5.065s] [ext: omni.ui_query-1.1.7] startup
[5.067s] [ext: omni.services.transport.server.zeroconf-1.0.9] startup
[5.083s] [ext: omni.graph.action_nodes-1.40.1] startup
[5.089s] [ext: omni.kit.ui_test-1.3.3] startup
[5.094s] [ext: omni.kit.xr.advertise-106.5.13] startup
[5.099s] [ext: omni.graph.action-1.120.0] startup
[5.101s] [ext: omni.kit.xr.ui.window.profile-106.5.13] startup
[5.292s] [ext: omni.kit.xr.system.cloudxr-106.5.13] startup
[5.296s] [ext: omni.kit.tool.asset_importer-2.12.2] startup
[5.302s] [ext: isaacsim.gui.components-1.0.9] startup
[5.306s] [ext: omni.kit.xr.profile.common-106.5.13] startup
[5.311s] [ext: isaacsim.asset.importer.urdf-2.3.10] startup
[5.394s] [ext: omni.graph.image.core-0.6.0] startup
[5.396s] [ext: isaacsim.core.version-2.0.2] startup
[5.400s] [ext: omni.graph.image.nodes-1.3.0] startup
[5.403s] [ext: isaacsim.storage.native-1.0.6] startup
[5.406s] [ext: omni.kit.data2ui.core-1.0.27] startup
[5.411s] [ext: omni.graph.nodes-1.162.1] startup
[5.423s] [ext: omni.physx.stageupdate-106.5.7] startup
[5.426s] [ext: omni.kit.numpy.common-0.1.2] startup
[5.429s] [ext: omni.kit.data2ui.usd-1.0.27] startup
[5.439s] [ext: omni.warp.core-1.5.0] startup
[5.442s] [ext: omni.isaac.dynamic_control-1.3.15] startup
2026-05-13 07:07:10 [5,437ms] [Warning] [omni.isaac.dynamic_control] omni.isaac.dynamic_control is deprecated as of Isaac Sim 4.5. No action is needed from end-users.
[5.449s] [ext: omni.no_code_ui.bundle-1.0.27] startup
[5.450s] [ext: omni.kit.xr.scene_view.core-106.5.13] startup
[5.463s] [ext: isaacsim.core.utils-2.2.8] startup
[5.468s] [ext: omni.kit.xr.scene_view.utils-106.5.13] startup
[6.187s] [ext: omni.kit.xr.system.steamvr-106.5.13] startup
[6.190s] [ext: isaacsim.asset.browser-1.3.4] startup
[6.195s] [ext: omni.kit.xr.ui.stage-106.5.13] startup
[6.206s] [ext: omni.kit.xr.system.openxr-106.5.13] startup
[6.214s] [ext: omni.isaac.asset_browser-1.0.2] startup
2026-05-13 07:07:11 [6,204ms] [Warning] [omni.isaac.asset_browser] omni.isaac.asset_browser has been deprecated in favor of isaacsim.asset.browser. Please update your code accordingly.
[6.216s] [ext: omni.kit.xr.profile.vr-106.5.13] startup
[6.220s] [ext: omni.physics.tensors-106.5.7] startup
[6.231s] [ext: omni.graph.ui_nodes-1.40.1] startup
[6.238s] [ext: omni.physx.tensors-106.5.7] startup
[6.248s] [ext: omni.kit.primitive.mesh-1.0.17] startup
[6.253s] [ext: isaacsim.core.simulation_manager-0.3.3] startup
[6.412s] [ext: omni.kit.stage_templates-1.2.6] startup
[6.417s] [ext: isaacsim.core.prims-0.3.7] startup
[6.438s] [ext: omni.kit.widget.graph-1.12.17] startup
[6.444s] [ext: isaacsim.core.api-4.2.16] startup
[6.458s] [ext: omni.kit.graph.delegate.default-1.2.2] startup
[6.460s] [ext: omni.graph.scriptnode-1.40.1] startup
[6.462s] [ext: omni.kit.graph.editor.core-1.5.3] startup
[6.468s] [ext: isaacsim.core.cloner-1.3.4] startup
[6.471s] [ext: omni.kit.graph.usd.commands-1.3.1] startup
[6.473s] [ext: omni.isaac.assets_check-0.3.9] startup
2026-05-13 07:07:11 [6,462ms] [Warning] [omni.isaac.assets_check] omni.isaac.assets_check has been deprecated in favor of isaacsim.asset.browser. Please update your code accordingly.
[6.474s] [ext: omni.kit.widget.material_preview-1.0.16] startup
[6.477s] [ext: omni.kit.viewport.menubar.core-107.1.2] startup
[6.493s] [ext: omni.isaac.cloner-1.0.2] startup
2026-05-13 07:07:11 [6,483ms] [Warning] [omni.isaac.cloner] omni.isaac.cloner has been deprecated in favor of isaacsim.core.cloner. Please update your code accordingly.
[6.494s] [ext: isaacsim.core.throttling-2.0.2] startup
[6.496s] [ext: omni.flowusd-106.5.2] startup
2026-05-13 07:07:11 [6,492ms] [Warning] [omni.stageupdate.plugin] Deprecated: direct use of IStageUpdate callbacks is deprecated. Use IStageUpdate::getStageUpdate instead.
[6.506s] [ext: omni.kit.window.material_graph-1.8.19] startup
[6.518s] [ext: omni.syntheticdata-0.6.10] startup
[6.534s] [ext: omni.warp-1.5.0] startup
[6.546s] [ext: isaacsim.simulation_app-2.4.2] startup
[6.547s] [ext: isaacsim.robot_motion.lula-4.0.4] startup
[6.558s] [ext: omni.replicator.core-1.11.35] startup
2026-05-13 07:07:12 [6,696ms] [Warning] [omni.replicator.core.scripts.extension] No material configuration file, adding configuration to material settings directly.
[6.710s] [ext: omni.isaac.kit-2.0.3] startup
2026-05-13 07:07:12 [6,701ms] [Warning] [omni.isaac.kit] omni.isaac.kit has been deprecated in favor of isaacsim.simulation_app. Please update your code accordingly.
[6.712s] [ext: omni.isaac.lula-4.0.2] startup
2026-05-13 07:07:12 [6,702ms] [Warning] [omni.isaac.lula] omni.isaac.lula has been deprecated in favor of isaacsim.robot_motion.lula. Please update your code accordingly.
[6.713s] [ext: isaacsim.core.nodes-2.1.4] startup
[6.726s] [ext: isaacsim.robot_motion.motion_generation-8.0.6] startup
[6.747s] [ext: isaacsim.robot.surface_gripper-2.0.6] startup
[6.761s] [ext: omni.kit.selection-0.1.5] startup
[6.765s] [ext: isaacsim.robot_motion.lula_test_widget-1.0.5] startup
[6.775s] [ext: isaacsim.robot.manipulators-3.0.4] startup
[6.794s] [ext: isaacsim.gui.menu-2.0.9] startup
[6.827s] [ext: omni.isaac.lula_test_widget-1.0.2] startup
2026-05-13 07:07:12 [6,818ms] [Warning] [omni.isaac.lula_test_widget] omni.isaac.lula_test_widget has been deprecated in favor of isaacsim.robot_motion.lula_test_widget. Please update your code accordingly.
[6.830s] [ext: omni.isaac.manipulators-3.0.3] startup
2026-05-13 07:07:12 [6,821ms] [Warning] [omni.isaac.manipulators] omni.isaac.manipulators has been deprecated in favor of isaacsim.robot.manipulators. Please update your code accordingly.
2026-05-13 07:07:12 [6,823ms] [Warning] [omni.isaac.manipulators.controllers] omni.isaac.manipulators has been deprecated in favor of isaacsim.robot.manipulators. Please update your code accordingly.
2026-05-13 07:07:12 [6,823ms] [Warning] [omni.isaac.manipulators.controllers.pick_place_controller] omni.isaac.manipulators has been deprecated in favor of isaacsim.robot.manipulators. Please update your code accordingly.
2026-05-13 07:07:12 [6,825ms] [Warning] [omni.isaac.manipulators.controllers.stacking_controller] omni.isaac.manipulators has been deprecated in favor of isaacsim.robot.manipulators. Please update your code accordingly.
2026-05-13 07:07:12 [6,826ms] [Warning] [omni.isaac.manipulators.grippers] omni.isaac.manipulators has been deprecated in favor of isaacsim.robot.manipulators. Please update your code accordingly.
2026-05-13 07:07:12 [6,826ms] [Warning] [omni.isaac.manipulators.grippers.gripper] omni.isaac.manipulators has been deprecated in favor of isaacsim.robot.manipulators. Please update your code accordingly.
2026-05-13 07:07:12 [6,826ms] [Warning] [omni.isaac.manipulators.grippers.parallel_gripper] omni.isaac.manipulators has been deprecated in favor of isaacsim.robot.manipulators. Please update your code accordingly.
2026-05-13 07:07:12 [6,827ms] [Warning] [omni.isaac.manipulators.grippers.surface_gripper] omni.isaac.manipulators has been deprecated in favor of isaacsim.robot.manipulators. Please update your code accordingly.
2026-05-13 07:07:12 [6,828ms] [Warning] [omni.isaac.manipulators.manipulators] omni.isaac.manipulators has been deprecated in favor of isaacsim.robot.manipulators. Please update your code accordingly.
2026-05-13 07:07:12 [6,828ms] [Warning] [omni.isaac.manipulators.manipulators.single_manipulator] omni.isaac.manipulators has been deprecated in favor of isaacsim.robot.manipulators. Please update your code accordingly.
[6.840s] [ext: omni.isaac.menu-1.0.2] startup
2026-05-13 07:07:12 [6,831ms] [Warning] [omni.isaac.menu] omni.isaac.menu has been deprecated in favor of isaacsim.gui.menu. Please update your code accordingly.
[6.842s] [ext: isaacsim.util.debug_draw-2.0.2] startup
[6.853s] [ext: omni.isaac.motion_generation-8.0.2] startup
2026-05-13 07:07:12 [6,843ms] [Warning] [omni.isaac.motion_generation] omni.isaac.motion_generation has been deprecated in favor of isaacsim.robot_motion.motion_generation. Please update your code accordingly.
2026-05-13 07:07:12 [6,846ms] [Warning] [omni.isaac.motion_generation.articulation_kinematics_solver] omni.isaac.motion_generation has been deprecated in favor of isaacsim.robot_motion.motion_generation. Please update your code accordingly.
2026-05-13 07:07:12 [6,847ms] [Warning] [omni.isaac.motion_generation.articulation_motion_policy] omni.isaac.motion_generation has been deprecated in favor of isaacsim.robot_motion.motion_generation. Please update your code accordingly.
2026-05-13 07:07:12 [6,847ms] [Warning] [omni.isaac.motion_generation.articulation_trajectory] omni.isaac.motion_generation has been deprecated in favor of isaacsim.robot_motion.motion_generation. Please update your code accordingly.
2026-05-13 07:07:12 [6,848ms] [Warning] [omni.isaac.motion_generation.kinematics_interface] omni.isaac.motion_generation has been deprecated in favor of isaacsim.robot_motion.motion_generation. Please update your code accordingly.
2026-05-13 07:07:12 [6,849ms] [Warning] [omni.isaac.motion_generation.lula] omni.isaac.motion_generation has been deprecated in favor of isaacsim.robot_motion.motion_generation. Please update your code accordingly.
2026-05-13 07:07:12 [6,849ms] [Warning] [omni.isaac.motion_generation.lula.kinematics] omni.isaac.motion_generation has been deprecated in favor of isaacsim.robot_motion.motion_generation. Please update your code accordingly.
2026-05-13 07:07:12 [6,850ms] [Warning] [omni.isaac.motion_generation.lula.motion_policies] omni.isaac.motion_generation has been deprecated in favor of isaacsim.robot_motion.motion_generation. Please update your code accordingly.
2026-05-13 07:07:12 [6,850ms] [Warning] [omni.isaac.motion_generation.lula.path_planners] omni.isaac.motion_generation has been deprecated in favor of isaacsim.robot_motion.motion_generation. Please update your code accordingly.
2026-05-13 07:07:12 [6,850ms] [Warning] [omni.isaac.motion_generation.lula.trajectory_generator] omni.isaac.motion_generation has been deprecated in favor of isaacsim.robot_motion.motion_generation. Please update your code accordingly.
2026-05-13 07:07:12 [6,851ms] [Warning] [omni.isaac.motion_generation.motion_policy_controller] omni.isaac.motion_generation has been deprecated in favor of isaacsim.robot_motion.motion_generation. Please update your code accordingly.
2026-05-13 07:07:12 [6,851ms] [Warning] [omni.isaac.motion_generation.motion_policy_interface] omni.isaac.motion_generation has been deprecated in favor of isaacsim.robot_motion.motion_generation. Please update your code accordingly.
2026-05-13 07:07:12 [6,852ms] [Warning] [omni.isaac.motion_generation.path_planner_visualizer] omni.isaac.motion_generation has been deprecated in favor of isaacsim.robot_motion.motion_generation. Please update your code accordingly.
2026-05-13 07:07:12 [6,852ms] [Warning] [omni.isaac.motion_generation.path_planning_interface] omni.isaac.motion_generation has been deprecated in favor of isaacsim.robot_motion.motion_generation. Please update your code accordingly.
2026-05-13 07:07:12 [6,853ms] [Warning] [omni.isaac.motion_generation.trajectory] omni.isaac.motion_generation has been deprecated in favor of isaacsim.robot_motion.motion_generation. Please update your code accordingly.
2026-05-13 07:07:12 [6,853ms] [Warning] [omni.isaac.motion_generation.world_interface] omni.isaac.motion_generation has been deprecated in favor of isaacsim.robot_motion.motion_generation. Please update your code accordingly.
[6.865s] [ext: isaacsim.sensors.physics-0.3.5] startup
[6.875s] [ext: omni.sensors.nv.common-2.5.0-coreapi] startup
[6.905s] [ext: isaacsim.sensors.physx-2.2.4] startup
[6.915s] [ext: omni.isaac.nucleus-1.0.3] startup
2026-05-13 07:07:12 [6,906ms] [Warning] [omni.isaac.nucleus] omni.isaac.nucleus has been deprecated in favor of isaacsim.storage.native. Please update your code accordingly.
2026-05-13 07:07:12 [6,907ms] [Warning] [omni.isaac.nucleus.nucleus] omni.isaac.nucleus.nucleus has been deprecated in favor of isaacsim.storage.native. Please update your code accordingly.
[6.918s] [ext: isaacsim.robot.policy.examples-4.0.3] startup
[6.927s] [ext: omni.sensors.nv.materials-1.4.0-coreapi] startup
[6.935s] [ext: omni.isaac.range_sensor-4.0.2] startup
[6.947s] [ext: isaacsim.sensors.camera-0.2.9] startup
[6.955s] [ext: omni.isaac.quadruped-3.0.2] startup
2026-05-13 07:07:12 [6,945ms] [Warning] [omni.isaac.quadruped] omni.isaac.quadruped has been deprecated in favor of isaacsim.robot.policy.examples. Please update your code accordingly.
[6.957s] [ext: omni.sensors.nv.ids-1.4.0-coreapi] startup
[6.965s] [ext: omni.kit.menu.create-1.0.17] startup
[6.968s] [ext: omni.sensors.nv.wpm-2.4.0-coreapi] startup
[6.970s] [ext: omni.kit.manipulator.transform-106.0.1] startup
[6.974s] [ext: omni.kit.widget.toolbar-1.7.3] startup
[6.983s] [ext: omni.sensors.nv.radar-2.6.1-coreapi] startup
[6.993s] [ext: omni.sensors.tiled-0.0.6] startup
[6.997s] [ext: omni.sensors.nv.lidar-2.6.3-coreapi] startup
[7.006s] [ext: omni.kit.manipulator.tool.snap-1.5.12] startup
[7.011s] [ext: omni.kit.manipulator.selector-1.1.1] startup
[7.013s] [ext: isaacsim.sensors.rtx-13.6.3] startup
[7.021s] [ext: omni.isaac.core-4.0.3] startup
2026-05-13 07:07:12 [7,012ms] [Warning] [omni.isaac.core.physics_context.physics_context] omni.isaac.core.physics_context.physics_context has been deprecated in favor of isaacsim.core.api.physics_context.physics_context. Please update your code accordingly.
2026-05-13 07:07:12 [7,013ms] [Warning] [omni.isaac.core.simulation_context.simulation_context] omni.isaac.core.simulation_context.simulation_context has been deprecated in favor of isaacsim.core.api.simulation_context.simulation_context. Please update your code accordingly.
2026-05-13 07:07:12 [7,013ms] [Warning] [omni.isaac.core.world.world] omni.isaac.core.world.world has been deprecated in favor of isaacsim.core.api.world.world. Please update your code accordingly.
2026-05-13 07:07:12 [7,013ms] [Warning] [omni.isaac.core] omni.isaac.core has been deprecated in favor of isaacsim.core.api. Please update your code accordingly.
[7.025s] [ext: omni.kit.scripting-106.5.2] startup
[7.036s] [ext: omni.kit.viewport.manipulator.transform-107.0.4] startup
[7.039s] [ext: omni.isaac.sensor-13.0.3] startup
2026-05-13 07:07:12 [7,029ms] [Warning] [omni.isaac.sensor] omni.isaac.sensor has been deprecated in favor of isaacsim.sensors.camera, isaacsim.sensors.physics, isaacsim.sensors.physx, and isaacsim.sensors.rtx. Please update your code accordingly.
2026-05-13 07:07:12 [7,029ms] [Warning] [omni.isaac.sensor.camera] omni.isaac.sensor.camera has been deprecated in favor of isaacsim.sensors.camera.camera. Please update your code accordingly.
2026-05-13 07:07:12 [7,029ms] [Warning] [omni.isaac.sensor.camera_view] omni.isaac.sensor.camera_view has been deprecated in favor of isaacsim.sensors.camera.camera_view. Please update your code accordingly.
2026-05-13 07:07:12 [7,029ms] [Warning] [omni.isaac.sensor.commands] omni.isaac.sensor.commands has been deprecated in favor of isaacsim.sensors.physics.commands, isaacsim.sensors.physx.commands, and isaacsim.sensors.rtx.commands. Please update your code accordingly.
2026-05-13 07:07:12 [7,029ms] [Warning] [omni.isaac.sensor.contact_sensor] omni.isaac.sensor.contact_sensor has been deprecated in favor of isaacsim.sensors.physics.contact_sensor. Please update your code accordingly.
2026-05-13 07:07:12 [7,029ms] [Warning] [omni.isaac.sensor.imu_sensor] omni.isaac.sensor.imu_sensor has been deprecated in favor of isaacsim.sensors.physics.imu_sensor. Please update your code accordingly.
2026-05-13 07:07:12 [7,030ms] [Warning] [omni.isaac.sensor.lidar_rtx] omni.isaac.sensor.lidar_rtx has been deprecated in favor of isaacsim.sensors.rtx.lidar_rtx. Please update your code accordingly.
2026-05-13 07:07:12 [7,030ms] [Warning] [omni.isaac.sensor.rotating_lidar_physX] omni.isaac.sensor.imu_sensor has been deprecated in favor of isaacsim.sensors.physix.rotating_lidar_physX. Please update your code accordingly.
2026-05-13 07:07:12 [7,030ms] [Warning] [omni.isaac.sensor.scripts.samples.contact_sensor] omni.isaac.sensor.scripts.samples.contact_sensor has been deprecated in favor of isaacsim.sensors.physics.scripts.samples.contact_sensor. Please update your code accordingly.
2026-05-13 07:07:12 [7,030ms] [Warning] [omni.isaac.sensor.scripts.samples.imu_sensor] omni.isaac.sensor.scripts.samples.imu_sensor has been deprecated in favor of isaacsim.sensors.physics.scripts.samples.imu_sensor. Please update your code accordingly.
2026-05-13 07:07:12 [7,030ms] [Warning] [omni.isaac.sensor.scripts.samples.lightbeam_sensor] omni.isaac.sensor.scripts.samples.lightbeam_sensor has been deprecated in favor of isaacsim.sensors.physx.scripts.samples.lightbeam_sensor. Please update your code accordingly.
[7.042s] [ext: omni.isaac.surface_gripper-2.0.2] startup
2026-05-13 07:07:12 [7,033ms] [Warning] [omni.isaac.surface_gripper] omni.isaac.surface_gripper has been deprecated in favor of isaacsim.robot.surface_gripper. Please update your code accordingly.
[7.045s] [ext: omni.isaac.core_nodes-2.0.2] startup
2026-05-13 07:07:12 [7,040ms] [Warning] [omni.isaac.core_nodes] omni.isaac.core_nodes has been deprecated in favor of isaacsim.core.nodes. Please update your code accordingly.
[7.052s] [ext: isaacsim.replicator.behavior-1.0.8] startup
[7.054s] [ext: omni.kit.manipulator.prim.core-107.0.7] startup
[7.061s] [ext: omni.fabric.commands-1.1.5] startup
[7.065s] [ext: omni.kit.viewport.actions-107.0.0] startup
[7.070s] [ext: omni.kit.manipulator.prim.usd-107.0.3] startup
[7.072s] [ext: omni.kit.manipulator.prim.fabric-107.0.4] startup
[7.074s] [ext: isaacsim.app.about-2.0.7] startup
[7.076s] [ext: omni.kit.manipulator.selection-106.0.1] startup
[7.078s] [ext: omni.kit.viewport.menubar.display-107.0.3] startup
[7.080s] [ext: omni.kit.widget.layers-1.8.2] startup
[7.094s] [ext: omni.kit.manipulator.prim-107.0.0] startup
[7.095s] [ext: omni.debugdraw-0.1.3] startup
[7.100s] [ext: omni.isaac.window.about-2.0.2] startup
2026-05-13 07:07:12 [7,090ms] [Warning] [omni.isaac.window.about] omni.isaac.window.about has been deprecated in favor of isaacsim.app.about. Please update your code accordingly.
2026-05-13 07:07:12 [7,090ms] [Warning] [omni.isaac.window.about.about] omni.isaac.window.about.about has been deprecated in favor of isaacsim.app.about.about. Please update your code accordingly.
[7.101s] [ext: omni.kit.property.audio-1.0.16] startup
[7.104s] [ext: omni.physx.commands-106.5.7] startup
[7.107s] [ext: omni.usdphysics.ui-106.5.7] startup
[7.140s] [ext: omni.kit.property.camera-1.0.9] startup
[7.142s] [ext: omni.kit.property.geometry-1.3.3] startup
[7.146s] [ext: omni.kit.property.light-1.0.11] startup
[7.148s] [ext: omni.hydra.scene_api-0.1.2] startup
[7.156s] [ext: omni.physx.ui-106.5.7] startup
[7.190s] [ext: omni.kit.property.material-1.10.17] startup
[7.198s] [ext: omni.kit.property.render-1.1.3] startup
[7.200s] [ext: isaacsim.robot.manipulators.examples-1.0.3] startup
[7.201s] [ext: omni.kit.property.transform-1.5.10] startup
[7.206s] [ext: omni.physx.demos-106.5.7] startup
[7.228s] [ext: omni.kit.property.physx-106.5.7] startup
[7.268s] [ext: isaacsim.gui.property-1.0.4] startup
[7.271s] [ext: omni.isaac.franka-1.0.2] startup
2026-05-13 07:07:12 [7,261ms] [Warning] [omni.isaac.franka] omni.isaac.franka has been deprecated in favor of isaacsim.robot.manipulators.examples.franka. Please update your code accordingly.
2026-05-13 07:07:12 [7,261ms] [Warning] [omni.isaac.franka.franka] omni.isaac.franka has been deprecated in favor of isaacsim.robot.manipulators.examples.franka. Please update your code accordingly.
2026-05-13 07:07:12 [7,262ms] [Warning] [omni.isaac.franka.kinematics_solver] omni.isaac.franka has been deprecated in favor of isaacsim.robot.manipulators.examples.franka. Please update your code accordingly.
[7.274s] [ext: omni.kit.property.bundle-1.3.2] startup
[7.277s] [ext: omni.physx.vehicle-106.5.7] startup
[7.298s] [ext: omni.kit.property.isaac-1.0.2] startup
2026-05-13 07:07:12 [7,288ms] [Warning] [omni.kit.property.isaac] omni.kit.property.isaac has been deprecated in favor of isaacsim.gui.property. Please update your code accordingly.
2026-05-13 07:07:12 [7,288ms] [Warning] [omni.kit.property.isaac.widgets] omni.kit.property.isaac.widgets has been deprecated in favor of isaacsim.gui.property.widgets. Please update your code accordingly.
[7.300s] [ext: omni.kit.viewport.menubar.camera-107.0.2] startup
[7.306s] [ext: omni.kit.viewport.menubar.lighting-106.0.2] startup
[7.309s] [ext: omni.kit.viewport.menubar.render-107.0.8] startup
[7.312s] [ext: isaacsim.replicator.domain_randomization-1.0.2] startup
[7.315s] [ext: omni.physx.camera-106.5.7] startup
[7.331s] [ext: omni.kit.window.toolbar-1.6.2] startup
[7.337s] [ext: omni.physx.cct-106.5.7] startup
[7.352s] [ext: isaacsim.cortex.framework-1.0.2] startup
[7.354s] [ext: omni.isaac.universal_robots-1.0.2] startup
2026-05-13 07:07:12 [7,345ms] [Warning] [omni.isaac.universal_robots] omni.isaac.universal_robots has been deprecated in favor of isaacsim.robot.manipulators.examples.universal_robots. Please update your code accordingly.
2026-05-13 07:07:12 [7,345ms] [Warning] [omni.isaac.universal_robots.kinematics_solver] omni.isaac.franka has been deprecated in favor of isaacsim.robot.manipulators.examples.universal_robots. Please update your code accordingly.
2026-05-13 07:07:12 [7,347ms] [Warning] [omni.isaac.universal_robots.ur10] omni.isaac.franka has been deprecated in favor of isaacsim.robot.manipulators.examples.universal_robots. Please update your code accordingly.
[7.358s] [ext: isaacsim.replicator.writers-1.0.1] startup
[7.382s] [ext: omni.physx.graph-106.5.7] startup
[7.407s] [ext: omni.physx.supportui-106.5.7] startup
[7.430s] [ext: omni.isaac.utils-2.0.2] startup
[7.433s] [ext: omni.isaac.cortex-1.0.2] startup
2026-05-13 07:07:12 [7,423ms] [Warning] [omni.isaac.cortex] omni.isaac.cortex has been deprecated in favor of isaacsim.cortex.framework. Please update your code accordingly.
[7.435s] [ext: omni.physx.telemetry-106.5.7] startup
[7.438s] [ext: isaacsim.replicator.examples-1.1.2] startup
[7.439s] [ext: omni.kit.viewport.menubar.settings-107.0.3] startup
[7.451s] [ext: omni.kit.window.console-0.2.14] startup
[7.466s] [ext: omni.usd.metrics.assembler-106.5.0] startup
[7.479s] [ext: omni.kit.window.status_bar-0.1.7] startup
[7.484s] [ext: omni.physx.bundle-106.5.7] startup
[7.484s] [ext: omni.replicator.isaac-2.0.3] startup
2026-05-13 07:07:12 [7,473ms] [Warning] [omni.replicator.isaac] omni.replicator.isaac has been deprecated in favor of isaacsim.replicator.domain_randomization, isaacsim.replicator.examples, isaacsim.replicator.writers. Please update your code accordingly.
[7.485s] [ext: omni.replicator.replicator_yaml-2.0.10] startup
[7.489s] [ext: omni.rtx.settings.core-0.6.3] startup
[7.496s] [ext: omni.usd.metrics.assembler.ui-106.5.0] startup
[7.502s] [ext: isaacsim.robot.wheeled_robots-4.0.3] startup
[7.509s] [ext: isaacsim.cortex.behaviors-2.0.3] startup
[7.512s] [ext: omni.isaac.version-2.0.2] startup
2026-05-13 07:07:13 [7,502ms] [Warning] [omni.isaac.version] omni.isaac.version has been deprecated in favor of isaacsim.core.version. Please update your code accordingly.
[7.514s] [ext: semantics.schema.editor-0.3.10] startup
[7.521s] [ext: omni.kit.ui.actions-1.0.2] startup
[7.523s] [ext: semantics.schema.property-1.0.5] startup
[7.527s] [ext: omni.isaac.wheeled_robots-3.0.3] startup
2026-05-13 07:07:13 [7,517ms] [Warning] [omni.isaac.wheeled_robots] omni.isaac.wheeled_robots has been deprecated in favor of isaacsim.robot.wheeled_robots. Please update your code accordingly.
2026-05-13 07:07:13 [7,518ms] [Warning] [omni.isaac.wheeled_robots.controllers] omni.isaac.wheeled_robots has been deprecated in favor of isaacsim.robot.wheeled_robots. Please update your code accordingly.
2026-05-13 07:07:13 [7,518ms] [Warning] [omni.isaac.wheeled_robots.controllers.ackermann_controller] omni.isaac.wheeled_robots has been deprecated in favor of isaacsim.robot.wheeled_robots. Please update your code accordingly.
2026-05-13 07:07:13 [7,519ms] [Warning] [omni.isaac.wheeled_robots.controllers.differential_controller] omni.isaac.wheeled_robots has been deprecated in favor of isaacsim.robot.wheeled_robots. Please update your code accordingly.
2026-05-13 07:07:13 [7,519ms] [Warning] [omni.isaac.wheeled_robots.controllers.holonomic_controller] omni.isaac.wheeled_robots has been deprecated in favor of isaacsim.robot.wheeled_robots. Please update your code accordingly.
2026-05-13 07:07:13 [7,520ms] [Warning] [omni.isaac.wheeled_robots.controllers.quintic_path_planner] omni.isaac.wheeled_robots has been deprecated in favor of isaacsim.robot.wheeled_robots. Please update your code accordingly.
2026-05-13 07:07:13 [7,520ms] [Warning] [omni.isaac.wheeled_robots.controllers.stanley_control] omni.isaac.wheeled_robots has been deprecated in favor of isaacsim.robot.wheeled_robots. Please update your code accordingly.
2026-05-13 07:07:13 [7,521ms] [Warning] [omni.isaac.wheeled_robots.controllers.wheel_base_pose_controller] omni.isaac.wheeled_robots has been deprecated in favor of isaacsim.robot.wheeled_robots. Please update your code accordingly.
2026-05-13 07:07:13 [7,521ms] [Warning] [omni.isaac.wheeled_robots.impl] omni.isaac.wheeled_robots has been deprecated in favor of isaacsim.robot.wheeled_robots. Please update your code accordingly.
2026-05-13 07:07:13 [7,522ms] [Warning] [omni.isaac.wheeled_robots.robots] omni.isaac.wheeled_robots has been deprecated in favor of isaacsim.robot.wheeled_robots. Please update your code accordingly.
2026-05-13 07:07:13 [7,522ms] [Warning] [omni.isaac.wheeled_robots.robots.holonomic_robot_usd_setup] omni.isaac.wheeled_robots has been deprecated in favor of isaacsim.robot.wheeled_robots. Please update your code accordingly.
2026-05-13 07:07:13 [7,523ms] [Warning] [omni.isaac.wheeled_robots.robots.wheeled_robot] omni.isaac.wheeled_robots has been deprecated in favor of isaacsim.robot.wheeled_robots. Please update your code accordingly.
[7.534s] [ext: omni.isaac.cortex.sample_behaviors-2.0.2] startup
2026-05-13 07:07:13 [7,525ms] [Warning] [omni.isaac.cortex.sample_behaviors] omni.isaac.cortex.sample_behaviors has been deprecated in favor of isaacsim.cortex.behaviors. Please update your code accordingly.
[7.537s] [ext: omni.anim.curve.core-1.2.0] startup
[7.556s] [ext: isaacsim.asset.importer.mjcf-2.3.3] startup
[7.564s] [ext: omni.kit.menu.common-1.1.9] startup
[7.567s] [ext: isaacsim.exp.base-4.5.0] startup
[7.568s] [ext: omnigibson_4_5_0-1.5.0] startup
[7.569s] Simulation App Starting
[7.935s] app ready
2026-05-13 07:07:13 [7,945ms] [Warning] [rtx.scenedb.plugin] SceneDbContext : TLAS limit buffer size 7508933632
2026-05-13 07:07:13 [7,945ms] [Warning] [rtx.scenedb.plugin] SceneDbContext : TLAS limit : valid false, within: false
2026-05-13 07:07:13 [7,945ms] [Warning] [rtx.scenedb.plugin] SceneDbContext : TLAS limit : decrement: 167690, decrement size: 7433845248
2026-05-13 07:07:13 [7,945ms] [Warning] [rtx.scenedb.plugin] SceneDbContext : New limit 9574251 (slope: 447, intercept: 13179904)
2026-05-13 07:07:13 [7,945ms] [Warning] [rtx.scenedb.plugin] SceneDbContext : TLAS limit buffer size 4287216384
2026-05-13 07:07:13 [7,945ms] [Warning] [rtx.scenedb.plugin] SceneDbContext : TLAS limit : valid true, within: true
[0m[00:00:19.704] [INFO] [omnigibson.simulator] ---------- Welcome to OmniGibson! ----------[0m
2026-05-13 07:07:13 [8,100ms] [Warning] [omni.usd-abi.plugin] No setting was found for '/rtx-defaults-transient/meshlights/forceDisable'
2026-05-13 07:07:13 [8,153ms] [Warning] [omni.usd-abi.plugin] No setting was found for '/rtx-defaults/post/dlss/execMode'
[11.829s] Simulation App Startup Complete
2026-05-13 07:07:21 [15,566ms] [Warning] [omni.syntheticdata.plugin] OgnSdPostRenderVarToHost : rendervar copy from texture directly to host buffer is counter-performant. Please use copy from texture to device buffer first.
2026-05-13 07:07:21 [15,601ms] [Warning] [omni.fabric.plugin] removePath called on non-existent path /Render/OmniverseKit/HydraTextures/Replicator/PostRender/SDGPipeline/Replicator_GpuInteropEntry 

2026-05-13 07:07:32 [27,408ms] [Warning] [carb.imaging.plugin] Could not find suitable channels to load in EXR File. The first four channels will be loaded.
2026-05-13 07:09:09 [123,799ms] [Error] [omni.physx.plugin] Unable to create convex mesh for:/World/scene_0/grocery_shelf_ldvnrg_0/base_link/collisions/ldvnrg__base_link__collision__27
[0m[00:02:13.388] [INFO] [omnigibson.simulator] Imported scene 0.[0m
2026-05-13 07:09:09 [124,220ms] [Warning] [omni.syntheticdata.plugin] SdRenderVarPtr missing valid input renderVar LdrColorSDhost
2026-05-13 07:09:15 [129,554ms] [Error] [omni.physx.plugin] Unable to create convex mesh for:/World/scene_0/grocery_shelf_ldvnrg_0/base_link/collisions/ldvnrg__base_link__collision__27
Starting kit application with the following args:  ['/home/yininghong/miniconda3/envs/behavior/lib/python3.10/site-packages/isaacsim/exts/isaacsim.simulation_app/isaacsim/simulation_app/simulation_app.py', '/home/yininghong/miniconda3/envs/behavior/lib/python3.10/site-packages/isaacsim/apps/omnigibson_4_5_0.kit', '--/app/tokens/exe-path=/home/yininghong/miniconda3/envs/behavior/lib/python3.10/site-packages/omni', '--/persistent/app/viewport/displayOptions=3094', '--/rtx/materialDb/syncLoads=True', '--/rtx/hydra/materialSyncLoads=True', '--/omni.kit.plugin/syncUsdLoads=True', '--/app/renderer/resolution/width=1280', '--/app/renderer/resolution/height=720', '--/app/window/width=1440', '--/app/window/height=900', '--/renderer/multiGpu/enabled=False', '--/app/fastShutdown=True', '--/app/installSignalHandlers=0', '--ext-folder', '/home/yininghong/miniconda3/envs/behavior/lib/python3.10/site-packages/isaacsim/exts', '--ext-folder', '/home/yininghong/miniconda3/envs/behavior/lib/python3.10/site-packages/isaacsim/apps', '--/physics/cudaDevice=0', '--portable']
Passing the following args to the base kit application:  ['--task', 'unobserved_changes', '--metadata', 'json-tmp/unobserved_changes/change_detection/grocery_store_cafe/dining_room_0/q_000.json', '--output', 'outputs/qualitative_task_demo/videos/unobserved_changes_phase2_box_grocery_store_cafe_q000.tmp.mp4', '--motion', 'task-demo', '--unobserved-phase', 'phase2', '--frames', '240', '--fps', '30']
Warp 1.5.0 initialized:
   CUDA Toolkit 11.8, Driver 13.0
   Devices:
     "cpu"      : "x86_64"
     "cuda:0"   : "NVIDIA GeForce RTX 3080 Ti" (12 GiB, sm_86, mempool enabled)
   Kernel cache:
     /home/yininghong/.cache/warp/1.5.0

                   ____________
                  /          / \
                 /          / /__
                /          / /  /\
               /__________/ /__/  \
               \   _____  \ \__\  /
                \  \  / \  \ \_/ /
                 \  \/___\  \   /
                  \__________\_/  
       ___                  _  ____ _ _                     
      / _ \ _ __ ___  _ __ (_)/ ___(_) |__  ___  ___  _ __  
     | | | | '_ ` _ \| '_ \| | |  _| | '_ \/ __|/ _ \| '_ \ 
     | |_| | | | | | | | | | | |_| | | |_) \__ \ (_) | | | |
      \___/|_| |_| |_|_| |_|_|\____|_|_.__/|___/\___/|_| |_|

[record_scene_video] environment loaded
[record_scene_video] removed doorlike objects=2/2 failed=0
[record_scene_video] opened doors=0
[record_scene_video] settled 30 steps
[record_scene_video] running task setup for task=unobserved_changes
[33m[00:02:18.673] [WARNING] [omnigibson.objects.object_base] An object's articulation root API was changed while simulation is playing. This may cause issues.[0m
[33m[00:02:19.937] [WARNING] [omnigibson.objects.object_base] An object's articulation root API was changed while simulation is playing. This may cause issues.[0m
[33m[00:02:21.224] [WARNING] [omnigibson.objects.object_base] An object's articulation root API was changed while simulation is playing. This may cause issues.[0m
[33m[00:02:22.488] [WARNING] [omnigibson.objects.object_base] An object's articulation root API was changed while simulation is playing. This may cause issues.[0m
[record_scene_video] task setup complete
[33m[00:02:23.739] [WARNING] [omnigibson.objects.object_base] An object's articulation root API was changed while simulation is playing. This may cause issues.[0m
[record_scene_video] unobserved phase switched to phase2_content
[record_scene_video] unobserved-phases target=[2.62849295 4.39182782 0.80539363]
[record_scene_video] setting initial viewer camera
[record_scene_video] capturing first frame
[record_scene_video] first frame captured shape=(720, 1280, 3)
2026-05-13 07:09:17 [132,045ms] [Warning] [omni.physx.tensors.plugin] prim '/World/scene_0/door_aleker_0/base_link/collisions/aleker__base_link__collision__0' was deleted while being used by a shape in a tensor view class. The physics.tensors simulationView was invalidated.
2026-05-13 07:09:18 [132,913ms] [Warning] [omni.physx.tensors.plugin] prim '/World/scene_0/door_edhkmd_0/base_link/collisions/edhkmd__base_link__collision__0' was deleted while being used by a shape in a tensor view class. The physics.tensors simulationView was invalidated.
2026-05-13 07:09:20 [134,693ms] [Warning] [omnigibson.objects.object_base] An object's articulation root API was changed while simulation is playing. This may cause issues.
2026-05-13 07:09:21 [135,956ms] [Warning] [omnigibson.objects.object_base] An object's articulation root API was changed while simulation is playing. This may cause issues.
2026-05-13 07:09:22 [136,777ms] [Warning] [omni.physx.tensors.plugin] prim '/World/scene_0/render_unobserved_content_phase1_content_0_can_of_icetea/base_link/collisions' was deleted while being used by a shape in a tensor view class. The physics.tensors simulationView was invalidated.
2026-05-13 07:09:22 [137,244ms] [Warning] [omnigibson.objects.object_base] An object's articulation root API was changed while simulation is playing. This may cause issues.
2026-05-13 07:09:23 [138,029ms] [Warning] [omni.physx.tensors.plugin] prim '/World/scene_0/render_unobserved_content_phase2_content_0_sponge/base_link/collisions' was deleted while being used by a shape in a tensor view class. The physics.tensors simulationView was invalidated.
2026-05-13 07:09:24 [138,508ms] [Warning] [omnigibson.objects.object_base] An object's articulation root API was changed while simulation is playing. This may cause issues.
2026-05-13 07:09:24 [139,221ms] [Warning] [omni.physx.tensors.plugin] prim '/World/scene_0/render_unobserved_content_phase2_content_0_sponge/base_link/collisions' was deleted while being used by a shape in a tensor view class. The physics.tensors simulationView was invalidated.
2026-05-13 07:09:25 [139,759ms] [Warning] [omnigibson.objects.object_base] An object's articulation root API was changed while simulation is playing. This may cause issues.
2026-05-13 07:09:45 [159,667ms] [Warning] [carb] Plugin interface for a client: omni.hydratexture.plugin was already released.
[159.854s] Simulation App Shutting Down
