/home/yininghong/miniconda3/envs/behavior/lib/python3.10/site-packages/torch/backends/__init__.py:46: UserWarning: Please use the new API settings to control TF32 behavior, such as torch.backends.cudnn.conv.fp32_precision = 'tf32' or torch.backends.cuda.matmul.fp32_precision = 'ieee'. Old settings, e.g, torch.backends.cuda.matmul.allow_tf32 = True, torch.backends.cudnn.allow_tf32 = True, allowTF32CuDNN() and allowTF32CuBLAS() will be deprecated after Pytorch 2.9. Please see https://pytorch.org/docs/main/notes/cuda.html#tensorfloat-32-tf32-on-ampere-and-later-devices (Triggered internally at /pytorch/aten/src/ATen/Context.cpp:80.)
  self.setter(val)
[record_scene_video] args interactive=False frames=300 motion=cognitivemap-path output=outputs/qualitative_task_demo/videos/cognitivemap_traversable_passage_office_cubicles_right_q000.mp4
[record_scene_video] loading scene=office_cubicles_right room=full_scene full_scene=True
[0m[00:00:04.020] [INFO] [omnigibson.simulator] ----- Starting OmniGibson. This will take 10-30 seconds... -----[0m
[0m[00:00:04.020] [INFO] [omnigibson.simulator] Texture cache folder found, removing...[0m
[32m[00:00:04.751] [DEBUG] [asyncio] Using selector: EpollSelector[0m
[Info] [carb] Logging to file: /home/yininghong/miniconda3/envs/behavior/lib/python3.10/site-packages/omni/logs/Kit/OmniGibson/3.7/kit_20260514_013432.log
2026-05-14 08:34:32 [0ms] [Warning] [omni.kit.app.plugin] No crash reporter present, dumps uploading isn't available.
[0.073s] [ext: omni.kit.async_engine-0.0.1] startup
[0.424s] [ext: omni.metrics.core-0.0.1] startup
[0.424s] [ext: omni.client.lib-1.0.0] startup
[0.448s] [ext: omni.blobkey-1.1.2] startup
[0.448s] [ext: omni.stats-1.0.1] startup
[0.449s] [ext: omni.datastore-0.0.0] startup
[0.455s] [ext: omni.client-1.2.2] startup
[0.461s] [ext: omni.ujitso.default-1.0.0] startup
[0.463s] [ext: omni.hsscclient-1.1.1] startup
2026-05-14 08:34:33 [451ms] [Warning] [omni.datastore] OmniHub is inaccessible
[0.690s] [ext: omni.gpu_foundation.shadercache.vulkan-1.0.0] startup
[0.693s] [ext: omni.assets.plugins-0.0.0] startup
[0.695s] [ext: omni.gpu_foundation-0.0.0] startup
[0.704s] [ext: carb.windowing.plugins-1.0.0] startup
[0.712s] [ext: omni.kit.renderer.init-0.0.0] startup

|---------------------------------------------------------------------------------------------|
| Driver Version: 580.126.09    | Graphics API: Vulkan
|=============================================================================================|
| GPU | Name                             | Active | LDA | GPU Memory | Vendor-ID | LUID       |
|     |                                  |        |     |            | Device-ID | UUID       |
|     |                                  |        |     |            | Bus-ID    |            |
|---------------------------------------------------------------------------------------------|
| 0   | NVIDIA GeForce RTX 3080 Ti       | Yes: 0 |     | 12534   MB | 10de      | 0          |
|     |                                  |        |     |            | 2208      | 96736115.. |
|     |                                  |        |     |            | 2a        |            |
|=============================================================================================|
| OS: 24.04.3 LTS (Noble Numbat) ubuntu, Version: 24.04.3, Kernel: 6.17.0-23-generic
| XServer Vendor: The X.Org Foundation, XServer Version: 12101011 (1.21.1.11)
| Processor: AMD Ryzen 5 5600X3D 6-Core Processor
| Cores: 6 | Logical Cores: 12
|---------------------------------------------------------------------------------------------|
| Total Memory (MB): 15914 | Free Memory: 11778
| Total Page/Swap (MB): 4095 | Free Page/Swap: 1972
|---------------------------------------------------------------------------------------------|
[1.733s] [ext: omni.kit.pipapi-0.0.0] startup
[1.735s] [ext: omni.kit.pip_archive-0.0.0] startup
[1.735s] [ext: omni.kit.telemetry-0.5.1] startup
[1.781s] [ext: omni.materialx.libs-1.0.6] startup
[1.791s] [ext: omni.services.pip_archive-0.13.6] startup
[1.791s] [ext: omni.kit.loop-isaac-1.2.1] startup
[1.793s] [ext: omni.kit.test-1.1.2] startup
[1.828s] [ext: omni.usd.config-1.0.5] startup
[1.833s] [ext: omni.gpucompute.plugins-0.0.0] startup
[1.834s] [ext: omni.usd.libs-1.0.1] startup
[1.950s] [ext: omni.mdl-55.0.1] startup
[1.968s] [ext: omni.iray.libs-0.0.0] startup
[1.974s] [ext: omni.mdl.neuraylib-0.2.10] startup
[1.976s] [ext: omni.kit.usd.mdl-1.0.7] startup
[2.077s] [ext: omni.appwindow-1.1.9] startup
[2.875s] [ext: omni.kit.renderer.core-1.0.2] startup
[3.931s] [ext: omni.kit.renderer.capture-0.0.0] startup
[3.934s] [ext: omni.kit.renderer.imgui-1.0.2] startup
[4.059s] [ext: omni.ui-2.26.5] startup
[4.071s] [ext: omni.kit.mainwindow-1.0.3] startup
[4.072s] [ext: carb.audio-0.1.0] startup
[4.080s] [ext: omni.uiaudio-1.0.0] startup
[4.082s] [ext: omni.kit.uiapp-0.0.0] startup
[4.082s] [ext: omni.usd.schema.metrics.assembler-106.5.0] startup
[4.096s] [ext: omni.usd.schema.physx-106.5.7] startup
[4.128s] [ext: omni.usd.schema.audio-0.0.0] startup
[4.133s] [ext: omni.usd.schema.geospatial-0.0.0] startup
[4.137s] [ext: omni.usd.schema.semantics-0.0.0] startup
[4.141s] [ext: omni.usd.schema.forcefield-106.5.7] startup
[4.150s] [ext: omni.usd.schema.omnigraph-1.0.0] startup
[4.16[32m[00:00:08.738] [DEBUG] [AutoNode] Defining data type 'any' as 'Any'[0m
[32m[00:00:08.738] [DEBUG] [AutoNode] Defining data type 'bool' as 'Bool' and array 'BoolArray[0m
[32m[00:00:08.738] [DEBUG] [AutoNode] Defining data type 'bundle' as 'Bundle'[0m
[32m[00:00:08.738] [DEBUG] [AutoNode] Defining data type 'colord[3]' as 'Color3d' and array 'Color3dArray[0m
[32m[00:00:08.738] [DEBUG] [AutoNode] Defining data type 'colorf[3]' as 'Color3f' and array 'Color3fArray[0m
[32m[00:00:08.738] [DEBUG] [AutoNode] Defining data type 'colorh[3]' as 'Color3h' and array 'Color3hArray[0m
[32m[00:00:08.738] [DEBUG] [AutoNode] Defining data type 'colord[4]' as 'Color4d' and array 'Color4dArray[0m
[32m[00:00:08.738] [DEBUG] [AutoNode] Defining data type 'colorf[4]' as 'Color4f' and array 'Color4fArray[0m
[32m[00:00:08.738] [DEBUG] [AutoNode] Defining data type 'colorh[4]' as 'Color4h' and array 'Color4hArray[0m
[32m[00:00:08.738] [DEBUG] [AutoNode] Defining data type 'double' as 'Double' and array 'DoubleArray[0m
[32m[00:00:08.738] [DEBUG] [AutoNode] Defining data type 'double[2]' as 'Double2' and array 'Double2Array[0m
[32m[00:00:08.738] [DEBUG] [AutoNode] Defining data type 'double[3]' as 'Double3' and array 'Double3Array[0m
[32m[00:00:08.738] [DEBUG] [AutoNode] Defining data type 'double[4]' as 'Double4' and array 'Double4Array[0m
[32m[00:00:08.738] [DEBUG] [AutoNode] Defining data type 'execution' as 'Execution'[0m
[32m[00:00:08.738] [DEBUG] [AutoNode] Defining data type 'float' as 'Float' and array 'FloatArray[0m
[32m[00:00:08.738] [DEBUG] [AutoNode] Defining data type 'float[2]' as 'Float2' and array 'Float2Array[0m
[32m[00:00:08.738] [DEBUG] [AutoNode] Defining data type 'float[3]' as 'Float3' and array 'Float3Array[0m
[32m[00:00:08.738] [DEBUG] [AutoNode] Defining data type 'float[4]' as 'Float4' and array 'Float4Array[0m
[32m[00:00:08.738] [DEBUG] [AutoNode] Defining data type 'frame[4]' as 'Frame' and array 'FrameArray[0m
[32m[00:00:08.738] [DEBUG] [AutoNode] Defining data type 'half' as 'Half' and array 'HalfArray[0m
[32m[00:00:08.738] [DEBUG] [AutoNode] Defining data type 'half[2]' as 'Half2' and array 'Half2Array[0m
[32m[00:00:08.738] [DEBUG] [AutoNode] Defining data type 'half[3]' as 'Half3' and array 'Half3Array[0m
[32m[00:00:08.738] [DEBUG] [AutoNode] Defining data type 'half[4]' as 'Half4' and array 'Half4Array[0m
[32m[00:00:08.738] [DEBUG] [AutoNode] Defining data type 'int' as 'Int' and array 'IntArray[0m
[32m[00:00:08.738] [DEBUG] [AutoNode] Defining data type 'int[2]' as 'Int2' and array 'Int2Array[0m
[32m[00:00:08.739] [DEBUG] [AutoNode] Defining data type 'int[3]' as 'Int3' and array 'Int3Array[0m
[32m[00:00:08.739] [DEBUG] [AutoNode] Defining data type 'int[4]' as 'Int4' and array 'Int4Array[0m
[32m[00:00:08.739] [DEBUG] [AutoNode] Defining data type 'int64' as 'Int64' and array 'Int64Array[0m
[32m[00:00:08.739] [DEBUG] [AutoNode] Defining data type 'matrixd[2]' as 'Matrix2d' and array 'Matrix2dArray[0m
[32m[00:00:08.739] [DEBUG] [AutoNode] Defining data type 'matrixd[3]' as 'Matrix3d' and array 'Matrix3dArray[0m
[32m[00:00:08.739] [DEBUG] [AutoNode] Defining data type 'matrixd[4]' as 'Matrix4d' and array 'Matrix4dArray[0m
[32m[00:00:08.739] [DEBUG] [AutoNode] Defining data type 'normald[3]' as 'Normal3d' and array 'Normal3dArray[0m
[32m[00:00:08.739] [DEBUG] [AutoNode] Defining data type 'normalf[3]' as 'Normal3f' and array 'Normal3fArray[0m
[32m[00:00:08.739] [DEBUG] [AutoNode] Defining data type 'normalh[3]' as 'Normal3h' and array 'Normal3hArray[0m
[32m[00:00:08.739] [DEBUG] [AutoNode] Defining data type 'objectId' as 'ObjectId' and array 'ObjectIdArray[0m
[32m[00:00:08.739] [DEBUG] [AutoNode] Defining data type 'path' as 'Path'[0m
[32m[00:00:08.739] [DEBUG] [AutoNode] Defining data type 'pointd[3]' as 'Point3d' and array 'Point3dArray[0m
[32m[00:00:08.739] [DEBUG] [AutoNode] Defining data type 'pointf[3]' as 'Point3f' and array 'Point3fArray[0m
[32m[00:00:08.739] [DEBUG] [AutoNode] Defining data type 'pointh[3]' as 'Point3h' and array 'Point3hArray[0m
[32m[00:00:08.739] [DEBUG] [AutoNode] Defining data type 'quatd[4]' as 'Quatd' and array 'QuatdArray[0m
[32m[00:00:08.739] [DEBUG] [AutoNode] Defining data type 'quatf[4]' as 'Quatf' and array 'QuatfArray[0m
[32m[00:00:08.739] [DEBUG] [AutoNode] Defining data type 'quath[4]' as 'Quath' and array 'QuathArray[0m
[32m[00:00:08.739] [DEBUG] [AutoNode] Defining data type 'string' as 'String'[0m
[32m[00:00:08.739] [DEBUG] [AutoNode] Defining data type 'target' as 'Target'[0m
[32m[00:00:08.739] [DEBUG] [AutoNode] Defining data type 'texcoordd[2]' as 'TexCoord2d' and array 'TexCoord2dArray[0m
[32m[00:00:08.739] [DEBUG] [AutoNode] Defining data type 'texcoordf[2]' as 'TexCoord2f' and array 'TexCoord2fArray[0m
[32m[00:00:08.739] [DEBUG] [AutoNode] Defining data type 'texcoordh[2]' as 'TexCoord2h' and array 'TexCoord2hArray[0m
[32m[00:00:08.739] [DEBUG] [AutoNode] Defining data type 'texcoordd[3]' as 'TexCoord3d' and array 'TexCoord3dArray[0m
[32m[00:00:08.739] [DEBUG] [AutoNode] Defining data type 'texcoordf[3]' as 'TexCoord3f' and array 'TexCoord3fArray[0m
[32m[00:00:08.739] [DEBUG] [AutoNode] Defining data type 'texcoordh[3]' as 'TexCoord3h' and array 'TexCoord3hArray[0m
[32m[00:00:08.739] [DEBUG] [AutoNode] Defining data type 'timecode' as 'Timecode' and array 'TimecodeArray[0m
[32m[00:00:08.739] [DEBUG] [AutoNode] Defining data type 'token' as 'Token' and array 'TokenArray[0m
[32m[00:00:08.739] [DEBUG] [AutoNode] Defining data type 'uchar' as 'UChar' and array 'UCharArray[0m
[32m[00:00:08.739] [DEBUG] [AutoNode] Defining data type 'uint' as 'UInt' and array 'UIntArray[0m
[32m[00:00:08.739] [DEBUG] [AutoNode] Defining data type 'uint64' as 'UInt64' and array 'UInt64Array[0m
[32m[00:00:08.739] [DEBUG] [AutoNode] Defining data type 'vectord[3]' as 'Vector3d' and array 'Vector3dArray[0m
[32m[00:00:08.739] [DEBUG] [AutoNode] Defining data type 'vectorf[3]' as 'Vector3f' and array 'Vector3fArray[0m
[32m[00:00:08.739] [DEBUG] [AutoNode] Defining data type 'vectorh[3]' as 'Vector3h' and array 'Vector3hArray[0m
0s] [ext: isaacsim.robot.schema-3.1.2] startup
[4.170s] [ext: omni.usd.schema.omniscripting-1.0.0] startup
[4.177s] [ext: omni.usd.schema.isaac-3.0.2] startup
[4.177s] [ext: omni.usd.schema.anim-0.0.0] startup
[4.202s] [ext: omni.usd.schema.flow-107.0.0] startup
[4.203s] [ext: omni.graph.exec-0.9.4] startup
[4.204s] [ext: omni.kit.usd_undo-0.1.8] startup
[4.205s] [ext: omni.kit.actions.core-1.0.0] startup
[4.207s] [ext: omni.kit.exec.core-0.13.4] startup
[4.210s] [ext: omni.usd_resolver-1.0.0] startup
[4.216s] [ext: omni.kit.commands-1.4.9] startup
[4.221s] [ext: omni.activity.core-1.0.1] startup
[4.222s] [ext: omni.usd.core-1.4.2] startup
[4.226s] [ext: omni.resourcemonitor-107.0.0] startup
[4.229s] [ext: omni.kit.window.popup_dialog-2.0.24] startup
[4.233s] [ext: omni.timeline-1.0.11] startup
[4.235s] [ext: omni.kit.widget.nucleus_connector-1.1.10] startup
[4.237s] [ext: usdrt.scenegraph-7.5.1] startup
[4.278s] [ext: omni.kit.audiodeviceenum-1.0.1] startup
[4.279s] [ext: omni.hydra.usdrt_delegate-7.5.1] startup
[4.295s] [ext: omni.hydra.scene_delegate-0.3.3] startup
[4.303s] [ext: omni.usd-1.12.4] startup
[4.347s] [ext: omni.inspect-1.0.1] startup
[4.348s] [ext: omni.kit.notification_manager-1.0.9] startup
[4.351s] [ext: omni.graph.core-2.181.8] startup
[4.355s] [ext: isaacsim.core.deprecation_manager-0.2.2] startup
[4.356s] [ext: omni.kit.asset_converter-2.8.3] startup
[4.370s] [ext: omni.kit.widget.path_field-2.0.11] startup
[4.371s] [ext: omni.kit.helper.file_utils-0.1.9] startup
[4.373s] [ext: omni.kit.menu.core-1.1.2] startup
[4.374s] [ext: omni.kit.widget.browser_bar-2.0.10] startup
[4.375s] [ext: omni.kit.widget.filebrowser-2.10.52] startup
[4.380s] [ext: omni.kit.widget.context_menu-1.2.4] startup
[4.381s] [ext: omni.kit.clipboard-1.0.5] startup
[4.383s] [ext: omni.kit.widget.options_menu-1.1.6] startup
[4.386s] [ext: omni.graph.tools-1.79.1] startup
[4.415s] [ext: omni.ui.scene-1.11.2] startup
[4.420s] [ext: omni.kit.widget.options_button-1.0.3] startup
[4.421s] [ext: omni.kit.property.adapter.core-1.0.2] startup
[4.424s] [ext: omni.graph-1.140.2] startup
[4.466s] [ext: omni.kit.window.filepicker-2.11.7] startup
[4.476s] [ext: omni.kit.property.adapter.usd-1.0.2] startup
[4.478s] [ext: omni.kit.property.adapter.fabric-1.0.3] startup
[4.480s] [ext: omni.kit.widget.text_editor-1.0.2] startup
[4.482s] [ext: omni.kit.hotkeys.core-1.3.10] startup
[4.487s] [ext: omni.kit.window.content_browser_registry-0.0.6] startup
[4.488s] [ext: omni.kit.widget.filter-1.1.4] startup
[4.489s] [ext: omni.kit.widget.searchfield-1.1.8] startup
[4.491s] [ext: omni.kit.widget.highlight_label-1.0.3] startup
[4.492s] [ext: omni.ujitso.processor.texture-1.0.0] startup
[4.494s] [ext: omni.index.libs-380600.1777.0] startup
[4.494s] [ext: omni.volume-0.5.0] startup
[4.500s] [ext: omni.ujitso.client-0.0.0] startup
[4.501s] [ext: omni.index-1.0.1] startup
[4.502s] [ext: omni.hydra.rtx.shadercache.vulkan-1.0.0] startup
[4.504s] [ext: omni.kit.usd.layers-2.2.0] startup
[4.513s] [ext: omni.hydra.rtx-1.0.0] startup
2026-05-14 08:34:37 [4,512ms] [Warning] [omni.log] Source: omni.hydra was already registered.
[4.551s] [ext: omni.kit.context_menu-1.8.3] startup
[4.553s] [ext: omni.kit.viewport.scene_camera_model-1.0.5] startup
[4.561s] [ext: omni.kit.hydra_texture-1.4.0] startup
[4.567s] [ext: omni.kit.window.file_importer-1.1.14] startup
[4.570s] [ext: omni.kit.menu.utils-1.7.7] startup
[4.577s] [ext: omni.kit.viewport.legacy_gizmos-1.0.16] startup
[4.582s] [ext: omni.kit.raycast.query-1.0.5] startup
[4.590s] [ext: omni.kit.material.library-1.5.15] startup
[4.595s] [ext: omni.kit.widget.viewport-107.0.7] startup
[4.601s] [ext: omni.kit.window.file_exporter-1.0.31] startup
[4.602s] [ext: omni.kit.stage_template.core-1.1.22] startup
[4.604s] [ext: omni.kit.window.drop_support-1.0.4] startup
[4.605s] [ext: omni.kit.viewport.registry-104.0.6] startup
[4.606s] [ext: omni.hydra.engine.stats-1.0.3] startup
[4.610s] [ext: omni.kit.window.file-1.3.57] startup
[4.614s] [ext: omni.kit.viewport.window-107.0.8] startup
[4.634s] [ext: omni.kit.window.content_browser-2.10.3] startup
[4.649s] [ext: omni.kit.window.property-1.11.5] startup
[4.652s] [ext: omni.kit.widget.stage-2.11.6] startup
[4.664s] [ext: omni.kit.viewport.utility-1.0.18] startup
[4.666s] [ext: omni.kit.manipulator.viewport-107.0.1] startup
[4.668s] [ext: omni.kit.property.usd-4.2.16] startup
[4.678s] [ext: omni.kit.xr.telemetry-106.5.13] startup
[4.681s] [ext: omni.kit.window.extensions-1.4.25] startup
[4.688s] [ext: omni.graph.visualization.nodes-2.1.1] startup
[4.693s] [ext: omni.kit.widget.stage_icons-1.0.6] startup
[4.697s] [ext: omni.kit.widget.zoombar-1.0.5] startup
[4.699s] [ext: omni.kit.widget.searchable_combobox-1.0.6] startup
[4.703s] [ext: omni.kit.window.stage-2.5.11] startup
[4.711s] [ext: omni.kit.browser.core-2.3.11] startup
[4.716s] [ext: omni.kit.widget.settings-1.2.2] startup
[4.719s] [ext: omni.kit.menu.stage-1.2.5] startup
[4.721s] [ext: omni.kit.browser.folder.core-1.10.1] startup
[4.727s] [ext: omni.kit.widget.prompt-1.0.7] startup
[4.729s] [ext: omni.kit.window.preferences-1.7.0] startup
[4.736s] [ext: omni.kit.xr.configurations-106.5.13] startup
[4.736s] [ext: omni.convexdecomposition-106.5.7] startup
[4.744s] [ext: omni.kit.usd.collect-2.2.22] startup
[4.747s] [ext: omni.rtx.window.settings-0.6.17] startup
[4.751s] [ext: omni.kit.manipulator.camera-106.0.3] startup
[4.757s] [ext: omni.kit.xr.core-106.5.13] startup
[4.804s] [ext: omni.kvdb-106.5.7] startup
[4.807s] [ext: omni.services.facilities.base-1.0.4] startup
[4.809s] [ext: omni.usdphysics-106.5.7] startup
[4.814s] [ext: omni.physx.foundation-106.5.7] startup
[4.816s] [ext: omni.localcache-106.5.7] startup
[4.819s] [ext: omni.services.core-1.9.0] startup
[5.133s] [ext: omni.physx.cooking-106.5.7] startup
[5.146s] [ext: omni.kit.tool.collect-2.2.16] startup
[5.150s] [ext: omni.kit.xr.ui.window.viewport-106.5.13] startup
[5.158s] [ext: omni.services.transport.server.base-1.1.1] startup
[5.160s] [ext: omni.physx-106.5.7] startup
[5.177s] [ext: isaacsim.examples.browser-0.1.8] startup
[5.181s] [ext: omni.graph.action_core-1.1.7] startup
[5.185s] [ext: omni.ui_query-1.1.7] startup
[5.186s] [ext: omni.services.transport.server.zeroconf-1.0.9] startup
[5.203s] [ext: omni.graph.action_nodes-1.40.1] startup
[5.209s] [ext: omni.kit.ui_test-1.3.3] startup
[5.214s] [ext: omni.kit.xr.advertise-106.5.13] startup
[5.217s] [ext: omni.graph.action-1.120.0] startup
[5.219s] [ext: omni.kit.xr.ui.window.profile-106.5.13] startup
[5.410s] [ext: omni.kit.xr.system.cloudxr-106.5.13] startup
[5.414s] [ext: omni.kit.tool.asset_importer-2.12.2] startup
[5.420s] [ext: isaacsim.gui.components-1.0.9] startup
[5.424s] [ext: omni.kit.xr.profile.common-106.5.13] startup
[5.429s] [ext: isaacsim.asset.importer.urdf-2.3.10] startup
[5.511s] [ext: omni.graph.image.core-0.6.0] startup
[5.513s] [ext: isaacsim.core.version-2.0.2] startup
[5.520s] [ext: omni.graph.image.nodes-1.3.0] startup
[5.522s] [ext: isaacsim.storage.native-1.0.6] startup
[5.524s] [ext: omni.kit.data2ui.core-1.0.27] startup
[5.528s] [ext: omni.graph.nodes-1.162.1] startup
[5.541s] [ext: omni.physx.stageupdate-106.5.7] startup
[5.544s] [ext: omni.kit.numpy.common-0.1.2] startup
[5.546s] [ext: omni.kit.data2ui.usd-1.0.27] startup
[5.556s] [ext: omni.warp.core-1.5.0] startup
[5.558s] [ext: omni.isaac.dynamic_control-1.3.15] startup
2026-05-14 08:34:38 [5,552ms] [Warning] [omni.isaac.dynamic_control] omni.isaac.dynamic_control is deprecated as of Isaac Sim 4.5. No action is needed from end-users.
[5.566s] [ext: omni.no_code_ui.bundle-1.0.27] startup
[5.567s] [ext: omni.kit.xr.scene_view.core-106.5.13] startup
[5.580s] [ext: isaacsim.core.utils-2.2.8] startup
[5.585s] [ext: omni.kit.xr.scene_view.utils-106.5.13] startup
[6.343s] [ext: omni.kit.xr.system.steamvr-106.5.13] startup
[6.346s] [ext: isaacsim.asset.browser-1.3.4] startup
[6.351s] [ext: omni.kit.xr.ui.stage-106.5.13] startup
[6.364s] [ext: omni.kit.xr.system.openxr-106.5.13] startup
[6.372s] [ext: omni.isaac.asset_browser-1.0.2] startup
2026-05-14 08:34:39 [6,360ms] [Warning] [omni.isaac.asset_browser] omni.isaac.asset_browser has been deprecated in favor of isaacsim.asset.browser. Please update your code accordingly.
[6.374s] [ext: omni.kit.xr.profile.vr-106.5.13] startup
[6.378s] [ext: omni.physics.tensors-106.5.7] startup
[6.390s] [ext: omni.graph.ui_nodes-1.40.1] startup
[6.400s] [ext: omni.physx.tensors-106.5.7] startup
[6.409s] [ext: omni.kit.primitive.mesh-1.0.17] startup
[6.415s] [ext: isaacsim.core.simulation_manager-0.3.3] startup
[6.599s] [ext: omni.kit.stage_templates-1.2.6] startup
[6.606s] [ext: isaacsim.core.prims-0.3.7] startup
[6.629s] [ext: omni.kit.widget.graph-1.12.17] startup
[6.637s] [ext: isaacsim.core.api-4.2.16] startup
[6.652s] [ext: omni.kit.graph.delegate.default-1.2.2] startup
[6.654s] [ext: omni.graph.scriptnode-1.40.1] startup
[6.656s] [ext: omni.kit.graph.editor.core-1.5.3] startup
[6.663s] [ext: isaacsim.core.cloner-1.3.4] startup
[6.667s] [ext: omni.kit.graph.usd.commands-1.3.1] startup
[6.669s] [ext: omni.isaac.assets_check-0.3.9] startup
2026-05-14 08:34:39 [6,657ms] [Warning] [omni.isaac.assets_check] omni.isaac.assets_check has been deprecated in favor of isaacsim.asset.browser. Please update your code accordingly.
[6.670s] [ext: omni.kit.widget.material_preview-1.0.16] startup
[6.673s] [ext: omni.kit.viewport.menubar.core-107.1.2] startup
[6.689s] [ext: omni.isaac.cloner-1.0.2] startup
2026-05-14 08:34:39 [6,677ms] [Warning] [omni.isaac.cloner] omni.isaac.cloner has been deprecated in favor of isaacsim.core.cloner. Please update your code accordingly.
[6.690s] [ext: isaacsim.core.throttling-2.0.2] startup
[6.693s] [ext: omni.flowusd-106.5.2] startup
2026-05-14 08:34:39 [6,688ms] [Warning] [omni.stageupdate.plugin] Deprecated: direct use of IStageUpdate callbacks is deprecated. Use IStageUpdate::getStageUpdate instead.
[6.704s] [ext: omni.kit.window.material_graph-1.8.19] startup
[6.716s] [ext: omni.syntheticdata-0.6.10] startup
[6.734s] [ext: omni.warp-1.5.0] startup
[6.748s] [ext: isaacsim.simulation_app-2.4.2] startup
[6.750s] [ext: isaacsim.robot_motion.lula-4.0.4] startup
[6.761s] [ext: omni.replicator.core-1.11.35] startup
2026-05-14 08:34:39 [6,900ms] [Warning] [omni.replicator.core.scripts.extension] No material configuration file, adding configuration to material settings directly.
[6.916s] [ext: omni.isaac.kit-2.0.3] startup
2026-05-14 08:34:39 [6,906ms] [Warning] [omni.isaac.kit] omni.isaac.kit has been deprecated in favor of isaacsim.simulation_app. Please update your code accordingly.
[6.919s] [ext: omni.isaac.lula-4.0.2] startup
2026-05-14 08:34:39 [6,907ms] [Warning] [omni.isaac.lula] omni.isaac.lula has been deprecated in favor of isaacsim.robot_motion.lula. Please update your code accordingly.
[6.921s] [ext: isaacsim.core.nodes-2.1.4] startup
[6.932s] [ext: isaacsim.robot_motion.motion_generation-8.0.6] startup
[6.959s] [ext: isaacsim.robot.surface_gripper-2.0.6] startup
[6.970s] [ext: omni.kit.selection-0.1.5] startup
[6.976s] [ext: isaacsim.robot_motion.lula_test_widget-1.0.5] startup
[6.986s] [ext: isaacsim.robot.manipulators-3.0.4] startup
[6.999s] [ext: isaacsim.gui.menu-2.0.9] startup
[7.037s] [ext: omni.isaac.lula_test_widget-1.0.2] startup
2026-05-14 08:34:39 [7,026ms] [Warning] [omni.isaac.lula_test_widget] omni.isaac.lula_test_widget has been deprecated in favor of isaacsim.robot_motion.lula_test_widget. Please update your code accordingly.
[7.039s] [ext: omni.isaac.manipulators-3.0.3] startup
2026-05-14 08:34:39 [7,029ms] [Warning] [omni.isaac.manipulators] omni.isaac.manipulators has been deprecated in favor of isaacsim.robot.manipulators. Please update your code accordingly.
2026-05-14 08:34:39 [7,030ms] [Warning] [omni.isaac.manipulators.controllers] omni.isaac.manipulators has been deprecated in favor of isaacsim.robot.manipulators. Please update your code accordingly.
2026-05-14 08:34:39 [7,031ms] [Warning] [omni.isaac.manipulators.controllers.pick_place_controller] omni.isaac.manipulators has been deprecated in favor of isaacsim.robot.manipulators. Please update your code accordingly.
2026-05-14 08:34:39 [7,035ms] [Warning] [omni.isaac.manipulators.controllers.stacking_controller] omni.isaac.manipulators has been deprecated in favor of isaacsim.robot.manipulators. Please update your code accordingly.
2026-05-14 08:34:39 [7,036ms] [Warning] [omni.isaac.manipulators.grippers] omni.isaac.manipulators has been deprecated in favor of isaacsim.robot.manipulators. Please update your code accordingly.
2026-05-14 08:34:39 [7,036ms] [Warning] [omni.isaac.manipulators.grippers.gripper] omni.isaac.manipulators has been deprecated in favor of isaacsim.robot.manipulators. Please update your code accordingly.
2026-05-14 08:34:39 [7,038ms] [Warning] [omni.isaac.manipulators.grippers.parallel_gripper] omni.isaac.manipulators has been deprecated in favor of isaacsim.robot.manipulators. Please update your code accordingly.
2026-05-14 08:34:39 [7,038ms] [Warning] [omni.isaac.manipulators.grippers.surface_gripper] omni.isaac.manipulators has been deprecated in favor of isaacsim.robot.manipulators. Please update your code accordingly.
2026-05-14 08:34:39 [7,039ms] [Warning] [omni.isaac.manipulators.manipulators] omni.isaac.manipulators has been deprecated in favor of isaacsim.robot.manipulators. Please update your code accordingly.
2026-05-14 08:34:39 [7,040ms] [Warning] [omni.isaac.manipulators.manipulators.single_manipulator] omni.isaac.manipulators has been deprecated in favor of isaacsim.robot.manipulators. Please update your code accordingly.
[7.054s] [ext: omni.isaac.menu-1.0.2] startup
2026-05-14 08:34:39 [7,043ms] [Warning] [omni.isaac.menu] omni.isaac.menu has been deprecated in favor of isaacsim.gui.menu. Please update your code accordingly.
[7.057s] [ext: isaacsim.util.debug_draw-2.0.2] startup
[7.066s] [ext: omni.isaac.motion_generation-8.0.2] startup
2026-05-14 08:34:39 [7,055ms] [Warning] [omni.isaac.motion_generation] omni.isaac.motion_generation has been deprecated in favor of isaacsim.robot_motion.motion_generation. Please update your code accordingly.
2026-05-14 08:34:39 [7,055ms] [Warning] [omni.isaac.motion_generation.articulation_kinematics_solver] omni.isaac.motion_generation has been deprecated in favor of isaacsim.robot_motion.motion_generation. Please update your code accordingly.
2026-05-14 08:34:39 [7,056ms] [Warning] [omni.isaac.motion_generation.articulation_motion_policy] omni.isaac.motion_generation has been deprecated in favor of isaacsim.robot_motion.motion_generation. Please update your code accordingly.
2026-05-14 08:34:39 [7,056ms] [Warning] [omni.isaac.motion_generation.articulation_trajectory] omni.isaac.motion_generation has been deprecated in favor of isaacsim.robot_motion.motion_generation. Please update your code accordingly.
2026-05-14 08:34:39 [7,057ms] [Warning] [omni.isaac.motion_generation.kinematics_interface] omni.isaac.motion_generation has been deprecated in favor of isaacsim.robot_motion.motion_generation. Please update your code accordingly.
2026-05-14 08:34:39 [7,058ms] [Warning] [omni.isaac.motion_generation.lula] omni.isaac.motion_generation has been deprecated in favor of isaacsim.robot_motion.motion_generation. Please update your code accordingly.
2026-05-14 08:34:39 [7,058ms] [Warning] [omni.isaac.motion_generation.lula.kinematics] omni.isaac.motion_generation has been deprecated in favor of isaacsim.robot_motion.motion_generation. Please update your code accordingly.
2026-05-14 08:34:39 [7,059ms] [Warning] [omni.isaac.motion_generation.lula.motion_policies] omni.isaac.motion_generation has been deprecated in favor of isaacsim.robot_motion.motion_generation. Please update your code accordingly.
2026-05-14 08:34:39 [7,059ms] [Warning] [omni.isaac.motion_generation.lula.path_planners] omni.isaac.motion_generation has been deprecated in favor of isaacsim.robot_motion.motion_generation. Please update your code accordingly.
2026-05-14 08:34:39 [7,061ms] [Warning] [omni.isaac.motion_generation.lula.trajectory_generator] omni.isaac.motion_generation has been deprecated in favor of isaacsim.robot_motion.motion_generation. Please update your code accordingly.
2026-05-14 08:34:39 [7,064ms] [Warning] [omni.isaac.motion_generation.motion_policy_controller] omni.isaac.motion_generation has been deprecated in favor of isaacsim.robot_motion.motion_generation. Please update your code accordingly.
2026-05-14 08:34:39 [7,065ms] [Warning] [omni.isaac.motion_generation.motion_policy_interface] omni.isaac.motion_generation has been deprecated in favor of isaacsim.robot_motion.motion_generation. Please update your code accordingly.
2026-05-14 08:34:39 [7,065ms] [Warning] [omni.isaac.motion_generation.path_planner_visualizer] omni.isaac.motion_generation has been deprecated in favor of isaacsim.robot_motion.motion_generation. Please update your code accordingly.
2026-05-14 08:34:39 [7,065ms] [Warning] [omni.isaac.motion_generation.path_planning_interface] omni.isaac.motion_generation has been deprecated in favor of isaacsim.robot_motion.motion_generation. Please update your code accordingly.
2026-05-14 08:34:39 [7,066ms] [Warning] [omni.isaac.motion_generation.trajectory] omni.isaac.motion_generation has been deprecated in favor of isaacsim.robot_motion.motion_generation. Please update your code accordingly.
2026-05-14 08:34:39 [7,066ms] [Warning] [omni.isaac.motion_generation.world_interface] omni.isaac.motion_generation has been deprecated in favor of isaacsim.robot_motion.motion_generation. Please update your code accordingly.
[7.079s] [ext: isaacsim.sensors.physics-0.3.5] startup
[7.091s] [ext: omni.sensors.nv.common-2.5.0-coreapi] startup
[7.117s] [ext: isaacsim.sensors.physx-2.2.4] startup
[7.130s] [ext: omni.isaac.nucleus-1.0.3] startup
2026-05-14 08:34:39 [7,119ms] [Warning] [omni.isaac.nucleus] omni.isaac.nucleus has been deprecated in favor of isaacsim.storage.native. Please update your code accordingly.
2026-05-14 08:34:39 [7,120ms] [Warning] [omni.isaac.nucleus.nucleus] omni.isaac.nucleus.nucleus has been deprecated in favor of isaacsim.storage.native. Please update your code accordingly.
[7.133s] [ext: isaacsim.robot.policy.examples-4.0.3] startup
[7.138s] [ext: omni.sensors.nv.materials-1.4.0-coreapi] startup
[7.148s] [ext: omni.isaac.range_sensor-4.0.2] startup
[7.154s] [ext: isaacsim.sensors.camera-0.2.9] startup
[7.171s] [ext: omni.isaac.quadruped-3.0.2] startup
2026-05-14 08:34:39 [7,160ms] [Warning] [omni.isaac.quadruped] omni.isaac.quadruped has been deprecated in favor of isaacsim.robot.policy.examples. Please update your code accordingly.
[7.174s] [ext: omni.sensors.nv.ids-1.4.0-coreapi] startup
[7.182s] [ext: omni.kit.menu.create-1.0.17] startup
[7.184s] [ext: omni.sensors.nv.wpm-2.4.0-coreapi] startup
[7.188s] [ext: omni.kit.manipulator.transform-106.0.1] startup
[7.192s] [ext: omni.kit.widget.toolbar-1.7.3] startup
[7.200s] [ext: omni.sensors.nv.radar-2.6.1-coreapi] startup
[7.211s] [ext: omni.sensors.tiled-0.0.6] startup
[7.215s] [ext: omni.sensors.nv.lidar-2.6.3-coreapi] startup
[7.226s] [ext: omni.kit.manipulator.tool.snap-1.5.12] startup
[7.231s] [ext: omni.kit.manipulator.selector-1.1.1] startup
[7.233s] [ext: isaacsim.sensors.rtx-13.6.3] startup
[7.242s] [ext: omni.isaac.core-4.0.3] startup
2026-05-14 08:34:40 [7,233ms] [Warning] [omni.isaac.core.physics_context.physics_context] omni.isaac.core.physics_context.physics_context has been deprecated in favor of isaacsim.core.api.physics_context.physics_context. Please update your code accordingly.
2026-05-14 08:34:40 [7,233ms] [Warning] [omni.isaac.core.simulation_context.simulation_context] omni.isaac.core.simulation_context.simulation_context has been deprecated in favor of isaacsim.core.api.simulation_context.simulation_context. Please update your code accordingly.
2026-05-14 08:34:40 [7,234ms] [Warning] [omni.isaac.core.world.world] omni.isaac.core.world.world has been deprecated in favor of isaacsim.core.api.world.world. Please update your code accordingly.
2026-05-14 08:34:40 [7,234ms] [Warning] [omni.isaac.core] omni.isaac.core has been deprecated in favor of isaacsim.core.api. Please update your code accordingly.
[7.248s] [ext: omni.kit.scripting-106.5.2] startup
[7.260s] [ext: omni.kit.viewport.manipulator.transform-107.0.4] startup
[7.263s] [ext: omni.isaac.sensor-13.0.3] startup
2026-05-14 08:34:40 [7,251ms] [Warning] [omni.isaac.sensor] omni.isaac.sensor has been deprecated in favor of isaacsim.sensors.camera, isaacsim.sensors.physics, isaacsim.sensors.physx, and isaacsim.sensors.rtx. Please update your code accordingly.
2026-05-14 08:34:40 [7,251ms] [Warning] [omni.isaac.sensor.camera] omni.isaac.sensor.camera has been deprecated in favor of isaacsim.sensors.camera.camera. Please update your code accordingly.
2026-05-14 08:34:40 [7,251ms] [Warning] [omni.isaac.sensor.camera_view] omni.isaac.sensor.camera_view has been deprecated in favor of isaacsim.sensors.camera.camera_view. Please update your code accordingly.
2026-05-14 08:34:40 [7,251ms] [Warning] [omni.isaac.sensor.commands] omni.isaac.sensor.commands has been deprecated in favor of isaacsim.sensors.physics.commands, isaacsim.sensors.physx.commands, and isaacsim.sensors.rtx.commands. Please update your code accordingly.
2026-05-14 08:34:40 [7,252ms] [Warning] [omni.isaac.sensor.contact_sensor] omni.isaac.sensor.contact_sensor has been deprecated in favor of isaacsim.sensors.physics.contact_sensor. Please update your code accordingly.
2026-05-14 08:34:40 [7,252ms] [Warning] [omni.isaac.sensor.imu_sensor] omni.isaac.sensor.imu_sensor has been deprecated in favor of isaacsim.sensors.physics.imu_sensor. Please update your code accordingly.
2026-05-14 08:34:40 [7,252ms] [Warning] [omni.isaac.sensor.lidar_rtx] omni.isaac.sensor.lidar_rtx has been deprecated in favor of isaacsim.sensors.rtx.lidar_rtx. Please update your code accordingly.
2026-05-14 08:34:40 [7,252ms] [Warning] [omni.isaac.sensor.rotating_lidar_physX] omni.isaac.sensor.imu_sensor has been deprecated in favor of isaacsim.sensors.physix.rotating_lidar_physX. Please update your code accordingly.
2026-05-14 08:34:40 [7,253ms] [Warning] [omni.isaac.sensor.scripts.samples.contact_sensor] omni.isaac.sensor.scripts.samples.contact_sensor has been deprecated in favor of isaacsim.sensors.physics.scripts.samples.contact_sensor. Please update your code accordingly.
2026-05-14 08:34:40 [7,253ms] [Warning] [omni.isaac.sensor.scripts.samples.imu_sensor] omni.isaac.sensor.scripts.samples.imu_sensor has been deprecated in favor of isaacsim.sensors.physics.scripts.samples.imu_sensor. Please update your code accordingly.
2026-05-14 08:34:40 [7,253ms] [Warning] [omni.isaac.sensor.scripts.samples.lightbeam_sensor] omni.isaac.sensor.scripts.samples.lightbeam_sensor has been deprecated in favor of isaacsim.sensors.physx.scripts.samples.lightbeam_sensor. Please update your code accordingly.
[7.266s] [ext: omni.isaac.surface_gripper-2.0.2] startup
2026-05-14 08:34:40 [7,255ms] [Warning] [omni.isaac.surface_gripper] omni.isaac.surface_gripper has been deprecated in favor of isaacsim.robot.surface_gripper. Please update your code accordingly.
[7.268s] [ext: omni.isaac.core_nodes-2.0.2] startup
2026-05-14 08:34:40 [7,262ms] [Warning] [omni.isaac.core_nodes] omni.isaac.core_nodes has been deprecated in favor of isaacsim.core.nodes. Please update your code accordingly.
[7.275s] [ext: isaacsim.replicator.behavior-1.0.8] startup
[7.278s] [ext: omni.kit.manipulator.prim.core-107.0.7] startup
[7.286s] [ext: omni.fabric.commands-1.1.5] startup
[7.289s] [ext: omni.kit.viewport.actions-107.0.0] startup
[7.294s] [ext: omni.kit.manipulator.prim.usd-107.0.3] startup
[7.296s] [ext: omni.kit.manipulator.prim.fabric-107.0.4] startup
[7.298s] [ext: isaacsim.app.about-2.0.7] startup
[7.300s] [ext: omni.kit.manipulator.selection-106.0.1] startup
[7.303s] [ext: omni.kit.viewport.menubar.display-107.0.3] startup
[7.305s] [ext: omni.kit.widget.layers-1.8.2] startup
[7.320s] [ext: omni.kit.manipulator.prim-107.0.0] startup
[7.321s] [ext: omni.debugdraw-0.1.3] startup
[7.327s] [ext: omni.isaac.window.about-2.0.2] startup
2026-05-14 08:34:40 [7,315ms] [Warning] [omni.isaac.window.about] omni.isaac.window.about has been deprecated in favor of isaacsim.app.about. Please update your code accordingly.
2026-05-14 08:34:40 [7,315ms] [Warning] [omni.isaac.window.about.about] omni.isaac.window.about.about has been deprecated in favor of isaacsim.app.about.about. Please update your code accordingly.
[7.329s] [ext: omni.kit.property.audio-1.0.16] startup
[7.331s] [ext: omni.physx.commands-106.5.7] startup
[7.334s] [ext: omni.usdphysics.ui-106.5.7] startup
[7.369s] [ext: omni.kit.property.camera-1.0.9] startup
[7.371s] [ext: omni.kit.property.geometry-1.3.3] startup
[7.375s] [ext: omni.kit.property.light-1.0.11] startup
[7.377s] [ext: omni.hydra.scene_api-0.1.2] startup
[7.386s] [ext: omni.physx.ui-106.5.7] startup
[7.423s] [ext: omni.kit.property.material-1.10.17] startup
[7.430s] [ext: omni.kit.property.render-1.1.3] startup
[7.432s] [ext: isaacsim.robot.manipulators.examples-1.0.3] startup
[7.433s] [ext: omni.kit.property.transform-1.5.10] startup
[7.439s] [ext: omni.physx.demos-106.5.7] startup
[7.460s] [ext: omni.kit.property.physx-106.5.7] startup
[7.501s] [ext: isaacsim.gui.property-1.0.4] startup
[7.504s] [ext: omni.isaac.franka-1.0.2] startup
2026-05-14 08:34:40 [7,492ms] [Warning] [omni.isaac.franka] omni.isaac.franka has been deprecated in favor of isaacsim.robot.manipulators.examples.franka. Please update your code accordingly.
2026-05-14 08:34:40 [7,493ms] [Warning] [omni.isaac.franka.franka] omni.isaac.franka has been deprecated in favor of isaacsim.robot.manipulators.examples.franka. Please update your code accordingly.
2026-05-14 08:34:40 [7,493ms] [Warning] [omni.isaac.franka.kinematics_solver] omni.isaac.franka has been deprecated in favor of isaacsim.robot.manipulators.examples.franka. Please update your code accordingly.
[7.507s] [ext: omni.kit.property.bundle-1.3.2] startup
[7.510s] [ext: omni.physx.vehicle-106.5.7] startup
[7.533s] [ext: omni.kit.property.isaac-1.0.2] startup
2026-05-14 08:34:40 [7,522ms] [Warning] [omni.kit.property.isaac] omni.kit.property.isaac has been deprecated in favor of isaacsim.gui.property. Please update your code accordingly.
2026-05-14 08:34:40 [7,522ms] [Warning] [omni.kit.property.isaac.widgets] omni.kit.property.isaac.widgets has been deprecated in favor of isaacsim.gui.property.widgets. Please update your code accordingly.
[7.536s] [ext: omni.kit.viewport.menubar.camera-107.0.2] startup
[7.542s] [ext: omni.kit.viewport.menubar.lighting-106.0.2] startup
[7.545s] [ext: omni.kit.viewport.menubar.render-107.0.8] startup
[7.548s] [ext: isaacsim.replicator.domain_randomization-1.0.2] startup
[7.552s] [ext: omni.physx.camera-106.5.7] startup
[7.570s] [ext: omni.kit.window.toolbar-1.6.2] startup
[7.576s] [ext: omni.physx.cct-106.5.7] startup
[7.592s] [ext: isaacsim.cortex.framework-1.0.2] startup
[7.594s] [ext: omni.isaac.universal_robots-1.0.2] startup
2026-05-14 08:34:40 [7,583ms] [Warning] [omni.isaac.universal_robots] omni.isaac.universal_robots has been deprecated in favor of isaacsim.robot.manipulators.examples.universal_robots. Please update your code accordingly.
2026-05-14 08:34:40 [7,583ms] [Warning] [omni.isaac.universal_robots.kinematics_solver] omni.isaac.franka has been deprecated in favor of isaacsim.robot.manipulators.examples.universal_robots. Please update your code accordingly.
2026-05-14 08:34:40 [7,585ms] [Warning] [omni.isaac.universal_robots.ur10] omni.isaac.franka has been deprecated in favor of isaacsim.robot.manipulators.examples.universal_robots. Please update your code accordingly.
[7.599s] [ext: isaacsim.replicator.writers-1.0.1] startup
[7.622s] [ext: omni.physx.graph-106.5.7] startup
[7.649s] [ext: omni.physx.supportui-106.5.7] startup
[7.673s] [ext: omni.isaac.utils-2.0.2] startup
[7.676s] [ext: omni.isaac.cortex-1.0.2] startup
2026-05-14 08:34:40 [7,664ms] [Warning] [omni.isaac.cortex] omni.isaac.cortex has been deprecated in favor of isaacsim.cortex.framework. Please update your code accordingly.
[7.678s] [ext: omni.physx.telemetry-106.5.7] startup
[7.681s] [ext: isaacsim.replicator.examples-1.1.2] startup
[7.683s] [ext: omni.kit.viewport.menubar.settings-107.0.3] startup
[7.698s] [ext: omni.kit.window.console-0.2.14] startup
[7.711s] [ext: omni.usd.metrics.assembler-106.5.0] startup
[7.724s] [ext: omni.kit.window.status_bar-0.1.7] startup
[7.730s] [ext: omni.physx.bundle-106.5.7] startup
[7.730s] [ext: omni.replicator.isaac-2.0.3] startup
2026-05-14 08:34:40 [7,718ms] [Warning] [omni.replicator.isaac] omni.replicator.isaac has been deprecated in favor of isaacsim.replicator.domain_randomization, isaacsim.replicator.examples, isaacsim.replicator.writers. Please update your code accordingly.
[7.731s] [ext: omni.replicator.replicator_yaml-2.0.10] startup
[7.735s] [ext: omni.rtx.settings.core-0.6.3] startup
[7.743s] [ext: omni.usd.metrics.assembler.ui-106.5.0] startup
[7.748s] [ext: isaacsim.robot.wheeled_robots-4.0.3] startup
[7.755s] [ext: isaacsim.cortex.behaviors-2.0.3] startup
[7.758s] [ext: omni.isaac.version-2.0.2] startup
2026-05-14 08:34:40 [7,747ms] [Warning] [omni.isaac.version] omni.isaac.version has been deprecated in favor of isaacsim.core.version. Please update your code accordingly.
[7.761s] [ext: semantics.schema.editor-0.3.10] startup
[7.767s] [ext: omni.kit.ui.actions-1.0.2] startup
[7.769s] [ext: semantics.schema.property-1.0.5] startup
[7.771s] [ext: omni.isaac.wheeled_robots-3.0.3] startup
2026-05-14 08:34:40 [7,759ms] [Warning] [omni.isaac.wheeled_robots] omni.isaac.wheeled_robots has been deprecated in favor of isaacsim.robot.wheeled_robots. Please update your code accordingly.
2026-05-14 08:34:40 [7,760ms] [Warning] [omni.isaac.wheeled_robots.controllers] omni.isaac.wheeled_robots has been deprecated in favor of isaacsim.robot.wheeled_robots. Please update your code accordingly.
2026-05-14 08:34:40 [7,760ms] [Warning] [omni.isaac.wheeled_robots.controllers.ackermann_controller] omni.isaac.wheeled_robots has been deprecated in favor of isaacsim.robot.wheeled_robots. Please update your code accordingly.
2026-05-14 08:34:40 [7,762ms] [Warning] [omni.isaac.wheeled_robots.controllers.differential_controller] omni.isaac.wheeled_robots has been deprecated in favor of isaacsim.robot.wheeled_robots. Please update your code accordingly.
2026-05-14 08:34:40 [7,762ms] [Warning] [omni.isaac.wheeled_robots.controllers.holonomic_controller] omni.isaac.wheeled_robots has been deprecated in favor of isaacsim.robot.wheeled_robots. Please update your code accordingly.
2026-05-14 08:34:40 [7,763ms] [Warning] [omni.isaac.wheeled_robots.controllers.quintic_path_planner] omni.isaac.wheeled_robots has been deprecated in favor of isaacsim.robot.wheeled_robots. Please update your code accordingly.
2026-05-14 08:34:40 [7,763ms] [Warning] [omni.isaac.wheeled_robots.controllers.stanley_control] omni.isaac.wheeled_robots has been deprecated in favor of isaacsim.robot.wheeled_robots. Please update your code accordingly.
2026-05-14 08:34:40 [7,764ms] [Warning] [omni.isaac.wheeled_robots.controllers.wheel_base_pose_controller] omni.isaac.wheeled_robots has been deprecated in favor of isaacsim.robot.wheeled_robots. Please update your code accordingly.
2026-05-14 08:34:40 [7,765ms] [Warning] [omni.isaac.wheeled_robots.impl] omni.isaac.wheeled_robots has been deprecated in favor of isaacsim.robot.wheeled_robots. Please update your code accordingly.
2026-05-14 08:34:40 [7,765ms] [Warning] [omni.isaac.wheeled_robots.robots] omni.isaac.wheeled_robots has been deprecated in favor of isaacsim.robot.wheeled_robots. Please update your code accordingly.
2026-05-14 08:34:40 [7,765ms] [Warning] [omni.isaac.wheeled_robots.robots.holonomic_robot_usd_setup] omni.isaac.wheeled_robots has been deprecated in favor of isaacsim.robot.wheeled_robots. Please update your code accordingly.
2026-05-14 08:34:40 [7,766ms] [Warning] [omni.isaac.wheeled_robots.robots.wheeled_robot] omni.isaac.wheeled_robots has been deprecated in favor of isaacsim.robot.wheeled_robots. Please update your code accordingly.
[7.779s] [ext: omni.isaac.cortex.sample_behaviors-2.0.2] startup
2026-05-14 08:34:40 [7,768ms] [Warning] [omni.isaac.cortex.sample_behaviors] omni.isaac.cortex.sample_behaviors has been deprecated in favor of isaacsim.cortex.behaviors. Please update your code accordingly.
[7.782s] [ext: omni.anim.curve.core-1.2.0] startup
[7.801s] [ext: isaacsim.asset.importer.mjcf-2.3.3] startup
[7.809s] [ext: omni.kit.menu.common-1.1.9] startup
[7.812s] [ext: isaacsim.exp.base-4.5.0] startup
[7.813s] [ext: omnigibson_4_5_0-1.5.0] startup
[7.814s] Simulation App Starting
[8.172s] app ready
2026-05-14 08:34:40 [8,188ms] [Warning] [rtx.scenedb.plugin] SceneDbContext : TLAS limit buffer size 7508933632
2026-05-14 08:34:40 [8,189ms] [Warning] [rtx.scenedb.plugin] SceneDbContext : TLAS limit : valid false, within: false
2026-05-14 08:34:40 [8,189ms] [Warning] [rtx.scenedb.plugin] SceneDbContext : TLAS limit : decrement: 167690, decrement size: 7433845248
2026-05-14 08:34:40 [8,189ms] [Warning] [rtx.scenedb.plugin] SceneDbContext : New limit 9574251 (slope: 447, intercept: 13179904)
2026-05-14 08:34:40 [8,189ms] [Warning] [rtx.scenedb.plugin] SceneDbContext : TLAS limit buffer size 4287216384
2026-05-14 08:34:40 [8,189ms] [Warning] [rtx.scenedb.plugin] SceneDbContext : TLAS limit : valid true, within: true
[0m[00:00:20.639] [INFO] [omnigibson.simulator] ---------- Welcome to OmniGibson! ----------[0m
2026-05-14 08:34:41 [8,315ms] [Warning] [omni.usd-abi.plugin] No setting was found for '/rtx-defaults-transient/meshlights/forceDisable'
2026-05-14 08:34:41 [8,373ms] [Warning] [omni.usd-abi.plugin] No setting was found for '/rtx-defaults/post/dlss/execMode'
[12.258s] Simulation App Startup Complete
2026-05-14 08:34:48 [16,119ms] [Warning] [omni.syntheticdata.plugin] OgnSdPostRenderVarToHost : rendervar copy from texture directly to host buffer is counter-performant. Please use copy from texture to device buffer first.
2026-05-14 08:34:48 [16,158ms] [Warning] [omni.fabric.plugin] removePath called on non-existent path /Render/OmniverseKit/HydraTextures/Replicator/PostRender/SDGPipeline/Replicator_GpuInteropEntry 

2026-05-14 08:35:29 [56,356ms] [Warning] [carb.imaging.plugin] Could not find suitable channels to load in EXR File. The first four channels will be loaded.
2026-05-14 08:38:28 [236,051ms] [Error] [omni.physx.plugin] Unable to create convex mesh for:/World/scene_0/ceilings_igbhdx_0/base_link/collisions
2026-05-14 08:38:28 [236,058ms] [Error] [omni.physx.plugin] Unable to create convex mesh for:/World/scene_0/ceilings_lezgrj_0/base_link/collisions/lezgrj__base_link__collision__6
2026-05-14 08:38:28 [236,059ms] [Error] [omni.physx.plugin] Unable to create convex mesh for:/World/scene_0/ceilings_wlglon_0/base_link/collisions/wlglon__base_link__collision__0
[0m[00:04:06.885] [INFO] [omnigibson.simulator] Imported scene 0.[0m
2026-05-14 08:38:29 [236,613ms] [Warning] [omni.syntheticdata.plugin] SdRenderVarPtr missing valid input renderVar LdrColorSDhost
2026-05-14 08:38:35 [242,726ms] [Error] [omni.physx.plugin] Unable to create convex mesh for:/World/scene_0/ceilings_igbhdx_0/base_link/collisions
2026-05-14 08:38:35 [242,727ms] [Error] [omni.physx.plugin] Unable to create convex mesh for:/World/scene_0/ceilings_lezgrj_0/base_link/collisions/lezgrj__base_link__collision__6
2026-05-14 08:38:35 [242,730ms] [Error] [omni.physx.plugin] Unable to create convex mesh for:/World/scene_0/ceilings_wlglon_0/base_link/collisions/wlglon__base_link__collision__0
Starting kit application with the following args:  ['/home/yininghong/miniconda3/envs/behavior/lib/python3.10/site-packages/isaacsim/exts/isaacsim.simulation_app/isaacsim/simulation_app/simulation_app.py', '/home/yininghong/miniconda3/envs/behavior/lib/python3.10/site-packages/isaacsim/apps/omnigibson_4_5_0.kit', '--/app/tokens/exe-path=/home/yininghong/miniconda3/envs/behavior/lib/python3.10/site-packages/omni', '--/persistent/app/viewport/displayOptions=3094', '--/rtx/materialDb/syncLoads=True', '--/rtx/hydra/materialSyncLoads=True', '--/omni.kit.plugin/syncUsdLoads=True', '--/app/renderer/resolution/width=1280', '--/app/renderer/resolution/height=720', '--/app/window/width=1440', '--/app/window/height=900', '--/renderer/multiGpu/enabled=False', '--/app/fastShutdown=True', '--/app/installSignalHandlers=0', '--ext-folder', '/home/yininghong/miniconda3/envs/behavior/lib/python3.10/site-packages/isaacsim/exts', '--ext-folder', '/home/yininghong/miniconda3/envs/behavior/lib/python3.10/site-packages/isaacsim/apps', '--/physics/cudaDevice=0', '--portable']
Passing the following args to the base kit application:  ['--task', 'cognitivemap', '--metadata', 'json-tmp/cognitivemap/Traversable Passage/office_cubicles_right/full_scene/q_000.json', '--output', 'outputs/qualitative_task_demo/videos/cognitivemap_traversable_passage_office_cubicles_right_q000.mp4', '--motion', 'task-demo', '--frames', '300', '--fps', '30']
Warp 1.5.0 initialized:
   CUDA Toolkit 11.8, Driver 13.0
   Devices:
     "cpu"      : "x86_64"
     "cuda:0"   : "NVIDIA GeForce RTX 3080 Ti" (12 GiB, sm_86, mempool enabled)
   Kernel cache:
     /home/yininghong/.cache/warp/1.5.0

                   ____________
                  /          / \
                 /          / /__
                /          / /  /\
               /__________/ /__/  \
               \   _____  \ \__\  /
                \  \  / \  \ \_/ /
                 \  \/___\  \   /
                  \__________\_/  
       ___                  _  ____ _ _                     
      / _ \ _ __ ___  _ __ (_)/ ___(_) |__  ___  ___  _ __  
     | | | | '_ ` _ \| '_ \| | |  _| | '_ \/ __|/ _ \| '_ \ 
     | |_| | | | | | | | | | | |_| | | |_) \__ \ (_) | | | |
      \___/|_| |_| |_|_| |_|_|\____|_|_.__/|___/\___/|_| |_|

[record_scene_video] environment loaded
2026-05-14 08:38:39 [247,144ms] [Warning] [omni.physx.tensors.plugin] prim '/World/scene_0/door_xqxiyb_0/base_link/collisions/xqxiyb__base_link__collision__0' was deleted while being used by a shape in a tensor view class. The physics.tensors simulationView was invalidated.
2026-05-14 08:38:41 [248,242ms] [Warning] [omni.physx.tensors.plugin] prim '/World/scene_0/door_bkdxqa_0/base_link/collisions/bkdxqa__base_link__collision__0' was deleted while being used by a shape in a tensor view class. The physics.tensors simulationView was invalidated.
2026-05-14 08:38:42 [249,301ms] [Warning] [omni.physx.tensors.plugin] prim '/World/scene_0/door_bkdxqa_1/base_link/collisions/bkdxqa__base_link__collision__0' was deleted while being used by a shape in a tensor view class. The physics.tensors simulationView was invalidated.
2026-05-14 08:38:43 [250,360ms] [Warning] [omni.physx.tensors.plugin] prim '/World/scene_0/door_bkdxqa_2/base_link/collisions/bkdxqa__base_link__collision__0' was deleted while being used by a shape in a tensor view class. The physics.tensors simulationView was invalidated.
2026-05-14 08:38:44 [251,422ms] [Warning] [omni.physx.tensors.plugin] prim '/World/scene_0/door_booxjn_0/base_link/collisions/booxjn__base_link__collision__0' was deleted while being used by a shape in a tensor view class. The physics.tensors simulationView was invalidated.
2026-05-14 08:38:45 [252,500ms] [Warning] [omni.physx.tensors.plugin] prim '/World/scene_0/door_booxjn_1/base_link/collisions/booxjn__base_link__collision__0' was deleted while being used by a shape in a tensor view class. The physics.tensors simulationView was invalidated.
2026-05-14 08:38:46 [253,547ms] [Warning] [omni.physx.tensors.plugin] prim '/World/scene_0/door_gfrgkk_0/base_link/collisions/gfrgkk__base_link__collision__0' was deleted while being used by a shape in a tensor view class. The physics.tensors simulationView was invalidated.
2026-05-14 08:38:47 [254,580ms] [Warning] [omni.physx.tensors.plugin] prim '/World/scene_0/door_gfrgkk_1/base_link/collisions/gfrgkk__base_link__collision__0' was deleted while being used by a shape in a tensor view class. The physics.tensors simulationView was invalidated.
2026-05-14 08:38:48 [255,652ms] [Warning] [omni.physx.tensors.plugin] prim '/World/scene_0/door_ggcyib_0/base_link/collisions/ggcyib__base_link__collision__0' was deleted while being used by a shape in a tensor view class. The physics.tensors simulationView was invalidated.
2026-05-14 08:38:49 [256,717ms] [Warning] [omni.physx.tensors.plugin] prim '/World/scene_0/door_ggcyib_1/base_link/collisions/ggcyib__base_link__collision__0' was deleted while being used by a shape in a tensor view class. The physics.tensors simulationView was invalidated.
2026-05-14 08:38:50 [257,747ms] [Warning] [omni.physx.tensors.plugin] prim '/World/scene_0/door_ggcyib_10/base_link/collisions/ggcyib__base_link__collision__0' was deleted while being used by a shape in a tensor view class. The physics.tensors simulationView was invalidated.
2026-05-14 08:38:51 [258,790ms] [Warning] [omni.physx.tensors.plugin] prim '/World/scene_0/door_ggcyib_2/base_link/collisions/ggcyib__base_link__collision__0' was deleted while being used by a shape in a tensor view class. The physics.tensors simulationView was invalidated.
2026-05-14 08:38:52 [259,850ms] [Warning] [omni.physx.tensors.plugin] prim '/World/scene_0/door_ggcyib_3/base_link/collisions/ggcyib__base_link__collision__0' was deleted while being used by a shape in a tensor view class. The physics.tensors simulationView was invalidated.
2026-05-14 08:38:53 [260,886ms] [Warning] [omni.physx.tensors.plugin] prim '/World/scene_0/door_ggcyib_4/base_link/collisions/ggcyib__base_link__collision__0' was deleted while being used by a shape in a tensor view class. The physics.tensors simulationView was invalidated.
2026-05-14 08:38:54 [261,897ms] [Warning] [omni.physx.tensors.plugin] prim '/World/scene_0/door_ggcyib_5/base_link/collisions/ggcyib__base_link__collision__0' was deleted while being used by a shape in a tensor view class. The physics.tensors si[record_scene_video] removed doorlike objects=33/33 failed=0
[record_scene_video] opened doors=0
[record_scene_video] settled 30 steps
[record_scene_video] running task setup for task=cognitivemap
[record_scene_video] task setup complete
[record_scene_video] cognitivemap-path points=26 start=[18.0, 7.5, 1.35] end=[10.1, -10.0, 1.35]
[record_scene_video] setting initial viewer camera
[record_scene_video] capturing first frame
[record_scene_video] first frame captured shape=(720, 1280, 3)
mulationView was invalidated.
2026-05-14 08:38:55 [262,913ms] [Warning] [omni.physx.tensors.plugin] prim '/World/scene_0/door_ggcyib_6/base_link/collisions/ggcyib__base_link__collision__0' was deleted while being used by a shape in a tensor view class. The physics.tensors simulationView was invalidated.
2026-05-14 08:38:56 [263,970ms] [Warning] [omni.physx.tensors.plugin] prim '/World/scene_0/door_ggcyib_7/base_link/collisions/ggcyib__base_link__collision__0' was deleted while being used by a shape in a tensor view class. The physics.tensors simulationView was invalidated.
2026-05-14 08:38:57 [264,988ms] [Warning] [omni.physx.tensors.plugin] prim '/World/scene_0/door_ggcyib_8/base_link/collisions/ggcyib__base_link__collision__0' was deleted while being used by a shape in a tensor view class. The physics.tensors simulationView was invalidated.
2026-05-14 08:38:58 [265,976ms] [Warning] [omni.physx.tensors.plugin] prim '/World/scene_0/door_ggcyib_9/base_link/collisions/ggcyib__base_link__collision__0' was deleted while being used by a shape in a tensor view class. The physics.tensors simulationView was invalidated.
2026-05-14 08:38:59 [266,990ms] [Warning] [omni.physx.tensors.plugin] prim '/World/scene_0/door_pwoerr_0/base_link/collisions/pwoerr__base_link__collision__0' was deleted while being used by a shape in a tensor view class. The physics.tensors simulationView was invalidated.
2026-05-14 08:39:00 [268,024ms] [Warning] [omni.physx.tensors.plugin] prim '/World/scene_0/door_pwoerr_1/base_link/collisions/pwoerr__base_link__collision__0' was deleted while being used by a shape in a tensor view class. The physics.tensors simulationView was invalidated.
2026-05-14 08:39:01 [269,039ms] [Warning] [omni.physx.tensors.plugin] prim '/World/scene_0/door_pwoerr_2/base_link/collisions/pwoerr__base_link__collision__0' was deleted while being used by a shape in a tensor view class. The physics.tensors simulationView was invalidated.
2026-05-14 08:39:02 [270,029ms] [Warning] [omni.physx.tensors.plugin] prim '/World/scene_0/door_pwoerr_3/base_link/collisions/pwoerr__base_link__collision__0' was deleted while being used by a shape in a tensor view class. The physics.tensors simulationView was invalidated.
2026-05-14 08:39:03 [271,020ms] [Warning] [omni.physx.tensors.plugin] prim '/World/scene_0/door_pwoerr_4/base_link/collisions/pwoerr__base_link__collision__0' was deleted while being used by a shape in a tensor view class. The physics.tensors simulationView was invalidated.
2026-05-14 08:39:04 [272,017ms] [Warning] [omni.physx.tensors.plugin] prim '/World/scene_0/door_pwoerr_5/base_link/collisions/pwoerr__base_link__collision__0' was deleted while being used by a shape in a tensor view class. The physics.tensors simulationView was invalidated.
2026-05-14 08:39:05 [272,994ms] [Warning] [omni.physx.tensors.plugin] prim '/World/scene_0/door_pwoerr_6/base_link/collisions/pwoerr__base_link__collision__0' was deleted while being used by a shape in a tensor view class. The physics.tensors simulationView was invalidated.
2026-05-14 08:39:12 [279,481ms] [Warning] [omni.physx.tensors.plugin] prim '/World/scene_0/door_lztyfn_0/base_link/collisions/lztyfn__base_link__collision__0' was deleted while being used by a shape in a tensor view class. The physics.tensors simulationView was invalidated.
2026-05-14 08:39:47 [314,776ms] [Warning] [carb] Plugin interface for a client: omni.hydratexture.plugin was already released.
[314.977s] Simulation App Shutting Down
