/home/yininghong/miniconda3/envs/behavior/lib/python3.10/site-packages/torch/backends/__init__.py:46: UserWarning: Please use the new API settings to control TF32 behavior, such as torch.backends.cudnn.conv.fp32_precision = 'tf32' or torch.backends.cuda.matmul.fp32_precision = 'ieee'. Old settings, e.g, torch.backends.cuda.matmul.allow_tf32 = True, torch.backends.cudnn.allow_tf32 = True, allowTF32CuDNN() and allowTF32CuBLAS() will be deprecated after Pytorch 2.9. Please see https://pytorch.org/docs/main/notes/cuda.html#tensorfloat-32-tf32-on-ampere-and-later-devices (Triggered internally at /pytorch/aten/src/ATen/Context.cpp:80.)
  self.setter(val)
[record_scene_video] args interactive=False frames=300 motion=cognitivemap-path output=outputs/qualitative_task_demo/videos/cognitivemap_topological_connectivity_wainscott_0_garden_q003.mp4
[record_scene_video] loading scene=Wainscott_0_garden room=full_scene full_scene=True
[0m[00:00:04.052] [INFO] [omnigibson.simulator] ----- Starting OmniGibson. This will take 10-30 seconds... -----[0m
[0m[00:00:04.052] [INFO] [omnigibson.simulator] Texture cache folder found, removing...[0m
[32m[00:00:04.627] [DEBUG] [asyncio] Using selector: EpollSelector[0m
[Info] [carb] Logging to file: /home/yininghong/miniconda3/envs/behavior/lib/python3.10/site-packages/omni/logs/Kit/OmniGibson/3.7/kit_20260514_012848.log
2026-05-14 08:28:48 [0ms] [Warning] [omni.kit.app.plugin] No crash reporter present, dumps uploading isn't available.
[0.075s] [ext: omni.kit.async_engine-0.0.1] startup
[0.408s] [ext: omni.metrics.core-0.0.1] startup
[0.408s] [ext: omni.client.lib-1.0.0] startup
[0.431s] [ext: omni.blobkey-1.1.2] startup
[0.431s] [ext: omni.stats-1.0.1] startup
[0.432s] [ext: omni.datastore-0.0.0] startup
[0.438s] [ext: omni.client-1.2.2] startup
[0.443s] [ext: omni.ujitso.default-1.0.0] startup
[0.446s] [ext: omni.hsscclient-1.1.1] startup
2026-05-14 08:28:49 [434ms] [Warning] [omni.datastore] OmniHub is inaccessible
[0.670s] [ext: omni.gpu_foundation.shadercache.vulkan-1.0.0] startup
[0.673s] [ext: omni.assets.plugins-0.0.0] startup
[0.675s] [ext: omni.gpu_foundation-0.0.0] startup
[0.682s] [ext: carb.windowing.plugins-1.0.0] startup
[0.704s] [ext: omni.kit.renderer.init-0.0.0] startup

|---------------------------------------------------------------------------------------------|
| Driver Version: 580.126.09    | Graphics API: Vulkan
|=============================================================================================|
| GPU | Name                             | Active | LDA | GPU Memory | Vendor-ID | LUID       |
|     |                                  |        |     |            | Device-ID | UUID       |
|     |                                  |        |     |            | Bus-ID    |            |
|---------------------------------------------------------------------------------------------|
| 0   | NVIDIA GeForce RTX 3080 Ti       | Yes: 0 |     | 12534   MB | 10de      | 0          |
|     |                                  |        |     |            | 2208      | 96736115.. |
|     |                                  |        |     |            | 2a        |            |
|=============================================================================================|
| OS: 24.04.3 LTS (Noble Numbat) ubuntu, Version: 24.04.3, Kernel: 6.17.0-23-generic
| XServer Vendor: The X.Org Foundation, XServer Version: 12101011 (1.21.1.11)
| Processor: AMD Ryzen 5 5600X3D 6-Core Processor
| Cores: 6 | Logical Cores: 12
|---------------------------------------------------------------------------------------------|
| Total Memory (MB): 15914 | Free Memory: 11085
| Total Page/Swap (MB): 4095 | Free Page/Swap: 2469
|---------------------------------------------------------------------------------------------|
[1.717s] [ext: omni.kit.pipapi-0.0.0] startup
[1.719s] [ext: omni.kit.pip_archive-0.0.0] startup
[1.719s] [ext: omni.kit.telemetry-0.5.1] startup
[1.763s] [ext: omni.materialx.libs-1.0.6] startup
[1.774s] [ext: omni.services.pip_archive-0.13.6] startup
[1.775s] [ext: omni.kit.loop-isaac-1.2.1] startup
[1.776s] [ext: omni.kit.test-1.1.2] startup
[1.816s] [ext: omni.usd.config-1.0.5] startup
[1.820s] [ext: omni.gpucompute.plugins-0.0.0] startup
[1.821s] [ext: omni.usd.libs-1.0.1] startup
[1.933s] [ext: omni.mdl-55.0.1] startup
[1.958s] [ext: omni.iray.libs-0.0.0] startup
[1.963s] [ext: omni.mdl.neuraylib-0.2.10] startup
[1.966s] [ext: omni.kit.usd.mdl-1.0.7] startup
[2.067s] [ext: omni.appwindow-1.1.9] startup
[2.904s] [ext: omni.kit.renderer.core-1.0.2] startup
[3.925s] [ext: omni.kit.renderer.capture-0.0.0] startup
[3.929s] [ext: omni.kit.renderer.imgui-1.0.2] startup
[4.044s] [ext: omni.ui-2.26.5] startup
[4.056s] [ext: omni.kit.mainwindow-1.0.3] startup
[4.058s] [ext: carb.audio-0.1.0] startup
[4.065s] [ext: omni.uiaudio-1.0.0] startup
[4.067s] [ext: omni.kit.uiapp-0.0.0] startup
[4.067s] [ext: omni.usd.schema.metrics.assembler-106.5.0] startup
[4.082s] [ext: omni.usd.schema.physx-106.5.7] startup
[4.115s] [ext: omni.usd.schema.audio-0.0.0] startup
[4.120s] [ext: omni.usd.schema.geospatial-0.0.0] startup
[4.124s] [ext: omni.usd.schema.semantics-0.0.0] startup
[4.128s] [ext: omni.usd.schema.forcefield-106.5.7] startup
[4.136s] [ext: omni.usd.schema.omnigraph-1.0.0] startup
[4.14[32m[00:00:08.617] [DEBUG] [AutoNode] Defining data type 'any' as 'Any'[0m
[32m[00:00:08.617] [DEBUG] [AutoNode] Defining data type 'bool' as 'Bool' and array 'BoolArray[0m
[32m[00:00:08.617] [DEBUG] [AutoNode] Defining data type 'bundle' as 'Bundle'[0m
[32m[00:00:08.617] [DEBUG] [AutoNode] Defining data type 'colord[3]' as 'Color3d' and array 'Color3dArray[0m
[32m[00:00:08.617] [DEBUG] [AutoNode] Defining data type 'colorf[3]' as 'Color3f' and array 'Color3fArray[0m
[32m[00:00:08.617] [DEBUG] [AutoNode] Defining data type 'colorh[3]' as 'Color3h' and array 'Color3hArray[0m
[32m[00:00:08.617] [DEBUG] [AutoNode] Defining data type 'colord[4]' as 'Color4d' and array 'Color4dArray[0m
[32m[00:00:08.617] [DEBUG] [AutoNode] Defining data type 'colorf[4]' as 'Color4f' and array 'Color4fArray[0m
[32m[00:00:08.617] [DEBUG] [AutoNode] Defining data type 'colorh[4]' as 'Color4h' and array 'Color4hArray[0m
[32m[00:00:08.617] [DEBUG] [AutoNode] Defining data type 'double' as 'Double' and array 'DoubleArray[0m
[32m[00:00:08.617] [DEBUG] [AutoNode] Defining data type 'double[2]' as 'Double2' and array 'Double2Array[0m
[32m[00:00:08.617] [DEBUG] [AutoNode] Defining data type 'double[3]' as 'Double3' and array 'Double3Array[0m
[32m[00:00:08.617] [DEBUG] [AutoNode] Defining data type 'double[4]' as 'Double4' and array 'Double4Array[0m
[32m[00:00:08.617] [DEBUG] [AutoNode] Defining data type 'execution' as 'Execution'[0m
[32m[00:00:08.617] [DEBUG] [AutoNode] Defining data type 'float' as 'Float' and array 'FloatArray[0m
[32m[00:00:08.617] [DEBUG] [AutoNode] Defining data type 'float[2]' as 'Float2' and array 'Float2Array[0m
[32m[00:00:08.617] [DEBUG] [AutoNode] Defining data type 'float[3]' as 'Float3' and array 'Float3Array[0m
[32m[00:00:08.617] [DEBUG] [AutoNode] Defining data type 'float[4]' as 'Float4' and array 'Float4Array[0m
[32m[00:00:08.617] [DEBUG] [AutoNode] Defining data type 'frame[4]' as 'Frame' and array 'FrameArray[0m
[32m[00:00:08.617] [DEBUG] [AutoNode] Defining data type 'half' as 'Half' and array 'HalfArray[0m
[32m[00:00:08.617] [DEBUG] [AutoNode] Defining data type 'half[2]' as 'Half2' and array 'Half2Array[0m
[32m[00:00:08.617] [DEBUG] [AutoNode] Defining data type 'half[3]' as 'Half3' and array 'Half3Array[0m
[32m[00:00:08.617] [DEBUG] [AutoNode] Defining data type 'half[4]' as 'Half4' and array 'Half4Array[0m
[32m[00:00:08.617] [DEBUG] [AutoNode] Defining data type 'int' as 'Int' and array 'IntArray[0m
[32m[00:00:08.617] [DEBUG] [AutoNode] Defining data type 'int[2]' as 'Int2' and array 'Int2Array[0m
[32m[00:00:08.618] [DEBUG] [AutoNode] Defining data type 'int[3]' as 'Int3' and array 'Int3Array[0m
[32m[00:00:08.618] [DEBUG] [AutoNode] Defining data type 'int[4]' as 'Int4' and array 'Int4Array[0m
[32m[00:00:08.618] [DEBUG] [AutoNode] Defining data type 'int64' as 'Int64' and array 'Int64Array[0m
[32m[00:00:08.618] [DEBUG] [AutoNode] Defining data type 'matrixd[2]' as 'Matrix2d' and array 'Matrix2dArray[0m
[32m[00:00:08.618] [DEBUG] [AutoNode] Defining data type 'matrixd[3]' as 'Matrix3d' and array 'Matrix3dArray[0m
[32m[00:00:08.618] [DEBUG] [AutoNode] Defining data type 'matrixd[4]' as 'Matrix4d' and array 'Matrix4dArray[0m
[32m[00:00:08.618] [DEBUG] [AutoNode] Defining data type 'normald[3]' as 'Normal3d' and array 'Normal3dArray[0m
[32m[00:00:08.618] [DEBUG] [AutoNode] Defining data type 'normalf[3]' as 'Normal3f' and array 'Normal3fArray[0m
[32m[00:00:08.618] [DEBUG] [AutoNode] Defining data type 'normalh[3]' as 'Normal3h' and array 'Normal3hArray[0m
[32m[00:00:08.618] [DEBUG] [AutoNode] Defining data type 'objectId' as 'ObjectId' and array 'ObjectIdArray[0m
[32m[00:00:08.618] [DEBUG] [AutoNode] Defining data type 'path' as 'Path'[0m
[32m[00:00:08.618] [DEBUG] [AutoNode] Defining data type 'pointd[3]' as 'Point3d' and array 'Point3dArray[0m
[32m[00:00:08.618] [DEBUG] [AutoNode] Defining data type 'pointf[3]' as 'Point3f' and array 'Point3fArray[0m
[32m[00:00:08.618] [DEBUG] [AutoNode] Defining data type 'pointh[3]' as 'Point3h' and array 'Point3hArray[0m
[32m[00:00:08.618] [DEBUG] [AutoNode] Defining data type 'quatd[4]' as 'Quatd' and array 'QuatdArray[0m
[32m[00:00:08.618] [DEBUG] [AutoNode] Defining data type 'quatf[4]' as 'Quatf' and array 'QuatfArray[0m
[32m[00:00:08.618] [DEBUG] [AutoNode] Defining data type 'quath[4]' as 'Quath' and array 'QuathArray[0m
[32m[00:00:08.618] [DEBUG] [AutoNode] Defining data type 'string' as 'String'[0m
[32m[00:00:08.618] [DEBUG] [AutoNode] Defining data type 'target' as 'Target'[0m
[32m[00:00:08.618] [DEBUG] [AutoNode] Defining data type 'texcoordd[2]' as 'TexCoord2d' and array 'TexCoord2dArray[0m
[32m[00:00:08.618] [DEBUG] [AutoNode] Defining data type 'texcoordf[2]' as 'TexCoord2f' and array 'TexCoord2fArray[0m
[32m[00:00:08.618] [DEBUG] [AutoNode] Defining data type 'texcoordh[2]' as 'TexCoord2h' and array 'TexCoord2hArray[0m
[32m[00:00:08.618] [DEBUG] [AutoNode] Defining data type 'texcoordd[3]' as 'TexCoord3d' and array 'TexCoord3dArray[0m
[32m[00:00:08.618] [DEBUG] [AutoNode] Defining data type 'texcoordf[3]' as 'TexCoord3f' and array 'TexCoord3fArray[0m
[32m[00:00:08.618] [DEBUG] [AutoNode] Defining data type 'texcoordh[3]' as 'TexCoord3h' and array 'TexCoord3hArray[0m
[32m[00:00:08.618] [DEBUG] [AutoNode] Defining data type 'timecode' as 'Timecode' and array 'TimecodeArray[0m
[32m[00:00:08.618] [DEBUG] [AutoNode] Defining data type 'token' as 'Token' and array 'TokenArray[0m
[32m[00:00:08.618] [DEBUG] [AutoNode] Defining data type 'uchar' as 'UChar' and array 'UCharArray[0m
[32m[00:00:08.618] [DEBUG] [AutoNode] Defining data type 'uint' as 'UInt' and array 'UIntArray[0m
[32m[00:00:08.618] [DEBUG] [AutoNode] Defining data type 'uint64' as 'UInt64' and array 'UInt64Array[0m
[32m[00:00:08.618] [DEBUG] [AutoNode] Defining data type 'vectord[3]' as 'Vector3d' and array 'Vector3dArray[0m
[32m[00:00:08.618] [DEBUG] [AutoNode] Defining data type 'vectorf[3]' as 'Vector3f' and array 'Vector3fArray[0m
[32m[00:00:08.618] [DEBUG] [AutoNode] Defining data type 'vectorh[3]' as 'Vector3h' and array 'Vector3hArray[0m
5s] [ext: isaacsim.robot.schema-3.1.2] startup
[4.155s] [ext: omni.usd.schema.omniscripting-1.0.0] startup
[4.164s] [ext: omni.usd.schema.isaac-3.0.2] startup
[4.164s] [ext: omni.usd.schema.anim-0.0.0] startup
[4.190s] [ext: omni.usd.schema.flow-107.0.0] startup
[4.191s] [ext: omni.graph.exec-0.9.4] startup
[4.192s] [ext: omni.kit.usd_undo-0.1.8] startup
[4.192s] [ext: omni.kit.actions.core-1.0.0] startup
[4.196s] [ext: omni.kit.exec.core-0.13.4] startup
[4.199s] [ext: omni.usd_resolver-1.0.0] startup
[4.205s] [ext: omni.kit.commands-1.4.9] startup
[4.209s] [ext: omni.activity.core-1.0.1] startup
[4.211s] [ext: omni.usd.core-1.4.2] startup
[4.215s] [ext: omni.resourcemonitor-107.0.0] startup
[4.218s] [ext: omni.kit.window.popup_dialog-2.0.24] startup
[4.222s] [ext: omni.timeline-1.0.11] startup
[4.224s] [ext: omni.kit.widget.nucleus_connector-1.1.10] startup
[4.226s] [ext: usdrt.scenegraph-7.5.1] startup
[4.267s] [ext: omni.kit.audiodeviceenum-1.0.1] startup
[4.268s] [ext: omni.hydra.usdrt_delegate-7.5.1] startup
[4.284s] [ext: omni.hydra.scene_delegate-0.3.3] startup
[4.292s] [ext: omni.usd-1.12.4] startup
[4.334s] [ext: omni.inspect-1.0.1] startup
[4.335s] [ext: omni.kit.notification_manager-1.0.9] startup
[4.337s] [ext: omni.graph.core-2.181.8] startup
[4.341s] [ext: isaacsim.core.deprecation_manager-0.2.2] startup
[4.342s] [ext: omni.kit.asset_converter-2.8.3] startup
[4.356s] [ext: omni.kit.widget.path_field-2.0.11] startup
[4.357s] [ext: omni.kit.helper.file_utils-0.1.9] startup
[4.359s] [ext: omni.kit.menu.core-1.1.2] startup
[4.360s] [ext: omni.kit.widget.browser_bar-2.0.10] startup
[4.361s] [ext: omni.kit.widget.filebrowser-2.10.52] startup
[4.367s] [ext: omni.kit.widget.context_menu-1.2.4] startup
[4.368s] [ext: omni.kit.clipboard-1.0.5] startup
[4.369s] [ext: omni.kit.widget.options_menu-1.1.6] startup
[4.373s] [ext: omni.graph.tools-1.79.1] startup
[4.402s] [ext: omni.ui.scene-1.11.2] startup
[4.406s] [ext: omni.kit.widget.options_button-1.0.3] startup
[4.407s] [ext: omni.kit.property.adapter.core-1.0.2] startup
[4.409s] [ext: omni.graph-1.140.2] startup
[4.453s] [ext: omni.kit.window.filepicker-2.11.7] startup
[4.463s] [ext: omni.kit.property.adapter.usd-1.0.2] startup
[4.465s] [ext: omni.kit.property.adapter.fabric-1.0.3] startup
[4.466s] [ext: omni.kit.widget.text_editor-1.0.2] startup
[4.468s] [ext: omni.kit.hotkeys.core-1.3.10] startup
[4.474s] [ext: omni.kit.window.content_browser_registry-0.0.6] startup
[4.475s] [ext: omni.kit.widget.filter-1.1.4] startup
[4.476s] [ext: omni.kit.widget.searchfield-1.1.8] startup
[4.478s] [ext: omni.kit.widget.highlight_label-1.0.3] startup
[4.480s] [ext: omni.ujitso.processor.texture-1.0.0] startup
[4.481s] [ext: omni.index.libs-380600.1777.0] startup
[4.482s] [ext: omni.volume-0.5.0] startup
[4.489s] [ext: omni.ujitso.client-0.0.0] startup
[4.489s] [ext: omni.index-1.0.1] startup
[4.491s] [ext: omni.hydra.rtx.shadercache.vulkan-1.0.0] startup
[4.492s] [ext: omni.kit.usd.layers-2.2.0] startup
[4.502s] [ext: omni.hydra.rtx-1.0.0] startup
2026-05-14 08:28:53 [4,503ms] [Warning] [omni.log] Source: omni.hydra was already registered.
[4.540s] [ext: omni.kit.context_menu-1.8.3] startup
[4.542s] [ext: omni.kit.viewport.scene_camera_model-1.0.5] startup
[4.550s] [ext: omni.kit.hydra_texture-1.4.0] startup
[4.556s] [ext: omni.kit.window.file_importer-1.1.14] startup
[4.559s] [ext: omni.kit.menu.utils-1.7.7] startup
[4.566s] [ext: omni.kit.viewport.legacy_gizmos-1.0.16] startup
[4.570s] [ext: omni.kit.raycast.query-1.0.5] startup
[4.579s] [ext: omni.kit.material.library-1.5.15] startup
[4.585s] [ext: omni.kit.widget.viewport-107.0.7] startup
[4.591s] [ext: omni.kit.window.file_exporter-1.0.31] startup
[4.592s] [ext: omni.kit.stage_template.core-1.1.22] startup
[4.593s] [ext: omni.kit.window.drop_support-1.0.4] startup
[4.594s] [ext: omni.kit.viewport.registry-104.0.6] startup
[4.595s] [ext: omni.hydra.engine.stats-1.0.3] startup
[4.600s] [ext: omni.kit.window.file-1.3.57] startup
[4.606s] [ext: omni.kit.viewport.window-107.0.8] startup
[4.626s] [ext: omni.kit.window.content_browser-2.10.3] startup
[4.640s] [ext: omni.kit.window.property-1.11.5] startup
[4.644s] [ext: omni.kit.widget.stage-2.11.6] startup
[4.657s] [ext: omni.kit.viewport.utility-1.0.18] startup
[4.659s] [ext: omni.kit.manipulator.viewport-107.0.1] startup
[4.661s] [ext: omni.kit.property.usd-4.2.16] startup
[4.671s] [ext: omni.kit.xr.telemetry-106.5.13] startup
[4.674s] [ext: omni.kit.window.extensions-1.4.25] startup
[4.681s] [ext: omni.graph.visualization.nodes-2.1.1] startup
[4.688s] [ext: omni.kit.widget.stage_icons-1.0.6] startup
[4.690s] [ext: omni.kit.widget.zoombar-1.0.5] startup
[4.693s] [ext: omni.kit.widget.searchable_combobox-1.0.6] startup
[4.696s] [ext: omni.kit.window.stage-2.5.11] startup
[4.703s] [ext: omni.kit.browser.core-2.3.11] startup
[4.710s] [ext: omni.kit.widget.settings-1.2.2] startup
[4.713s] [ext: omni.kit.menu.stage-1.2.5] startup
[4.714s] [ext: omni.kit.browser.folder.core-1.10.1] startup
[4.720s] [ext: omni.kit.widget.prompt-1.0.7] startup
[4.722s] [ext: omni.kit.window.preferences-1.7.0] startup
[4.729s] [ext: omni.kit.xr.configurations-106.5.13] startup
[4.729s] [ext: omni.convexdecomposition-106.5.7] startup
[4.737s] [ext: omni.kit.usd.collect-2.2.22] startup
[4.740s] [ext: omni.rtx.window.settings-0.6.17] startup
[4.745s] [ext: omni.kit.manipulator.camera-106.0.3] startup
[4.750s] [ext: omni.kit.xr.core-106.5.13] startup
[4.797s] [ext: omni.kvdb-106.5.7] startup
[4.801s] [ext: omni.services.facilities.base-1.0.4] startup
[4.802s] [ext: omni.usdphysics-106.5.7] startup
[4.810s] [ext: omni.physx.foundation-106.5.7] startup
[4.812s] [ext: omni.localcache-106.5.7] startup
[4.814s] [ext: omni.services.core-1.9.0] startup
[5.130s] [ext: omni.physx.cooking-106.5.7] startup
[5.144s] [ext: omni.kit.tool.collect-2.2.16] startup
[5.147s] [ext: omni.kit.xr.ui.window.viewport-106.5.13] startup
[5.155s] [ext: omni.services.transport.server.base-1.1.1] startup
[5.158s] [ext: omni.physx-106.5.7] startup
[5.176s] [ext: isaacsim.examples.browser-0.1.8] startup
[5.180s] [ext: omni.graph.action_core-1.1.7] startup
[5.184s] [ext: omni.ui_query-1.1.7] startup
[5.186s] [ext: omni.services.transport.server.zeroconf-1.0.9] startup
[5.202s] [ext: omni.graph.action_nodes-1.40.1] startup
[5.209s] [ext: omni.kit.ui_test-1.3.3] startup
[5.215s] [ext: omni.kit.xr.advertise-106.5.13] startup
[5.217s] [ext: omni.graph.action-1.120.0] startup
[5.219s] [ext: omni.kit.xr.ui.window.profile-106.5.13] startup
[5.416s] [ext: omni.kit.xr.system.cloudxr-106.5.13] startup
[5.420s] [ext: omni.kit.tool.asset_importer-2.12.2] startup
[5.428s] [ext: isaacsim.gui.components-1.0.9] startup
[5.432s] [ext: omni.kit.xr.profile.common-106.5.13] startup
[5.437s] [ext: isaacsim.asset.importer.urdf-2.3.10] startup
[5.523s] [ext: omni.graph.image.core-0.6.0] startup
[5.525s] [ext: isaacsim.core.version-2.0.2] startup
[5.532s] [ext: omni.graph.image.nodes-1.3.0] startup
[5.535s] [ext: isaacsim.storage.native-1.0.6] startup
[5.537s] [ext: omni.kit.data2ui.core-1.0.27] startup
[5.543s] [ext: omni.graph.nodes-1.162.1] startup
[5.556s] [ext: omni.physx.stageupdate-106.5.7] startup
[5.560s] [ext: omni.kit.numpy.common-0.1.2] startup
[5.562s] [ext: omni.kit.data2ui.usd-1.0.27] startup
[5.575s] [ext: omni.warp.core-1.5.0] startup
[5.578s] [ext: omni.isaac.dynamic_control-1.3.15] startup
2026-05-14 08:28:54 [5,573ms] [Warning] [omni.isaac.dynamic_control] omni.isaac.dynamic_control is deprecated as of Isaac Sim 4.5. No action is needed from end-users.
[5.586s] [ext: omni.no_code_ui.bundle-1.0.27] startup
[5.588s] [ext: omni.kit.xr.scene_view.core-106.5.13] startup
[5.604s] [ext: isaacsim.core.utils-2.2.8] startup
[5.611s] [ext: omni.kit.xr.scene_view.utils-106.5.13] startup
[6.382s] [ext: omni.kit.xr.system.steamvr-106.5.13] startup
[6.385s] [ext: isaacsim.asset.browser-1.3.4] startup
[6.389s] [ext: omni.kit.xr.ui.stage-106.5.13] startup
[6.401s] [ext: omni.kit.xr.system.openxr-106.5.13] startup
[6.410s] [ext: omni.isaac.asset_browser-1.0.2] startup
2026-05-14 08:28:55 [6,398ms] [Warning] [omni.isaac.asset_browser] omni.isaac.asset_browser has been deprecated in favor of isaacsim.asset.browser. Please update your code accordingly.
[6.412s] [ext: omni.kit.xr.profile.vr-106.5.13] startup
[6.416s] [ext: omni.physics.tensors-106.5.7] startup
[6.428s] [ext: omni.graph.ui_nodes-1.40.1] startup
[6.435s] [ext: omni.physx.tensors-106.5.7] startup
[6.444s] [ext: omni.kit.primitive.mesh-1.0.17] startup
[6.449s] [ext: isaacsim.core.simulation_manager-0.3.3] startup
[6.619s] [ext: omni.kit.stage_templates-1.2.6] startup
[6.625s] [ext: isaacsim.core.prims-0.3.7] startup
[6.649s] [ext: omni.kit.widget.graph-1.12.17] startup
[6.657s] [ext: isaacsim.core.api-4.2.16] startup
[6.673s] [ext: omni.kit.graph.delegate.default-1.2.2] startup
[6.675s] [ext: omni.graph.scriptnode-1.40.1] startup
[6.676s] [ext: omni.kit.graph.editor.core-1.5.3] startup
[6.683s] [ext: isaacsim.core.cloner-1.3.4] startup
[6.687s] [ext: omni.kit.graph.usd.commands-1.3.1] startup
[6.689s] [ext: omni.isaac.assets_check-0.3.9] startup
2026-05-14 08:28:55 [6,677ms] [Warning] [omni.isaac.assets_check] omni.isaac.assets_check has been deprecated in favor of isaacsim.asset.browser. Please update your code accordingly.
[6.690s] [ext: omni.kit.widget.material_preview-1.0.16] startup
[6.693s] [ext: omni.kit.viewport.menubar.core-107.1.2] startup
[6.710s] [ext: omni.isaac.cloner-1.0.2] startup
2026-05-14 08:28:55 [6,698ms] [Warning] [omni.isaac.cloner] omni.isaac.cloner has been deprecated in favor of isaacsim.core.cloner. Please update your code accordingly.
[6.711s] [ext: isaacsim.core.throttling-2.0.2] startup
[6.712s] [ext: omni.flowusd-106.5.2] startup
2026-05-14 08:28:55 [6,708ms] [Warning] [omni.stageupdate.plugin] Deprecated: direct use of IStageUpdate callbacks is deprecated. Use IStageUpdate::getStageUpdate instead.
[6.723s] [ext: omni.kit.window.material_graph-1.8.19] startup
[6.736s] [ext: omni.syntheticdata-0.6.10] startup
[6.753s] [ext: omni.warp-1.5.0] startup
[6.767s] [ext: isaacsim.simulation_app-2.4.2] startup
[6.769s] [ext: isaacsim.robot_motion.lula-4.0.4] startup
[6.780s] [ext: omni.replicator.core-1.11.35] startup
2026-05-14 08:28:55 [6,922ms] [Warning] [omni.replicator.core.scripts.extension] No material configuration file, adding configuration to material settings directly.
[6.939s] [ext: omni.isaac.kit-2.0.3] startup
2026-05-14 08:28:55 [6,927ms] [Warning] [omni.isaac.kit] omni.isaac.kit has been deprecated in favor of isaacsim.simulation_app. Please update your code accordingly.
[6.940s] [ext: omni.isaac.lula-4.0.2] startup
2026-05-14 08:28:55 [6,929ms] [Warning] [omni.isaac.lula] omni.isaac.lula has been deprecated in favor of isaacsim.robot_motion.lula. Please update your code accordingly.
[6.942s] [ext: isaacsim.core.nodes-2.1.4] startup
[6.953s] [ext: isaacsim.robot_motion.motion_generation-8.0.6] startup
[6.985s] [ext: isaacsim.robot.surface_gripper-2.0.6] startup
[6.993s] [ext: omni.kit.selection-0.1.5] startup
[7.000s] [ext: isaacsim.robot_motion.lula_test_widget-1.0.5] startup
[7.012s] [ext: isaacsim.robot.manipulators-3.0.4] startup
[7.028s] [ext: isaacsim.gui.menu-2.0.9] startup
[7.058s] [ext: omni.isaac.lula_test_widget-1.0.2] startup
2026-05-14 08:28:55 [7,048ms] [Warning] [omni.isaac.lula_test_widget] omni.isaac.lula_test_widget has been deprecated in favor of isaacsim.robot_motion.lula_test_widget. Please update your code accordingly.
[7.061s] [ext: omni.isaac.manipulators-3.0.3] startup
2026-05-14 08:28:55 [7,051ms] [Warning] [omni.isaac.manipulators] omni.isaac.manipulators has been deprecated in favor of isaacsim.robot.manipulators. Please update your code accordingly.
2026-05-14 08:28:55 [7,052ms] [Warning] [omni.isaac.manipulators.controllers] omni.isaac.manipulators has been deprecated in favor of isaacsim.robot.manipulators. Please update your code accordingly.
2026-05-14 08:28:55 [7,054ms] [Warning] [omni.isaac.manipulators.controllers.pick_place_controller] omni.isaac.manipulators has been deprecated in favor of isaacsim.robot.manipulators. Please update your code accordingly.
2026-05-14 08:28:55 [7,055ms] [Warning] [omni.isaac.manipulators.controllers.stacking_controller] omni.isaac.manipulators has been deprecated in favor of isaacsim.robot.manipulators. Please update your code accordingly.
2026-05-14 08:28:55 [7,056ms] [Warning] [omni.isaac.manipulators.grippers] omni.isaac.manipulators has been deprecated in favor of isaacsim.robot.manipulators. Please update your code accordingly.
2026-05-14 08:28:55 [7,059ms] [Warning] [omni.isaac.manipulators.grippers.gripper] omni.isaac.manipulators has been deprecated in favor of isaacsim.robot.manipulators. Please update your code accordingly.
2026-05-14 08:28:55 [7,059ms] [Warning] [omni.isaac.manipulators.grippers.parallel_gripper] omni.isaac.manipulators has been deprecated in favor of isaacsim.robot.manipulators. Please update your code accordingly.
2026-05-14 08:28:55 [7,059ms] [Warning] [omni.isaac.manipulators.grippers.surface_gripper] omni.isaac.manipulators has been deprecated in favor of isaacsim.robot.manipulators. Please update your code accordingly.
2026-05-14 08:28:55 [7,060ms] [Warning] [omni.isaac.manipulators.manipulators] omni.isaac.manipulators has been deprecated in favor of isaacsim.robot.manipulators. Please update your code accordingly.
2026-05-14 08:28:55 [7,060ms] [Warning] [omni.isaac.manipulators.manipulators.single_manipulator] omni.isaac.manipulators has been deprecated in favor of isaacsim.robot.manipulators. Please update your code accordingly.
[7.074s] [ext: omni.isaac.menu-1.0.2] startup
2026-05-14 08:28:55 [7,067ms] [Warning] [omni.isaac.menu] omni.isaac.menu has been deprecated in favor of isaacsim.gui.menu. Please update your code accordingly.
[7.079s] [ext: isaacsim.util.debug_draw-2.0.2] startup
[7.087s] [ext: omni.isaac.motion_generation-8.0.2] startup
2026-05-14 08:28:55 [7,076ms] [Warning] [omni.isaac.motion_generation] omni.isaac.motion_generation has been deprecated in favor of isaacsim.robot_motion.motion_generation. Please update your code accordingly.
2026-05-14 08:28:55 [7,076ms] [Warning] [omni.isaac.motion_generation.articulation_kinematics_solver] omni.isaac.motion_generation has been deprecated in favor of isaacsim.robot_motion.motion_generation. Please update your code accordingly.
2026-05-14 08:28:55 [7,077ms] [Warning] [omni.isaac.motion_generation.articulation_motion_policy] omni.isaac.motion_generation has been deprecated in favor of isaacsim.robot_motion.motion_generation. Please update your code accordingly.
2026-05-14 08:28:55 [7,077ms] [Warning] [omni.isaac.motion_generation.articulation_trajectory] omni.isaac.motion_generation has been deprecated in favor of isaacsim.robot_motion.motion_generation. Please update your code accordingly.
2026-05-14 08:28:55 [7,077ms] [Warning] [omni.isaac.motion_generation.kinematics_interface] omni.isaac.motion_generation has been deprecated in favor of isaacsim.robot_motion.motion_generation. Please update your code accordingly.
2026-05-14 08:28:55 [7,078ms] [Warning] [omni.isaac.motion_generation.lula] omni.isaac.motion_generation has been deprecated in favor of isaacsim.robot_motion.motion_generation. Please update your code accordingly.
2026-05-14 08:28:55 [7,078ms] [Warning] [omni.isaac.motion_generation.lula.kinematics] omni.isaac.motion_generation has been deprecated in favor of isaacsim.robot_motion.motion_generation. Please update your code accordingly.
2026-05-14 08:28:55 [7,079ms] [Warning] [omni.isaac.motion_generation.lula.motion_policies] omni.isaac.motion_generation has been deprecated in favor of isaacsim.robot_motion.motion_generation. Please update your code accordingly.
2026-05-14 08:28:55 [7,080ms] [Warning] [omni.isaac.motion_generation.lula.path_planners] omni.isaac.motion_generation has been deprecated in favor of isaacsim.robot_motion.motion_generation. Please update your code accordingly.
2026-05-14 08:28:55 [7,080ms] [Warning] [omni.isaac.motion_generation.lula.trajectory_generator] omni.isaac.motion_generation has been deprecated in favor of isaacsim.robot_motion.motion_generation. Please update your code accordingly.
2026-05-14 08:28:55 [7,080ms] [Warning] [omni.isaac.motion_generation.motion_policy_controller] omni.isaac.motion_generation has been deprecated in favor of isaacsim.robot_motion.motion_generation. Please update your code accordingly.
2026-05-14 08:28:55 [7,081ms] [Warning] [omni.isaac.motion_generation.motion_policy_interface] omni.isaac.motion_generation has been deprecated in favor of isaacsim.robot_motion.motion_generation. Please update your code accordingly.
2026-05-14 08:28:55 [7,081ms] [Warning] [omni.isaac.motion_generation.path_planner_visualizer] omni.isaac.motion_generation has been deprecated in favor of isaacsim.robot_motion.motion_generation. Please update your code accordingly.
2026-05-14 08:28:55 [7,083ms] [Warning] [omni.isaac.motion_generation.path_planning_interface] omni.isaac.motion_generation has been deprecated in favor of isaacsim.robot_motion.motion_generation. Please update your code accordingly.
2026-05-14 08:28:55 [7,084ms] [Warning] [omni.isaac.motion_generation.trajectory] omni.isaac.motion_generation has been deprecated in favor of isaacsim.robot_motion.motion_generation. Please update your code accordingly.
2026-05-14 08:28:55 [7,084ms] [Warning] [omni.isaac.motion_generation.world_interface] omni.isaac.motion_generation has been deprecated in favor of isaacsim.robot_motion.motion_generation. Please update your code accordingly.
[7.097s] [ext: isaacsim.sensors.physics-0.3.5] startup
[7.109s] [ext: omni.sensors.nv.common-2.5.0-coreapi] startup
[7.128s] [ext: isaacsim.sensors.physx-2.2.4] startup
[7.143s] [ext: omni.isaac.nucleus-1.0.3] startup
2026-05-14 08:28:55 [7,136ms] [Warning] [omni.isaac.nucleus] omni.isaac.nucleus has been deprecated in favor of isaacsim.storage.native. Please update your code accordingly.
2026-05-14 08:28:55 [7,136ms] [Warning] [omni.isaac.nucleus.nucleus] omni.isaac.nucleus.nucleus has been deprecated in favor of isaacsim.storage.native. Please update your code accordingly.
[7.149s] [ext: isaacsim.robot.policy.examples-4.0.3] startup
[7.153s] [ext: omni.sensors.nv.materials-1.4.0-coreapi] startup
[7.161s] [ext: omni.isaac.range_sensor-4.0.2] startup
[7.165s] [ext: isaacsim.sensors.camera-0.2.9] startup
[7.173s] [ext: omni.isaac.quadruped-3.0.2] startup
2026-05-14 08:28:55 [7,163ms] [Warning] [omni.isaac.quadruped] omni.isaac.quadruped has been deprecated in favor of isaacsim.robot.policy.examples. Please update your code accordingly.
[7.175s] [ext: omni.sensors.nv.ids-1.4.0-coreapi] startup
[7.183s] [ext: omni.kit.menu.create-1.0.17] startup
[7.185s] [ext: omni.sensors.nv.wpm-2.4.0-coreapi] startup
[7.189s] [ext: omni.kit.manipulator.transform-106.0.1] startup
[7.193s] [ext: omni.kit.widget.toolbar-1.7.3] startup
[7.201s] [ext: omni.sensors.nv.radar-2.6.1-coreapi] startup
[7.211s] [ext: omni.sensors.tiled-0.0.6] startup
[7.215s] [ext: omni.sensors.nv.lidar-2.6.3-coreapi] startup
[7.224s] [ext: omni.kit.manipulator.tool.snap-1.5.12] startup
[7.229s] [ext: omni.kit.manipulator.selector-1.1.1] startup
[7.231s] [ext: isaacsim.sensors.rtx-13.6.3] startup
[7.239s] [ext: omni.isaac.core-4.0.3] startup
2026-05-14 08:28:55 [7,230ms] [Warning] [omni.isaac.core.physics_context.physics_context] omni.isaac.core.physics_context.physics_context has been deprecated in favor of isaacsim.core.api.physics_context.physics_context. Please update your code accordingly.
2026-05-14 08:28:55 [7,231ms] [Warning] [omni.isaac.core.simulation_context.simulation_context] omni.isaac.core.simulation_context.simulation_context has been deprecated in favor of isaacsim.core.api.simulation_context.simulation_context. Please update your code accordingly.
2026-05-14 08:28:55 [7,232ms] [Warning] [omni.isaac.core.world.world] omni.isaac.core.world.world has been deprecated in favor of isaacsim.core.api.world.world. Please update your code accordingly.
2026-05-14 08:28:55 [7,233ms] [Warning] [omni.isaac.core] omni.isaac.core has been deprecated in favor of isaacsim.core.api. Please update your code accordingly.
[7.245s] [ext: omni.kit.scripting-106.5.2] startup
[7.256s] [ext: omni.kit.viewport.manipulator.transform-107.0.4] startup
[7.258s] [ext: omni.isaac.sensor-13.0.3] startup
2026-05-14 08:28:55 [7,247ms] [Warning] [omni.isaac.sensor] omni.isaac.sensor has been deprecated in favor of isaacsim.sensors.camera, isaacsim.sensors.physics, isaacsim.sensors.physx, and isaacsim.sensors.rtx. Please update your code accordingly.
2026-05-14 08:28:55 [7,247ms] [Warning] [omni.isaac.sensor.camera] omni.isaac.sensor.camera has been deprecated in favor of isaacsim.sensors.camera.camera. Please update your code accordingly.
2026-05-14 08:28:55 [7,247ms] [Warning] [omni.isaac.sensor.camera_view] omni.isaac.sensor.camera_view has been deprecated in favor of isaacsim.sensors.camera.camera_view. Please update your code accordingly.
2026-05-14 08:28:55 [7,247ms] [Warning] [omni.isaac.sensor.commands] omni.isaac.sensor.commands has been deprecated in favor of isaacsim.sensors.physics.commands, isaacsim.sensors.physx.commands, and isaacsim.sensors.rtx.commands. Please update your code accordingly.
2026-05-14 08:28:55 [7,247ms] [Warning] [omni.isaac.sensor.contact_sensor] omni.isaac.sensor.contact_sensor has been deprecated in favor of isaacsim.sensors.physics.contact_sensor. Please update your code accordingly.
2026-05-14 08:28:55 [7,247ms] [Warning] [omni.isaac.sensor.imu_sensor] omni.isaac.sensor.imu_sensor has been deprecated in favor of isaacsim.sensors.physics.imu_sensor. Please update your code accordingly.
2026-05-14 08:28:55 [7,248ms] [Warning] [omni.isaac.sensor.lidar_rtx] omni.isaac.sensor.lidar_rtx has been deprecated in favor of isaacsim.sensors.rtx.lidar_rtx. Please update your code accordingly.
2026-05-14 08:28:55 [7,248ms] [Warning] [omni.isaac.sensor.rotating_lidar_physX] omni.isaac.sensor.imu_sensor has been deprecated in favor of isaacsim.sensors.physix.rotating_lidar_physX. Please update your code accordingly.
2026-05-14 08:28:55 [7,248ms] [Warning] [omni.isaac.sensor.scripts.samples.contact_sensor] omni.isaac.sensor.scripts.samples.contact_sensor has been deprecated in favor of isaacsim.sensors.physics.scripts.samples.contact_sensor. Please update your code accordingly.
2026-05-14 08:28:55 [7,248ms] [Warning] [omni.isaac.sensor.scripts.samples.imu_sensor] omni.isaac.sensor.scripts.samples.imu_sensor has been deprecated in favor of isaacsim.sensors.physics.scripts.samples.imu_sensor. Please update your code accordingly.
2026-05-14 08:28:55 [7,249ms] [Warning] [omni.isaac.sensor.scripts.samples.lightbeam_sensor] omni.isaac.sensor.scripts.samples.lightbeam_sensor has been deprecated in favor of isaacsim.sensors.physx.scripts.samples.lightbeam_sensor. Please update your code accordingly.
[7.261s] [ext: omni.isaac.surface_gripper-2.0.2] startup
2026-05-14 08:28:55 [7,251ms] [Warning] [omni.isaac.surface_gripper] omni.isaac.surface_gripper has been deprecated in favor of isaacsim.robot.surface_gripper. Please update your code accordingly.
[7.264s] [ext: omni.isaac.core_nodes-2.0.2] startup
2026-05-14 08:28:55 [7,258ms] [Warning] [omni.isaac.core_nodes] omni.isaac.core_nodes has been deprecated in favor of isaacsim.core.nodes. Please update your code accordingly.
[7.271s] [ext: isaacsim.replicator.behavior-1.0.8] startup
[7.273s] [ext: omni.kit.manipulator.prim.core-107.0.7] startup
[7.281s] [ext: omni.fabric.commands-1.1.5] startup
[7.284s] [ext: omni.kit.viewport.actions-107.0.0] startup
[7.289s] [ext: omni.kit.manipulator.prim.usd-107.0.3] startup
[7.291s] [ext: omni.kit.manipulator.prim.fabric-107.0.4] startup
[7.293s] [ext: isaacsim.app.about-2.0.7] startup
[7.295s] [ext: omni.kit.manipulator.selection-106.0.1] startup
[7.298s] [ext: omni.kit.viewport.menubar.display-107.0.3] startup
[7.299s] [ext: omni.kit.widget.layers-1.8.2] startup
[7.315s] [ext: omni.kit.manipulator.prim-107.0.0] startup
[7.315s] [ext: omni.debugdraw-0.1.3] startup
[7.321s] [ext: omni.isaac.window.about-2.0.2] startup
2026-05-14 08:28:55 [7,310ms] [Warning] [omni.isaac.window.about] omni.isaac.window.about has been deprecated in favor of isaacsim.app.about. Please update your code accordingly.
2026-05-14 08:28:55 [7,310ms] [Warning] [omni.isaac.window.about.about] omni.isaac.window.about.about has been deprecated in favor of isaacsim.app.about.about. Please update your code accordingly.
[7.323s] [ext: omni.kit.property.audio-1.0.16] startup
[7.325s] [ext: omni.physx.commands-106.5.7] startup
[7.328s] [ext: omni.usdphysics.ui-106.5.7] startup
[7.360s] [ext: omni.kit.property.camera-1.0.9] startup
[7.363s] [ext: omni.kit.property.geometry-1.3.3] startup
[7.367s] [ext: omni.kit.property.light-1.0.11] startup
[7.369s] [ext: omni.hydra.scene_api-0.1.2] startup
[7.377s] [ext: omni.physx.ui-106.5.7] startup
[7.412s] [ext: omni.kit.property.material-1.10.17] startup
[7.420s] [ext: omni.kit.property.render-1.1.3] startup
[7.422s] [ext: isaacsim.robot.manipulators.examples-1.0.3] startup
[7.424s] [ext: omni.kit.property.transform-1.5.10] startup
[7.429s] [ext: omni.physx.demos-106.5.7] startup
[7.450s] [ext: omni.kit.property.physx-106.5.7] startup
[7.491s] [ext: isaacsim.gui.property-1.0.4] startup
[7.494s] [ext: omni.isaac.franka-1.0.2] startup
2026-05-14 08:28:56 [7,483ms] [Warning] [omni.isaac.franka] omni.isaac.franka has been deprecated in favor of isaacsim.robot.manipulators.examples.franka. Please update your code accordingly.
2026-05-14 08:28:56 [7,483ms] [Warning] [omni.isaac.franka.franka] omni.isaac.franka has been deprecated in favor of isaacsim.robot.manipulators.examples.franka. Please update your code accordingly.
2026-05-14 08:28:56 [7,483ms] [Warning] [omni.isaac.franka.kinematics_solver] omni.isaac.franka has been deprecated in favor of isaacsim.robot.manipulators.examples.franka. Please update your code accordingly.
[7.496s] [ext: omni.kit.property.bundle-1.3.2] startup
[7.499s] [ext: omni.physx.vehicle-106.5.7] startup
[7.521s] [ext: omni.kit.property.isaac-1.0.2] startup
2026-05-14 08:28:56 [7,511ms] [Warning] [omni.kit.property.isaac] omni.kit.property.isaac has been deprecated in favor of isaacsim.gui.property. Please update your code accordingly.
2026-05-14 08:28:56 [7,511ms] [Warning] [omni.kit.property.isaac.widgets] omni.kit.property.isaac.widgets has been deprecated in favor of isaacsim.gui.property.widgets. Please update your code accordingly.
[7.524s] [ext: omni.kit.viewport.menubar.camera-107.0.2] startup
[7.530s] [ext: omni.kit.viewport.menubar.lighting-106.0.2] startup
[7.533s] [ext: omni.kit.viewport.menubar.render-107.0.8] startup
[7.537s] [ext: isaacsim.replicator.domain_randomization-1.0.2] startup
[7.540s] [ext: omni.physx.camera-106.5.7] startup
[7.556s] [ext: omni.kit.window.toolbar-1.6.2] startup
[7.562s] [ext: omni.physx.cct-106.5.7] startup
[7.577s] [ext: isaacsim.cortex.framework-1.0.2] startup
[7.579s] [ext: omni.isaac.universal_robots-1.0.2] startup
2026-05-14 08:28:56 [7,569ms] [Warning] [omni.isaac.universal_robots] omni.isaac.universal_robots has been deprecated in favor of isaacsim.robot.manipulators.examples.universal_robots. Please update your code accordingly.
2026-05-14 08:28:56 [7,569ms] [Warning] [omni.isaac.universal_robots.kinematics_solver] omni.isaac.franka has been deprecated in favor of isaacsim.robot.manipulators.examples.universal_robots. Please update your code accordingly.
2026-05-14 08:28:56 [7,572ms] [Warning] [omni.isaac.universal_robots.ur10] omni.isaac.franka has been deprecated in favor of isaacsim.robot.manipulators.examples.universal_robots. Please update your code accordingly.
[7.585s] [ext: isaacsim.replicator.writers-1.0.1] startup
[7.608s] [ext: omni.physx.graph-106.5.7] startup
[7.635s] [ext: omni.physx.supportui-106.5.7] startup
[7.660s] [ext: omni.isaac.utils-2.0.2] startup
[7.663s] [ext: omni.isaac.cortex-1.0.2] startup
2026-05-14 08:28:56 [7,651ms] [Warning] [omni.isaac.cortex] omni.isaac.cortex has been deprecated in favor of isaacsim.cortex.framework. Please update your code accordingly.
[7.664s] [ext: omni.physx.telemetry-106.5.7] startup
[7.668s] [ext: isaacsim.replicator.examples-1.1.2] startup
[7.672s] [ext: omni.kit.viewport.menubar.settings-107.0.3] startup
[7.683s] [ext: omni.kit.window.console-0.2.14] startup
[7.696s] [ext: omni.usd.metrics.assembler-106.5.0] startup
[7.710s] [ext: omni.kit.window.status_bar-0.1.7] startup
[7.715s] [ext: omni.physx.bundle-106.5.7] startup
[7.716s] [ext: omni.replicator.isaac-2.0.3] startup
2026-05-14 08:28:56 [7,704ms] [Warning] [omni.replicator.isaac] omni.replicator.isaac has been deprecated in favor of isaacsim.replicator.domain_randomization, isaacsim.replicator.examples, isaacsim.replicator.writers. Please update your code accordingly.
[7.717s] [ext: omni.replicator.replicator_yaml-2.0.10] startup
[7.721s] [ext: omni.rtx.settings.core-0.6.3] startup
[7.730s] [ext: omni.usd.metrics.assembler.ui-106.5.0] startup
[7.734s] [ext: isaacsim.robot.wheeled_robots-4.0.3] startup
[7.742s] [ext: isaacsim.cortex.behaviors-2.0.3] startup
[7.744s] [ext: omni.isaac.version-2.0.2] startup
2026-05-14 08:28:56 [7,734ms] [Warning] [omni.isaac.version] omni.isaac.version has been deprecated in favor of isaacsim.core.version. Please update your code accordingly.
[7.747s] [ext: semantics.schema.editor-0.3.10] startup
[7.754s] [ext: omni.kit.ui.actions-1.0.2] startup
[7.756s] [ext: semantics.schema.property-1.0.5] startup
[7.759s] [ext: omni.isaac.wheeled_robots-3.0.3] startup
2026-05-14 08:28:56 [7,749ms] [Warning] [omni.isaac.wheeled_robots] omni.isaac.wheeled_robots has been deprecated in favor of isaacsim.robot.wheeled_robots. Please update your code accordingly.
2026-05-14 08:28:56 [7,750ms] [Warning] [omni.isaac.wheeled_robots.controllers] omni.isaac.wheeled_robots has been deprecated in favor of isaacsim.robot.wheeled_robots. Please update your code accordingly.
2026-05-14 08:28:56 [7,751ms] [Warning] [omni.isaac.wheeled_robots.controllers.ackermann_controller] omni.isaac.wheeled_robots has been deprecated in favor of isaacsim.robot.wheeled_robots. Please update your code accordingly.
2026-05-14 08:28:56 [7,752ms] [Warning] [omni.isaac.wheeled_robots.controllers.differential_controller] omni.isaac.wheeled_robots has been deprecated in favor of isaacsim.robot.wheeled_robots. Please update your code accordingly.
2026-05-14 08:28:56 [7,752ms] [Warning] [omni.isaac.wheeled_robots.controllers.holonomic_controller] omni.isaac.wheeled_robots has been deprecated in favor of isaacsim.robot.wheeled_robots. Please update your code accordingly.
2026-05-14 08:28:56 [7,753ms] [Warning] [omni.isaac.wheeled_robots.controllers.quintic_path_planner] omni.isaac.wheeled_robots has been deprecated in favor of isaacsim.robot.wheeled_robots. Please update your code accordingly.
2026-05-14 08:28:56 [7,753ms] [Warning] [omni.isaac.wheeled_robots.controllers.stanley_control] omni.isaac.wheeled_robots has been deprecated in favor of isaacsim.robot.wheeled_robots. Please update your code accordingly.
2026-05-14 08:28:56 [7,754ms] [Warning] [omni.isaac.wheeled_robots.controllers.wheel_base_pose_controller] omni.isaac.wheeled_robots has been deprecated in favor of isaacsim.robot.wheeled_robots. Please update your code accordingly.
2026-05-14 08:28:56 [7,754ms] [Warning] [omni.isaac.wheeled_robots.impl] omni.isaac.wheeled_robots has been deprecated in favor of isaacsim.robot.wheeled_robots. Please update your code accordingly.
2026-05-14 08:28:56 [7,755ms] [Warning] [omni.isaac.wheeled_robots.robots] omni.isaac.wheeled_robots has been deprecated in favor of isaacsim.robot.wheeled_robots. Please update your code accordingly.
2026-05-14 08:28:56 [7,755ms] [Warning] [omni.isaac.wheeled_robots.robots.holonomic_robot_usd_setup] omni.isaac.wheeled_robots has been deprecated in favor of isaacsim.robot.wheeled_robots. Please update your code accordingly.
2026-05-14 08:28:56 [7,756ms] [Warning] [omni.isaac.wheeled_robots.robots.wheeled_robot] omni.isaac.wheeled_robots has been deprecated in favor of isaacsim.robot.wheeled_robots. Please update your code accordingly.
[7.768s] [ext: omni.isaac.cortex.sample_behaviors-2.0.2] startup
2026-05-14 08:28:56 [7,758ms] [Warning] [omni.isaac.cortex.sample_behaviors] omni.isaac.cortex.sample_behaviors has been deprecated in favor of isaacsim.cortex.behaviors. Please update your code accordingly.
[7.771s] [ext: omni.anim.curve.core-1.2.0] startup
[7.788s] [ext: isaacsim.asset.importer.mjcf-2.3.3] startup
[7.797s] [ext: omni.kit.menu.common-1.1.9] startup
[7.800s] [ext: isaacsim.exp.base-4.5.0] startup
[7.801s] [ext: omnigibson_4_5_0-1.5.0] startup
[7.802s] Simulation App Starting
[8.103s] app ready
2026-05-14 08:28:56 [8,119ms] [Warning] [rtx.scenedb.plugin] SceneDbContext : TLAS limit buffer size 7508933632
2026-05-14 08:28:56 [8,119ms] [Warning] [rtx.scenedb.plugin] SceneDbContext : TLAS limit : valid false, within: false
2026-05-14 08:28:56 [8,119ms] [Warning] [rtx.scenedb.plugin] SceneDbContext : TLAS limit : decrement: 167690, decrement size: 7433845248
2026-05-14 08:28:56 [8,119ms] [Warning] [rtx.scenedb.plugin] SceneDbContext : New limit 9574251 (slope: 447, intercept: 13179904)
2026-05-14 08:28:56 [8,119ms] [Warning] [rtx.scenedb.plugin] SceneDbContext : TLAS limit buffer size 4287216384
2026-05-14 08:28:56 [8,119ms] [Warning] [rtx.scenedb.plugin] SceneDbContext : TLAS limit : valid true, within: true
[0m[00:00:20.170] [INFO] [omnigibson.simulator] ---------- Welcome to OmniGibson! ----------[0m
[0m[00:04:38.847] [INFO] [omnigibson.simulator] Imported scene 0.[0m
Starting kit application with the following args:  ['/home/yininghong/miniconda3/envs/behavior/lib/python3.10/site-packages/isaacsim/exts/isaacsim.simulation_app/isaacsim/simulation_app/simulation_app.py', '/home/yininghong/miniconda3/envs/behavior/lib/python3.10/site-packages/isaacsim/apps/omnigibson_4_5_0.kit', '--/app/tokens/exe-path=/home/yininghong/miniconda3/envs/behavior/lib/python3.10/site-packages/omni', '--/persistent/app/viewport/displayOptions=3094', '--/rtx/materialDb/syncLoads=True', '--/rtx/hydra/materialSyncLoads=True', '--/omni.kit.plugin/syncUsdLoads=True', '--/app/renderer/resolution/width=1280', '--/app/renderer/resolution/height=720', '--/app/window/width=1440', '--/app/window/height=900', '--/renderer/multiGpu/enabled=False', '--/app/fastShutdown=True', '--/app/installSignalHandlers=0', '--ext-folder', '/home/yininghong/miniconda3/envs/behavior/lib/python3.10/site-packages/isaacsim/exts', '--ext-folder', '/home/yininghong/miniconda3/envs/behavior/lib/python3.10/site-packages/isaacsim/apps', '--/physics/cudaDevice=0', '--portable']
Passing the following args to the base kit application:  ['--task', 'cognitivemap', '--metadata', 'json-tmp/cognitivemap/Topological Connectivity/Wainscott_0_garden/full_scene/q_003.json', '--output', 'outputs/qualitative_task_demo/videos/cognitivemap_topological_connectivity_wainscott_0_garden_q003.mp4', '--motion', 'task-demo', '--frames', '300', '--fps', '30']
Warp 1.5.0 initialized:
   CUDA Toolkit 11.8, Driver 13.0
   Devices:
     "cpu"      : "x86_64"
     "cuda:0"   : "NVIDIA GeForce RTX 3080 Ti" (12 GiB, sm_86, mempool enabled)
   Kernel cache:
     /home/yininghong/.cache/warp/1.5.0

                   ____________
                  /          / \
                 /          / /__
                /          / /  /\
               /__________/ /__/  \
               \   _____  \ \__\  /
                \  \  / \  \ \_/ /
                 \  \/___\  \   /
                  \__________\_/  
       ___                  _  ____ _ _                     
      / _ \ _ __ ___  _ __ (_)/ ___(_) |__  ___  ___  _ __  
     | | | | '_ ` _ \| '_ \| | |  _| | '_ \/ __|/ _ \| '_ \ 
     | |_| | | | | | | | | | | |_| | | |_) \__ \ (_) | | | |
      \___/|_| |_| |_|_| |_|_|\____|_|_.__/|___/\___/|_| |_|

[record_scene_video] environment loaded
[record_scene_video] removed doorlike objects=9/9 failed=0
[record_scene_video] opened doors=0
[record_scene_video] settled 30 steps
[record_scene_video] running task setup for task=cognitivemap
[record_scene_video] task setup complete
[record_scene_video] cognitivemap-path points=9 start=[2.45, 0.45, 1.35] end=[9.45, -1.55, 1.35]
[record_scene_video] setting initial viewer camera
[record_scene_video] capturing first frame
[record_scene_video] first frame captured shape=(720, 1280, 3)
2026-05-14 08:28:56 [8,246ms] [Warning] [omni.usd-abi.plugin] No setting was found for '/rtx-defaults-transient/meshlights/forceDisable'
2026-05-14 08:28:56 [8,302ms] [Warning] [omni.usd-abi.plugin] No setting was found for '/rtx-defaults/post/dlss/execMode'
[11.912s] Simulation App Startup Complete
2026-05-14 08:29:04 [15,760ms] [Warning] [omni.syntheticdata.plugin] OgnSdPostRenderVarToHost : rendervar copy from texture directly to host buffer is counter-performant. Please use copy from texture to device buffer first.
2026-05-14 08:29:04 [15,797ms] [Warning] [omni.fabric.plugin] removePath called on non-existent path /Render/OmniverseKit/HydraTextures/Replicator/PostRender/SDGPipeline/Replicator_GpuInteropEntry 

2026-05-14 08:29:47 [59,136ms] [Warning] [carb.imaging.plugin] Could not find suitable channels to load in EXR File. The first four channels will be loaded.
2026-05-14 08:33:06 [257,912ms] [Warning] [omni.syntheticdata.plugin] SdRenderVarPtr missing valid input renderVar LdrColorSDhost
2026-05-14 08:33:28 [280,111ms] [Warning] [omni.physx.tensors.plugin] prim '/World/scene_0/door_lvgliq_0/base_link/collisions/lvgliq__base_link__collision__0' was deleted while being used by a shape in a tensor view class. The physics.tensors simulationView was invalidated.
2026-05-14 08:33:30 [281,788ms] [Warning] [omni.physx.tensors.plugin] prim '/World/scene_0/door_lvgliq_1/base_link/collisions/lvgliq__base_link__collision__0' was deleted while being used by a shape in a tensor view class. The physics.tensors simulationView was invalidated.
2026-05-14 08:33:32 [283,491ms] [Warning] [omni.physx.tensors.plugin] prim '/World/scene_0/door_lvgliq_2/base_link/collisions/lvgliq__base_link__collision__0' was deleted while being used by a shape in a tensor view class. The physics.tensors simulationView was invalidated.
2026-05-14 08:33:33 [285,120ms] [Warning] [omni.physx.tensors.plugin] prim '/World/scene_0/door_lvgliq_3/base_link/collisions/lvgliq__base_link__collision__0' was deleted while being used by a shape in a tensor view class. The physics.tensors simulationView was invalidated.
2026-05-14 08:33:35 [286,812ms] [Warning] [omni.physx.tensors.plugin] prim '/World/scene_0/door_lvgliq_4/base_link/collisions/lvgliq__base_link__collision__0' was deleted while being used by a shape in a tensor view class. The physics.tensors simulationView was invalidated.
2026-05-14 08:33:37 [288,438ms] [Warning] [omni.physx.tensors.plugin] prim '/World/scene_0/door_lvgliq_5/base_link/collisions/lvgliq__base_link__collision__0' was deleted while being used by a shape in a tensor view class. The physics.tensors simulationView was invalidated.
2026-05-14 08:33:38 [290,076ms] [Warning] [omni.physx.tensors.plugin] prim '/World/scene_0/door_myihfn_0/base_link/collisions/myihfn__base_link__collision__0' was deleted while being used by a shape in a tensor view class. The physics.tensors simulationView was invalidated.
2026-05-14 08:33:40 [291,879ms] [Warning] [omni.physx.tensors.plugin] prim '/World/scene_0/door_pzgdls_0/base_link/collisions/pzgdls__base_link__collision__0' was deleted while being used by a shape in a tensor view class. The physics.tensors simulationView was invalidated.
2026-05-14 08:33:42 [293,524ms] [Warning] [omni.physx.tensors.plugin] prim '/World/scene_0/door_zniqtp_0/base_link/collisions/zniqtp__base_link__collision__0' was deleted while being used by a shape in a tensor view class. The physics.tensors simulationView was invalidated.
2026-05-14 08:34:12 [323,405ms] [Warning] [carb] Plugin interface for a client: omni.hydratexture.plugin was already released.
[323.951s] Simulation App Shutting Down
